W/ResourcesManager(30722): Asset path '/system/framework/com.android.media.remotedisplay.jar' does not exist or contains no resources.
W/ResourcesManager(30722): Asset path '/system/framework/com.android.location.provider.jar' does not exist or contains no resources.
W/ResourcesManager( 1295): Asset path '/system/framework/com.google.android.media.effects.jar' does not exist or contains no resources.
I/SFPerfTracer(  226):      triggers: (rate: 0:185) (93492 sw vsyncs) (0 skipped) (17:3536917 vsyncs) (19:4338455)
V/AlarmManager(  908): sending alarm {23f6d3 type 2 *walarm*:com.facebook.rti.b.e.i.ACTION_INEXACT_ALARM.FBNS.com.instagram.android}
V/AlarmManager(  908): done {23f6d3, *walarm*:com.facebook.rti.b.e.i.ACTION_INEXACT_ALARM.FBNS.com.instagram.android} [14ms]
V/AlarmManager(  908): sending alarm {2cdb0dd6 type 2 *walarm*:com.motorola.slpc.ALARM_MODALITY}
V/AlarmManager(  908): done {2cdb0dd6, *walarm*:com.motorola.slpc.ALARM_MODALITY} [14ms]
I/SFPerfTracer(  226):      triggers: (rate: 2292:53518) (compose: 0:72) (post: 0:614) (render: 0:543) (11:901200 frames) (12:1267092)
D/SFPerfTracer(  226):        layers: (4:11) (FocusedStackFrame (0xb65a1000): 0:4768)* (DimLayer (0xb660c000): 0:280)* (DimLayer (0xb6614000): 0:12)* (DimLayer (0xb66a9000): 0:3346)* (DimLayer (0xb65ff000): 0:1293)* (StatusBar (0xb6616000): 1:176981) (com.android.systemui.ImageWallpaper (0xb6606000): 0:3817)* (NavigationBar (0xb660e000): 0:240) (com.android.launcher/com.android.launcher2.Launcher (0xb6608000): 0:7) (Application Error: br.com.procempa.mapaOffline (0xb6604000): 0:60)- (Heads Up (0xb6604000): 11:27) 
D/ConnectivityService(  908): updateNetworkScore for NetworkAgentInfo [WIFI () - 212] to 56
D/ConnectivityService(  908): rematching NetworkAgentInfo [WIFI () - 212]
D/ConnectivityService(  908): Network NetworkAgentInfo [WIFI () - 212] was already satisfying request 1. No change.
D/ConnectivityService(  908): notifyType AVAILABLE for NetworkAgentInfo [WIFI () - 212]
V/AlarmManager(  908): sending alarm {19e72efe type 3 *alarm*:android.intent.action.TIME_TICK}
V/AlarmManager(  908): done {19e72efe, *alarm*:android.intent.action.TIME_TICK} [79ms]
D/ConnectivityService(  908): updateNetworkScore for NetworkAgentInfo [WIFI () - 212] to 60
D/ConnectivityService(  908): rematching NetworkAgentInfo [WIFI () - 212]
D/ConnectivityService(  908): Network NetworkAgentInfo [WIFI () - 212] was already satisfying request 1. No change.
D/ConnectivityService(  908): notifyType AVAILABLE for NetworkAgentInfo [WIFI () - 212]
V/AlarmManager(  908): sending alarm {3348673e type 2 *walarm*:android.net.wifi.DHCP_RENEW}
V/AlarmManager(  908): done {3348673e, *walarm*:android.net.wifi.DHCP_RENEW} [2ms]
D/WifiP2pService(  908): InactiveState{ when=0 what=143375 arg1=1 arg2=196615 obj=DhcpStateMachine:
D/WifiP2pService(  908):  total records=400
D/WifiP2pService(  908):  rec[0]: time=02-04 19:14:11.620 processed=RunningState org=RunningState dest=WaitBeforeRenewalState what=196611(0x30003)
D/WifiP2pService(  908):  rec[1]: time=02-04 19:14:13.055 processed=WaitBeforeRenewalState org=WaitBeforeRenewalState dest=RunningState what=196615(0x30007)
D/WifiP2pService(  908):  rec[2]: time=02-04 19:16:37.056 processed=RunningState org=RunningState dest=WaitBeforeRenewalState what=196611(0x30003)
D/WifiP2pService(  908):  rec[3]: time=02-04 19:16:38.518 processed=WaitBeforeRenewalState org=WaitBeforeRenewalState dest=RunningState what=196615(0x30007)
D/WifiP2pService(  908):  rec[4]: time=02-04 19:32:38.066 processed=RunningState org=RunningState dest=StoppedState what=196610(0x30002)
D/WifiP2pService(  908):  rec[5]: time=02-04 19:32:38.066 processed=StoppedState org=StoppedState dest=<null> what=196610(0x30002)
D/WifiP2pService(  908):  rec[6]: time=02-04 19:32:39.614 processed=StoppedState org=StoppedState dest=WaitBeforeStartState what=196609(0x30001)
D/WifiP2pService(  908):  rec[7]: time=02-04 19:32:41.451 processed=WaitBeforeStartState org=WaitBeforeStartState dest=RunningState what=196615(0x30007)
D/WifiP2pService(  908):  rec[8]: time=02-05 07:36:52.901 processed=RunningState org=RunningState dest=StoppedState what=196610(0x30002)
D/WifiP2pService(  908):  rec[9]: time=02-05 07:46:27.329 processed=StoppedState org=StoppedState dest=WaitBeforeStartState what=196609(0x30001)
D/WifiP2pService(  908):  rec[10]: time=02-05 07:46:38.061 processed=WaitBeforeStartState org=WaitBeforeStartState dest=RunningState what=196615(0x30007)
D/WifiP2pService(  908):  rec[11]: time=02-05 07:55:28.734 processed=RunningState org=RunningState dest=StoppedState what=196610(0x30002)
D/WifiP2pService(  908):  rec[12]: time=02-05 08:04:39.568 processed=StoppedState org=StoppedState dest=WaitBeforeStartState what=196609(0x30001)
D/WifiP2pService(  908):  rec[13]: time=02-05 08:04:40.424 processed=WaitBeforeStartState org=WaitBeforeStartState dest=RunningState what=196615(0x30007)
D/WifiP2pService(  908):  rec[14]: time=02-05 08:10:07.504 processed=RunningState org=RunningState dest=StoppedState what=196610(0x30002)
D/WifiP2pService(  908):  rec[15]: time=02-05 08:10:18.145 processed=StoppedState org=StoppedState dest=WaitBeforeStartState what=196609(0x30001)
D/WifiP2pService(  908):  rec[16]: time=02-05 08:10:19.011 processed=WaitBeforeStartState org=WaitBeforeStartState dest=RunningState what=196615(0x30007)
D/WifiP2pService(  908):  rec[17]: time=02-05 08:24:43.031 processed=RunningState org=RunningState dest=WaitBeforeRenewalState what=196611(0x30003)
D/WifiP2pService(  908):  rec[18]: time=02-05 08:24:43.498 processed=WaitBeforeRenewalState org=WaitBeforeRenewalState dest=RunningState what=196615(0x30007)
D/WifiP2pService(  908):  rec[19]: time=02-05 08:39:07.501 processed=RunningState org=RunningState dest=WaitBeforeRenewalState what=196611(0x30003)
D/WifiP2pService(  908): curState=WaitBeforeRenewalState
D/WifiP2pService(  908):  target=com.android.internal.util.StateMachine$SmHandler }
D/WifiP2pService(  908): P2pEnabledState{ when=-3ms what=143375 arg1=1 arg2=196615 obj=DhcpStateMachine:
D/WifiP2pService(  908):  total records=400
D/WifiP2pService(  908):  rec[0]: time=02-04 19:14:11.620 processed=RunningState org=RunningState dest=WaitBeforeRenewalState what=196611(0x30003)
D/WifiP2pService(  908):  rec[1]: time=02-04 19:14:13.055 processed=WaitBeforeRenewalState org=WaitBeforeRenewalState dest=RunningState what=196615(0x30007)
D/WifiP2pService(  908):  rec[2]: time=02-04 19:16:37.056 processed=RunningState org=RunningState dest=WaitBeforeRenewalState what=196611(0x30003)
D/WifiP2pService(  908):  rec[3]: time=02-04 19:16:38.518 processed=WaitBeforeRenewalState org=WaitBeforeRenewalState dest=RunningState what=196615(0x30007)
D/WifiP2pService(  908):  rec[4]: time=02-04 19:32:38.066 processed=RunningState org=RunningState dest=StoppedState what=196610(0x30002)
D/WifiP2pService(  908):  rec[5]: time=02-04 19:32:38.066 processed=StoppedState org=StoppedState dest=<null> what=196610(0x30002)
D/WifiP2pService(  908):  rec[6]: time=02-04 19:32:39.614 processed=StoppedState org=StoppedState dest=WaitBeforeStartState what=196609(0x30001)
D/WifiP2pService(  908):  rec[7]: time=02-04 19:32:41.451 processed=WaitBeforeStartState org=WaitBeforeStartState dest=RunningState what=196615(0x30007)
D/WifiP2pService(  908):  rec[8]: time=02-05 07:36:52.901 processed=RunningState org=RunningState dest=StoppedState what=196610(0x30002)
D/WifiP2pService(  908):  rec[9]: time=02-05 07:46:27.329 processed=StoppedState org=StoppedState dest=WaitBeforeStartState what=196609(0x30001)
D/WifiP2pService(  908):  rec[10]: time=02-05 07:46:38.061 processed=WaitBeforeStartState org=WaitBeforeStartState dest=RunningState what=196615(0x30007)
D/WifiP2pService(  908):  rec[11]: time=02-05 07:55:28.734 processed=RunningState org=RunningState dest=StoppedState what=196610(0x30002)
D/WifiP2pService(  908):  rec[12]: time=02-05 08:04:39.568 processed=StoppedState org=StoppedState dest=WaitBeforeStartState what=196609(0x30001)
D/WifiP2pService(  908):  rec[13]: time=02-05 08:04:40.424 processed=WaitBeforeStartState org=WaitBeforeStartState dest=RunningState what=196615(0x30007)
D/WifiP2pService(  908):  rec[14]: time=02-05 08:10:07.504 processed=RunningState org=RunningState dest=StoppedState what=196610(0x30002)
D/WifiP2pService(  908):  rec[15]: time=02-05 08:10:18.145 processed=StoppedState org=StoppedState dest=WaitBeforeStartState what=196609(0x30001)
D/WifiP2pService(  908):  rec[16]: time=02-05 08:10:19.011 processed=WaitBeforeStartState org=WaitBeforeStartState dest=RunningState what=196615(0x30007)
D/WifiP2pService(  908):  rec[17]: time=02-05 08:24:43.031 processed=RunningState org=RunningState dest=WaitBeforeRenewalState what=196611(0x30003)
D/WifiP2pService(  908):  rec[18]: time=02-05 08:24:43.498 processed=WaitBeforeRenewalState org=WaitBeforeRenewalState dest=RunningState what=196615(0x30007)
D/WifiP2pService(  908):  rec[19]: time=02-05 08:39:07.501 processed=RunningState org=RunningState dest=WaitBeforeRenewalState what=196611(0x30003)
D/WifiP2pService(  908): curState=WaitBeforeRenewalState
D/WifiP2pService(  908):  target=com.android.internal.util.StateMachine$SmHandler }
D/WifiP2pService(  908): InactiveState{ when=-1ms what=143375 target=com.android.internal.util.StateMachine$SmHandler }
D/WifiP2pService(  908): P2pEnabledState{ when=-1ms what=143375 target=com.android.internal.util.StateMachine$SmHandler }
D/ConnectivityService(  908): UpdateTcpBufferSizes: same sizes as current, ignore operation
D/ConnectivityService(  908): NetworkAgentInfo [WIFI () - 212] EVENT_NETWORK_INFO_CHANGED, going from CONNECTED to CONNECTING
D/ConnectivityService(  908): NetworkAgentInfo [WIFI () - 212] EVENT_NETWORK_INFO_CHANGED, going from CONNECTING to CONNECTED
D/ConnectivityService(  908): updateNetworkScore for NetworkAgentInfo [WIFI () - 212] to 56
D/ConnectivityService(  908): rematching NetworkAgentInfo [WIFI () - 212]
D/ConnectivityService(  908): Network NetworkAgentInfo [WIFI () - 212] was already satisfying request 1. No change.
D/ConnectivityService(  908): notifyType AVAILABLE for NetworkAgentInfo [WIFI () - 212]
V/AlarmManager(  908): sending alarm {340445f2 type 0 *walarm*:com.google.android.gms.icing.INDEX_ONETIME_MAINTENANCE}
V/AlarmManager(  908): done {340445f2, *walarm*:com.google.android.gms.icing.INDEX_ONETIME_MAINTENANCE} [53ms]
I/SFPerfTracer(  226):      triggers: (rate: 0:185) (93492 sw vsyncs) (0 skipped) (0:3536935 vsyncs) (1:4338556)
D/ConnectivityService(  908): updateNetworkScore for NetworkAgentInfo [WIFI () - 212] to 60
D/ConnectivityService(  908): rematching NetworkAgentInfo [WIFI () - 212]
D/ConnectivityService(  908): Network NetworkAgentInfo [WIFI () - 212] was already satisfying request 1. No change.
D/ConnectivityService(  908): notifyType AVAILABLE for NetworkAgentInfo [WIFI () - 212]
V/AlarmManager(  908): sending alarm {3b539465 type 2 *walarm*:com.whatsapp.messaging.MessageService.CLIENT_PINGER_ACTION}
V/AlarmManager(  908): sending alarm {122d4f2d type 3 *alarm*:com.google.android.gms/.lockbox.LockboxAlarmReceiver}
V/AlarmManager(  908): done {3b539465, *walarm*:com.whatsapp.messaging.MessageService.CLIENT_PINGER_ACTION} [4ms]
V/AlarmManager(  908): done {122d4f2d, *alarm*:com.google.android.gms/.lockbox.LockboxAlarmReceiver} [9ms]
V/AlarmManager(  908): sending alarm {32a3122c type 0 *walarm*:com.google.android.googlequicksearchbox/com.google.android.apps.gsa.tasks.VelvetBackgroundTasksService}
V/AlarmManager(  908): done {32a3122c, *walarm*:com.google.android.googlequicksearchbox/com.google.android.apps.gsa.tasks.VelvetBackgroundTasksService} [9ms]
D/ConnectivityService(  908): updateNetworkScore for NetworkAgentInfo [WIFI () - 212] to 56
D/ConnectivityService(  908): rematching NetworkAgentInfo [WIFI () - 212]
D/ConnectivityService(  908): Network NetworkAgentInfo [WIFI () - 212] was already satisfying request 1. No change.
D/ConnectivityService(  908): notifyType AVAILABLE for NetworkAgentInfo [WIFI () - 212]
D/DefContainer(30222): Copying /data/local/tmp/android-debug.apk to base.apk
D/ConnectivityService(  908): updateNetworkScore for NetworkAgentInfo [WIFI () - 212] to 60
D/ConnectivityService(  908): rematching NetworkAgentInfo [WIFI () - 212]
D/ConnectivityService(  908): Network NetworkAgentInfo [WIFI () - 212] was already satisfying request 1. No change.
D/ConnectivityService(  908): notifyType AVAILABLE for NetworkAgentInfo [WIFI () - 212]
D/PackageManager(  908): Renaming /data/app/vmdl1796816867.tmp to /data/app/br.com.procempa.mapaOffline-2
I/ActivityManager(  908): Force stopping br.com.procempa.mapaOffline appid=10174 user=-1: uninstall pkg
I/PackageManager(  908): Package br.com.procempa.mapaOffline codePath changed from /data/app/br.com.procempa.mapaOffline-1 to /data/app/br.com.procempa.mapaOffline-2; Retaining data and using new
I/ActivityManager(  908): Force stopping br.com.procempa.mapaOffline appid=10174 user=-1: update pkg
W/PackageManager(  908): Code path for pkg : br.com.procempa.mapaOffline changing from /data/app/br.com.procempa.mapaOffline-1 to /data/app/br.com.procempa.mapaOffline-2
W/PackageManager(  908): Resource path for pkg : br.com.procempa.mapaOffline changing from /data/app/br.com.procempa.mapaOffline-1 to /data/app/br.com.procempa.mapaOffline-2
I/ActivityManager(  908): Force stopping br.com.procempa.mapaOffline appid=10174 user=0: pkg removed
D/ConnectivityService(  908): updateNetworkScore for NetworkAgentInfo [WIFI () - 212] to 56
D/ConnectivityService(  908): rematching NetworkAgentInfo [WIFI () - 212]
D/ConnectivityService(  908): Network NetworkAgentInfo [WIFI () - 212] was already satisfying request 1. No change.
D/ConnectivityService(  908): notifyType AVAILABLE for NetworkAgentInfo [WIFI () - 212]
W/ContextImpl(30280): Calling a method in the system process without a qualified user: android.app.ContextImpl.startService:1831 android.content.ContextWrapper.startService:516 android.content.ContextWrapper.startService:516 com.android.keychain.KeyChainBroadcastReceiver.onReceive:12 android.app.ActivityThread.handleReceiver:2639 
D/JobSchedulerService(  908): Receieved: android.intent.action.PACKAGE_REMOVED
D/BackupManagerService(  908): Received broadcast Intent { act=android.intent.action.PACKAGE_REMOVED dat=package:br.com.procempa.mapaOffline flg=0x4000010 (has extras) }
D/BackupManagerService(  908): Received broadcast Intent { act=android.intent.action.PACKAGE_ADDED dat=package:br.com.procempa.mapaOffline flg=0x4000010 (has extras) }
W/BackupManagerService(  908): Removing schedule queue dupe of br.com.procempa.mapaOffline
W/ResourcesManager( 1498): Asset path '/system/framework/com.motorola.android.encryption.jar' does not exist or contains no resources.
W/ResourcesManager( 1498): Asset path '/system/framework/com.motorola.gallery' does not exist or contains no resources.
W/ResourcesManager( 1498): Asset path '/system/framework/com.google.android.media.effects.jar' does not exist or contains no resources.
W/ResourcesManager( 1498): Asset path '/system/framework/com.motorola.frameworks.core.addon.jar' does not exist or contains no resources.
W/ResourcesManager( 1498): Asset path '/system/framework/com.google.android.media.effects.jar' does not exist or contains no resources.
W/ResourcesManager( 1498): Asset path '/system/framework/com.google.android.maps.jar' does not exist or contains no resources.
W/ResourcesManager( 1498): Asset path '/system/framework/com.google.android.maps.jar' does not exist or contains no resources.
W/ResourcesManager( 1498): Asset path '/system/framework/com.google.android.maps.jar' does not exist or contains no resources.
V/WindowManager(  908): Adding window Window{3e093b73 u0 AtchDlg:com.android.launcher/com.android.launcher2.Launcher} at 6 of 12 (after Window{13441ca8 u0 com.android.launcher/com.android.launcher2.Launcher})
I/SFPerfTracer(  226):      triggers: (rate: 0:185) (93492 sw vsyncs) (0 skipped) (30:3536965 vsyncs) (32:4338663)
I/ActivityManager(  908): START u0 {act=android.intent.action.MAIN flg=0x10000000 cmp=br.com.procempa.mapaOffline/.MainActivity} from uid 2000 on display 0
V/WindowManager(  908): addAppToken: AppWindowToken{1c220465 token=Token{22e9195c ActivityRecord{18321bcf u0 br.com.procempa.mapaOffline/.MainActivity t402}}} to stack=1 task=402 at 0
V/WindowManager(  908): Adding window Window{d870b06 u0 Starting br.com.procempa.mapaOffline} at 7 of 13 (after Window{5414079 u0 com.whatsapp/com.whatsapp.Conversation})
I/ActivityManager(  908): Start proc 4677:br.com.procempa.mapaOffline/u0a174 for activity br.com.procempa.mapaOffline/.MainActivity
D/ConnectivityService(  908): updateNetworkScore for NetworkAgentInfo [WIFI () - 212] to 60
D/ConnectivityService(  908): rematching NetworkAgentInfo [WIFI () - 212]
D/ConnectivityService(  908): Network NetworkAgentInfo [WIFI () - 212] was already satisfying request 1. No change.
D/ConnectivityService(  908): notifyType AVAILABLE for NetworkAgentInfo [WIFI () - 212]
V/WindowManager(  908): Adding window Window{1e9b789a u0 br.com.procempa.mapaOffline/br.com.procempa.mapaOffline.MainActivity} at 7 of 14 (before Window{d870b06 u0 Starting br.com.procempa.mapaOffline})
I/SFPerfTracer(  226):      triggers: (rate: 2292:53522) (compose: 0:72) (post: 0:614) (render: 0:543) (3:901258 frames) (4:1267194)
D/SFPerfTracer(  226):        layers: (4:12) (FocusedStackFrame (0xb65a1000): 1:4772)* (DimLayer (0xb660c000): 0:280)* (DimLayer (0xb6614000): 0:12)* (DimLayer (0xb66a9000): 0:3346)* (DimLayer (0xb65ff000): 1:1296) (StatusBar (0xb6616000): 0:177013) (com.android.systemui.ImageWallpaper (0xb6606000): 0:3819)* (NavigationBar (0xb660e000): 0:240) (com.android.launcher/com.android.launcher2.Launcher (0xb6608000): 0:13)- (Heads Up (0xb6604000): 0:28)- (AtchDlg:com.android.launcher/com.android.launcher2.Launcher (0xb6604000): 0:43)- (Starting br.com.procempa.mapaOffline (0xb66a0000): 4:21) 
I/LaunchCheckinHandler(  908): Displayed br.com.procempa.mapaOffline/.MainActivity,cp,ca,834
V/WindowStateAnimator(  908): windowAnimating in WindowStateAnimator{f2e8dc0 Starting br.com.procempa.mapaOffline}
D/TaskPersister(  908): removeObsoleteFile: deleting file=401_task.xml
D/TaskPersister(  908): removeObsoleteFile: deleting file=401_task_thumbnail.png
I/SFPerfTracer(  226):      triggers: (rate: 0:185) (93492 sw vsyncs) (0 skipped) (151:3537181 vsyncs) (153:4338888)
W/logd    ( 4778): Dropped >= 255
F/google-breakpad( 4778): -----BEGIN BREAKPAD MICRODUMP-----
F/google-breakpad( 4778): V WebView:47.0.2526.100
F/google-breakpad( 4778): O A arm 02 armv7l motorola/ghost_retbr/ghost:5.1/LPA23.12-21.7/5:user/release-keys
F/google-breakpad( 4778): G OpenGL ES 3.0 V@84.0 AU@05.00.02.006.020 (CL@)|Qualcomm|Adreno (TM) 320
F/google-breakpad( 4778): S 0 A01FF530 A01FF000 00001000
F/google-breakpad( 4778): S A01FF000 0100000050F01FA010F01FA071C8E0B655F01FA00100000056F01FA00200000060F01FA008000000EC943C9E0100000094F01FA001000000F0D67BB404000000F4F01FA01D00000014F51FA00000000020F586B400009112F37BB456C6BDC027F37BB456C6BDC02704FEE7B65010E1B61D0000000000000089C7E0B604FEE7B620F586B4006CDAAF01000000E9CAE0B60802FFFF07000000FF03000094F01FA001000000F0D67BB404000000F4F01FA01D00000064F01FA040F11FA0490000002C951970B3D374B404FEE7B6B8F21FA028F11FA00850F2CE04FEE7B6F4F01FA0F0D67BB40700000000000000DBCCE0B614F51FA06172742F72756E74696D652F72756E74696D652E63633A3331345D2000206174206A6176612E6C616E672E5468726561642E72756E285468726561642E6A6176613A38313829007224576F726B65722E72756E28546872656164506F6F6C4578656375746F722E6A6176613A35383729002900613A353034290074696F6E2E6A6176613A323132290029004A
F/google-breakpad( 4778): S A01FF180 6176615F696F5F6C697465676C75655F53514C6974654E61746976655F73716C635F3173745F31636F6C756D6E5F31746578745F316E61746976655F5F4A492B3130322900F21FA06051079E080000000802FFFF90F21FA00B000000540000000CF21FA0FFFFFFFF803080B490F21FA0F8F11FA0311AE5B618F21FA01D19E5B64401009E01000000502E00A301000000302A80B401000000EC10009E000000007BF21FA0A592C1B500000000000000000000000064F21FA064F21FA090F21FA0984623A393F21FA0644623A320000000F0FCFFFFC98EC1B5984623A32000000064F21FA068B0C4B57BF21FA078F21FA0256C640000007BB438313800A93D5FB4E8F21FA000000000946D1D700FF836703831380001000800604623A3ECD67BB4984623A3986B7FB4604623A3747B59B4A0B1C4B5644623A3604623A325C559B401030000604623A3009388B4856B5FB4A93D5FB40850F2CE01F8856F88F8856F0004109E10F41FA008000000A4F8856F0000000000000000009388B463B072B4
F/google-breakpad( 4778): S A01FF300 21000000140000006051079E0850F2CE10F41FA088F8856FECCF7FB4000000006CAA7FB410F41FA088F8856FECCF7FB4280000000000009E004B079E802A82B418F41FA000000000802A82B40400000004FEE7B60000000098D57BB4BCD57BB45CD57BB4C4DC7DB4A8DE7DB45CD57BB40400000001000000002A82B4B07FE8B6E47FE8B660020000482A82B4802A82B4002A82B4CC000000AA1D090003000000000000009112000000B08AB40004109E80717FB4447559B4806A7FB410F41FA001000000604623A378717FB4594FE2B6E0F42500607559B4F8837FB477BF72B400000000E04C079E18FB14B50CBA3D9EA4F81FA003000000000000000C0000000C0000005E0100000000009E9024009EC000C0B401000000A60100005B2AE5B600000000010000000B00000000000000604623A30000009E5E010000000000000C0000005B01000000C00000BC7FE8B6C800C0B4AB2AE5B60C0000000100000000C0000000C00000C000C0B400E0159E00B6E7B60000000000B6E7B600C00000
F/google-breakpad( 4778): S A01FF480 C800C0B49F2CE5B60000000000C00000400DC0B4010000000200000000E0159E000000007F3BE5B60000000000C00000FFFFFFFF7FC40000102E82B4006CDAAF73B4000004FEE7B6D4DC7BB4AFD1E5B6ECD67BB46CAA7FB4E47FE8B6EDD67BB404FEE7B6ECD67BB4806A7FB468B0C4B5010700000850F2CE84F51FA03A01000018C57EB4604623A3DFFFFFFF000000000412000000000000B8FD1FA0060000000B0000009112000000000000B999E2B6B0FD1FA0060000000000000058F51FA0ECCF7FB4D3A5E2B654F51FA07D6DE2B600E0159EDFFFFFFFFFFFFFFF84F51FA064BB7FB464CE7DB484F51FA064BB7FB464CE7DB4F051E2B61300000003D471B488F61FA00000000051000000430A000088F61FA06CAA7FB451000000E5B359B4ACF51FA020000000F0F61FA068B0C4B501AA7FB404FEE7B6510A0000430A0000008C85B40850F2CEA8F61FA0E00C389E68E67BB40000008064F61FA064F61FA0F0F61FA0006CDAAF6CAA7FB48B5B5AB4FFFFFFFF800000000B000000DB13E6B6
F/google-breakpad( 4778): S A01FF600 000000000000000080000000086C7FB4C0F61FA0906B7FB4106B7FB488F61FA004FEE7B668E67BB440BB7FB4BCDB7BB468E67BB480000000020000003E0000003F00000038F71FA0010000003E0000003F000000B9F61FA000004300810000000000430000005500006CDAAF004120A300D289B4006CDAAF430000004300000000B39EAFD908E400E00C389E00000000F4B39EAFF4B39EAFE47FE8B6DCF61FA0B8F61FA0006CDAAF510A0000420A0000008C85B400000000146C7FB4986B7FB468B0C4B50000000000000000000000000050399E425A399EFF5F399E01100000FF0F00000050399E425A399E10000000286C7FB40210000006000000000000000000000000000000BCF61FA068B0C4B500000000000000000000000000000000000000000000000000000000000000000000000000000000000000002000000000840B9E0850F2CE006CDAAF0000000004FEE7B6F88C7EB400000000010000000100000090EE7BB409A0039EC9605AB430847FB4A0F71FA06100000051000000
F/google-breakpad( 4778): S A01FF780 40663DA30850F2CE00000000A9F07BB44CF81FA06CAA7FB483865AB4D4EE7BB45CEC7BB48900000008A0039EF9CC76B404FEE7B604FEE7B6006CDAAF7CEE7BB4D4EE7BB4F8E67BB49CEE7BB458EE7BB40000000004FEE7B644F81FA068E67BB4D4DC7BB4ACDC7BB468E67BB4BCDB7BB4D0DB7BB401000000001CD012006CDAAF0000000068E67BB4006CDAAF0850F2CE010000004CF81FA0004120A308A0039E8021EE1200000000006CDAAFB0F7DF7300000000B1215BB4A8F07BB4004120A308A0039E0000000002000000006CDAAF004120A300D289B4006CDAAF4300000055000000002CA89BF88C7EB42000000001D638A3792FA89B004120A32803109E000000000DC1AB9B3F000000F5210EB000000000000000008021EE120000000060DBDF730000000001000000001CD01200000000040000002803109E00000000000000002803109E000000008021EE1200000000B0F7DF7300000000BB830FB0B0F7DF732803109E000000000000000000000000000000000000000000000000
F/google-breakpad( 4778): S A01FF900 00000000E021EE128021EE1288F0DF730021EE120021EE1200000000EBA00FB088F0DF7338B5886FE0A2EB129B84E97138B5886F08408B6F18E0DF73000000000021EE1208408B6F4074EB121500000008408B6FE0A2EB1218E0DF732022EE120021EE12000000002022EE1297B40FB018E0DF73206EEA1203000000651A000000000000609EEB12E010EE12206EEA12E0BCED1290A2EB120100000038000000D0A2EB12609EEB1201000000E0A2EB12006CDAAF206EEA12000000000021EE1200000000E0A2EB12609EEB12000000000000000000000000609EEB12C0E0DF73E010EE12206EEA1200000000B7B90FB0C0E0DF73609EEB12E010EE12206EEA12E0BCED1201000000010000000000000000000000609EEB12506EEA12706EEA12606EEA12E0BCED120100000080A2EB12383C896F00000000000000006013EE1200C1ED12C0DD776FE010EE1200000000000000000100000000C1ED12313CF071F87B896F70C0ED12A0B1ED12CF6E59B42822A16F0850F2CEE0BCED1280A2EB12
F/google-breakpad( 4778): S A01FFA80 00000000609EEB1268DFDF73F0C1ED12506EEA1270C0ED12706EEA12AD290EB068DFDF73609EEB12506EEA12706EEA12606EEA12E0BCED12D892896F0348D271785A0A700000000001000000F086067000000000606EEA12E0BCED122B5BF171488C896FD892896F1059EA120000000070C0ED12C084C9120000000039FBF071D892896F70C0ED12D06B7FB404FEE7B6382A82B404FEE7B6010000007CEE7BB400000000C08AEA129CEE7BB458EE7BB40000002000000000010000000000000000B6E7B61059EA12C084C912D886896FF0FB1FA000000000B8FB1FA08D5BF171D886896F004120A3ECCF7FB40850F2CE1CFD1FA0ADAA6BB4B20C2000ADAA6BB41059EA12C08AEA1288F8856F21FBD77188F8856F40FD1FA01CFD1FA05FAB5AB4B0FB1FA050FC1FA0D8FB1FA0395B59B400000000C08AEA1288F8856F846CDAAF006CDAAF88F8856F68FC1FA049D26DB450FC1FA076123370040000007612337050FC1FA004FEE7B6430000000000000000000000000000000000000000000000
F/google-breakpad( 4778): S A01FFC00 000000000100000034FC1FA00850F2CE20C73FA300000000004120A350FC1FA040FC1FA040FD1FA088F8856FC08AEA1276123370B99971B450FC1FA076123370746F727368FC1FA0010000000F000000000000000000000076123370010000000400000068FC1FA0C08AEA120850F2CE00000000004120A3000000000850F2CEE47FE8B6FF7D1DA304FEE7B6B8FD1FA010FD1FA0ECCF7FB440FD1FA0419474B4320000008067EB12000000006BDC78B440000000F07D1DA300000000006CDAAF88D17FB410FD1FA0ECCF7FB420FD1FA004FDFFFF4D0373B4000000000000000000000000000000000000000040BB7FB404FEE7B6388283B418FD1FA068E67BB4D4DC7BB468E67BB4BCDB7BB4D0DB7BB400000000000055000000000000005500006CDAAF004120A300D289B4006CDAAF430000005500000000000000000000000000430078000000089BC4AF5DC4E2B6FFFFFFFF000000000000000000000000110000000F000000F07D1DA30850F2CEFFFFFFFF009BC4AF409BC4AF009BC4AF
F/google-breakpad( 4778): S A01FFD80 78000000089BC4AF089BC4AF8D91E2B6B0FD1FA0AD91E2B68D91E2B6089BC4AF8D91E2B6D970E2B6B0FD1FA000000000B0FD1FA0009BC4AF1600000000000000000000000850F2CE449BC4AF0000000000000000FFFFFFFF000000000000000018C73FA3D83220A3B83020A3883120A300000000000000000000000060F6379E006CDAAF0000000000000000403A06A3000000000000000000000000000000000000000000000000000000000000000000000000000000000000000000000000000000000000000000000000000000000000000000000000000000000000000000000000000000000000000000000000000000000000000000000000000000000000000000000000000000000000000000000000000000000000000000000000000000000000000000000000000000000000000000000000000000000000000000000000000000000000000000000000000000000000000000000000000000000000000000000000000000000000000000000000000000000000000000000000
F/google-breakpad( 4778): S A01FFF00 00000000000000000000000000000000000000000000000000000000000000000000000000000000000000000000000000000000000000000000000000000000000000000000000000000000000000000000000000000000000000000000000000000000000000000000000000000000000000000000000000000000000000000000000000000000000000000000000000000000000000000000000000000000000000000000000000000000000000000000000000000000000000000000000000000000000000000000000000000000000000000000000000000000000000000000000000000000000000000000000000000000000000000000000000000000
F/google-breakpad( 4778): C 0600004000000000911200000600000000000000B8FD1FA0060000000B0000000C0100000000000020F586B4006CDAAF010000009112000030F51FA0C199E2B64CDBE4B6100007600000000000000000000000000000000000000000000000000000000000000000000000000000000000000000000000000000000000000000000000000000000000000000000000000000000000000000000000000000000000000000000000000000000000000000000000000000000000000000000000000000000000000000000000000000000000000000000000000000000000000000000000000000000000000000000000000000000000000000000000000000000000000000000000000000000000000000000000000000000000000000000000000000000000000000000000000000000000000000000000000000000000000000000000000000000000000000000000000000000000000000000000000000000000000000000000000000000000000000
F/google-breakpad( 4778): M B6FB4000 00000000 00003000 377EC2392EEE3DFEC5C99742DF4AEA850 app_process32
F/google-breakpad( 4778): M 9BA67000 00000000 00067000 01022CF54C7479A869F8BE664FC4EE230 libsqlc-native-driver.so
F/google-breakpad( 4778): M A3699000 00000000 00005000 65709DDB7844CB23300C0EF48C8391510 libqdutils.so
F/google-breakpad( 4778): M A369E000 00000000 00005000 717D2EB6B02E838A66CB2D3E923A0FE70 libmemalloc.so
F/google-breakpad( 4778): M A36A3000 00000000 00006000 C5AD083516AC2EE7287740722D13BFD00 gralloc.msm8960.so
F/google-breakpad( 4778): M A4A9D000 00000000 0046B000 F6C80A8EB049C2AC7BCD6E22DE3D54360 libsc-a3xx.so
F/google-breakpad( 4778): M A5AF4000 00000000 00004000 F007D0E8B4B1447628068777E701EBBC0 libwebviewchromium_plat_support.so
F/google-breakpad( 4778): M A6743000 00000000 01BD4000 0E370D65AC05F48D3821C792FCDA43B50 libwebviewchromium.so
F/google-breakpad( 4778): M ACB43000 00000000 00003000 92AEC9935A8E5A07D59E3868060A5F2E0 libwebviewchromium_loader.so
F/google-breakpad( 4778): M ACB46000 00000000 00008000 F2B1298EE4C6EA0900CDACD17FB5C16B0 libcompiler_rt.so
F/google-breakpad( 4778): M ACB4E000 00000000 00010000 62690FE7B4748EF8151B01903B27608D0 libandroid.so
F/google-breakpad( 4778): M ACB5E000 00000000 0013B000 9C07AB9E6D41D8E1E824C6914C4DA80F0 libGLESv2_adreno.so
F/google-breakpad( 4778): M ACC9A000 00000000 00034000 CF692CC2042CC03999A6210A4668E2EF0 libGLESv1_CM_adreno.so
F/google-breakpad( 4778): M ACCCE000 00000000 00026000 E16AB8458B6B2A7B6C3478BAEB31C4CF0 libgsl.so
F/google-breakpad( 4778): M ACCF5000 00000000 00004000 EB49C5D6528506CB9B372BB982BA92C20 libadreno_utils.so
F/google-breakpad( 4778): M ACCFA000 00000000 00029000 C29A614A484EC8848AF5ACCAD72F030E0 libEGL_adreno.so
F/google-breakpad( 4778): M AD32B000 00000000 00018000 51F65787C45EB52D7DF5EA320CB179AF0 libjavacrypto.so
F/google-breakpad( 4778): M AD343000 00000000 00009000 8452CE587CC6C1496722726A3DA08AD80 librs_jni.so
F/google-breakpad( 4778): M AD34C000 00000000 00006000 417FA8AD15AC242EB4DF5082BFE52CEE0 libaudioeffect_jni.so
F/google-breakpad( 4778): M AD352000 00000000 00004000 CDA9BA072D4DECC71C5E63467275E7EE0 libsoundpool.so
F/google-breakpad( 4778): M AD356000 00000000 0001B000 F59669C665FE4B073886A8DAAECEA86F0 libvorbisidec.so
F/google-breakpad( 4778): M AD371000 00000000 00004000 9FC00D0B150FE9FC57763A76206D1D550 libstagefright_yuv.so
F/google-breakpad( 4778): M AD375000 00000000 00022000 C2E86F2EB7B15B4230462BD600BB98850 libstagefright_omx.so
F/google-breakpad( 4778): M AD397000 00000000 0003C000 F19A7DFF3B6F3AF94EAE23CA11905BAD0 libopus.so
F/google-breakpad( 4778): M AD3D3000 00000000 0001B000 87AFCC5E47ED503148F1AA03777E88590 libdrmframework.so
F/google-breakpad( 4778): M AD3EE000 00000000 0000E000 D02CB251CF8787A770DE2CFDC52A2B040 libstagefright_amrnb_common.so
F/google-breakpad( 4778): M AD3FC000 00000000 00132000 E6069AC0EB07ACAEAE682B398D89D4D10 libstagefright.so
F/google-breakpad( 4778): M AD52E000 00000000 00017000 459F7205A270FE376472C3CDBD1F29B20 libmtp.so
F/google-breakpad( 4778): M AD545000 00000000 0002C000 512DAAC681257789E71C0FCD483BC6A10 libexif.so
F/google-breakpad( 4778): M AD571000 00000000 0003E000 B46189AFDA2BF396FF01B4CE2008BF0F0 libmedia_jni.so
F/google-breakpad( 4778): M AF9E8000 00000000 00003000 38BBCD36F7E30531E1B5E4A5EF6801780 memtrack.msm8960.so
F/google-breakpad( 4778): M B0000000 00000000 00003000 8FF5949AE957364C270D0F448DAD4FE20 libjnigraphics.so
F/google-breakpad( 4778): M B0003000 00000000 0000B000 D2AB743CCCD8D2EB9B66A47707CC1E530 libjhead.so
F/google-breakpad( 4778): M B0061000 00000000 0000C000 06DBF98091A8123FC1BCCC75F49D6CFB0 eglsubAndroid.so
F/google-breakpad( 4778): M B14FF000 00000000 00038000 FE4EB356A2DF9D6013F3C471876ED1C20 libjavacore.so
F/google-breakpad( 4778): M B44F4000 00000000 00308000 A9C6AC7258E0C858A38D42A073C7A7520 libart.so
F/google-breakpad( 4778): M B5000000 00000000 00003000 E11DA546CE9E08D1D647E8E1135DAD810 libstagefright_enc_common.so
F/google-breakpad( 4778): M B5003000 00000000 00007000 741CC494F5299870A1C62FD71E37AE5F0 libstagefright_avc_common.so
F/google-breakpad( 4778): M B5143000 00000000 00003000 133BEE27C6351072BEF5780E5368857F0 libsigchain.so
F/google-breakpad( 4778): M B5148000 00000000 00009000 366EEBA5DDD843690FBD36EEF9604ACB0 libbacktrace_libc++.so
F/google-breakpad( 4778): M B5172000 00000000 00005000 D3EA22EB9F383751AB500AE5951F0DB30 libpowermanager.so
F/google-breakpad( 4778): M B5177000 00000000 0000F000 E43E7FA869E4BCDAA3CC9601DF5A6A520 libcommon_time_client.so
F/google-breakpad( 4778): M B5186000 00000000 0003D000 4737D9B437500703277EA2FEC551A56A0 libbcinfo.so
F/google-breakpad( 4778): M B51C3000 00000000 00024000 744D4EF3EA647DC8C22E5035844D41990 libbcc.so
F/google-breakpad( 4778): M B5207000 00000000 00938000 15C2EA55ED53B1B50EB94E54A0BF2ECE0 libLLVM.so
F/google-breakpad( 4778): M B5B46000 00000000 00004000 7AE0C00FAEDEA3E81109CC784D49A6960 libunwind-ptrace.so
F/google-breakpad( 4778): M B5B4A000 00000000 0000E000 FEC52DCEA9703BC3D04786B7558687FF0 libunwind.so
F/google-breakpad( 4778): M B5B9E000 00000000 00007000 3874D35A672DF92604963290963F44990 libgccdemangle.so
F/google-breakpad( 4778): M B5BA5000 00000000 00012000 1ED721809D4ADEC8823197FA7B47EA470 libpcre.so
F/google-breakpad( 4778): M B5BB7000 00000000 00094000 B169DDD386671F04347022ABD49F6F890 libc++.so
F/google-breakpad( 4778): M B5C4C000 00000000 00028000 CE57DAFBAD37BA47A3BD195C934E83040 libpng.so
F/google-breakpad( 4778): M B5C74000 00000000 0005B000 65A30D6CAD23E6191010184F02D9B3E10 libft2.so
F/google-breakpad( 4778): M B5CD1000 00000000 00017000 6277772E2C87892DB67F815EBEBEBD810 libstagefright_foundation.so
F/google-breakpad( 4778): M B5CE8000 00000000 0000A000 6B713D36804D7F05D55318F859E1E1400 libnbaio.so
F/google-breakpad( 4778): M B5CF2000 00000000 00006000 F4F99E4A6E63BF8C8005D96B2BAC8CEB0 libgabi++.so
F/google-breakpad( 4778): M B5CF8000 00000000 0001D000 E9848AA3BE862BD6B2674174F38D42020 libRScpp.so
F/google-breakpad( 4778): M B5D15000 00000000 0003A000 C6E1A4292A80C08C45DACF37941651EE0 libRS.so
F/google-breakpad( 4778): M B5D4F000 00000000 00005000 4E8926B7F3B40489DDA2954EC97B8D220 libwpa_client.so
F/google-breakpad( 4778): M B5D54000 00000000 00003000 2D9083CB8C22C02E1412DA13B1CA43AE0 libsync.so
F/google-breakpad( 4778): M B5D57000 00000000 00006000 AC1D054A26491BE96E8BCCB1E5F2926F0 libspeexresampler.so
F/google-breakpad( 4778): M B5D5D000 00000000 00071000 A12BAF7D82BE28EC681730452D351E880 libGLES_trace.so
F/google-breakpad( 4778): M B5DCE000 00000000 0000A000 5A3201787CDD7A2DAD894090C92E2C0E0 libbacktrace.so
F/google-breakpad( 4778): M B5DD8000 00000000 0001A000 03AD92B0BEDAA751C0016E97AE374CAE0 libz.so
F/google-breakpad( 4778): M B5DF2000 00000000 00006000 64B8DC6F549681A57A8F2D2F22BBB0690 libusbhost.so
F/google-breakpad( 4778): M B5DF9000 00000000 0000C000 4C6A0B2187C2251719402BE7365536730 libui.so
F/google-breakpad( 4778): M B5E05000 00000000 0003B000 2FE003E5119C67BABE1A9FAB459A5A5D0 libstlport.so
F/google-breakpad( 4778): M B5E40000 00000000 00041000 A87224550AFBAF5C1BC6A39F93D20C130 libssl.so
F/google-breakpad( 4778): M B5E81000 00000000 000FF000 C8874FF4F4326BA7F3F4CA6B0B40E5190 libsqlite.so
F/google-breakpad( 4778): M B5F80000 00000000 0000F000 F954BA248E12C9AF32F54434F977FEF80 libsoundtrigger.so
F/google-breakpad( 4778): M B5F8F000 00000000 00052000 2577A241CD97AC4587741061E5E2BC950 libsonivox.so
F/google-breakpad( 4778): M B5FE6000 00000000 00231000 636496D8A70CB3506BFAC66F555B0EC30 libskia.so
F/google-breakpad( 4778): M B621C000 00000000 0000F000 11327F5AE73AEFA7E50E693F0548A3010 libselinux.so
F/google-breakpad( 4778): M B622B000 00000000 00004000 4E6C8C876BA563C3C4B0B3BA562093920 libprocessgroup.so
F/google-breakpad( 4778): M B622F000 00000000 0045B000 83C5B450634DDB5C4FC41CA61A35B3740 libpdfium.so
F/google-breakpad( 4778): M B668F000 00000000 00007000 ADCE932B3390EC21752A7A6149AA6DA60 libnetutils.so
F/google-breakpad( 4778): M B6696000 00000000 00004000 9DD43767890F53F4803405F1920CD2EF0 libnetd_client.so
F/google-breakpad( 4778): M B669B000 00000000 00007000 75FE2C03B4B2120A8CFB0974E91F1E880 libnativehelper.so
F/google-breakpad( 4778): M B66A2000 00000000 00004000 6AAFF7E8CE1BD875991E2F25761D14760 libnativebridge.so
F/google-breakpad( 4778): M B66A7000 00000000 0000C000 1CA7BC0790E903E9229128A166929FEB0 libminikin.so
F/google-breakpad( 4778): M B66B3000 00000000 00003000 CCA8BE0D07D24523C8D02FEE5F724EA70 libmemtrack.so
F/google-breakpad( 4778): M B66B6000 00000000 0009D000 A59D88BBAF43DA7ED5D844FD5AF54D6C0 libmedia.so
F/google-breakpad( 4778): M B6753000 00000000 00033000 EFC20D03341A8FDDD720FFD4FC9C44EA0 libjpeg.so
F/google-breakpad( 4778): M B6786000 00000000 0003C000 C26E0CE9070BDBBD11575C281FBC08140 libinputflinger.so
F/google-breakpad( 4778): M B67C2000 00000000 0001B000 74F168449838583071D83A6436D107740 libinput.so
F/google-breakpad( 4778): M B67DD000 00000000 0000F000 40DF8D62DE420FD303DF8B12AFD7D5000 libimg_utils.so
F/google-breakpad( 4778): M B67EC000 00000000 00110000 1BE5D66B75FDE88B86D7E83065EE37160 libicuuc.so
F/google-breakpad( 4778): M B6900000 00000000 00167000 237F53C12084A7F42405B410FDE8B4020 libicui18n.so
F/google-breakpad( 4778): M B6A67000 00000000 0004D000 89EEAC86DE35AA19D88F9129189700650 libhwui.so
F/google-breakpad( 4778): M B6AB5000 00000000 00048000 AC5AE16EC01F4362C8E63DF66565090D0 libharfbuzz_ng.so
F/google-breakpad( 4778): M B6AFD000 00000000 00008000 DB0063C00AA09F3A1A774F42D78689CF0 libhardware_legacy.so
F/google-breakpad( 4778): M B6B06000 00000000 00003000 914425D16565257955F7E1574360B71F0 libhardware.so
F/google-breakpad( 4778): M B6B09000 00000000 0004F000 37CDD5F6AE8DEE3414D8C916B78C88690 libgui.so
F/google-breakpad( 4778): M B6B58000 00000000 00017000 B98E65710C415C83E972EBDC1EB52AC00 libexpat.so
F/google-breakpad( 4778): M B6B6F000 00000000 0015F000 3E90D4999361F43D859D8C3CCC5140330 libcrypto.so
F/google-breakpad( 4778): M B6CD1000 00000000 00008000 FD57BD3754F1C9D63F3F9E1E550B9E950 libcamera_metadata.so
F/google-breakpad( 4778): M B6CD9000 00000000 0003B000 66F06EF97E0823332BAB91EDAF35A1B30 libcamera_client.so
F/google-breakpad( 4778): M B6D14000 00000000 00006000 C7B066E606462D658A4D7A9F2EAA61D80 libaudioutils.so
F/google-breakpad( 4778): M B6D1A000 00000000 00026000 42872CCFC8178A26833DFC1C5068DA740 libandroidfw.so
F/google-breakpad( 4778): M B6D40000 00000000 0000B000 E2F67EE50006FD0ED1482E1463C5CCFF0 libGLESv2.so
F/google-breakpad( 4778): M B6D4B000 00000000 00007000 EFE6AB19F4060BCECF8CF0E68958C2F60 libGLESv1_CM.so
F/google-breakpad( 4778): M B6D53000 00000000 00004000 C91EAF69D18F0D499BD58532BBA173690 libETC1.so
F/google-breakpad( 4778): M B6D57000 00000000 00068000 92714C4D425611328101DB55FDE48EFD0 libEGL.so
F/google-breakpad( 4778): M B6DC2000 00000000 00005000 34F3B6B289EE32A2E139717CDF8295E00 libcnefeatureconfig.so
F/google-breakpad( 4778): M B6DC8000 00000000 00018000 4929CACB90B1756D54AABC210956A8720 libutils.so
F/google-breakpad( 4778): M B6DE0000 00000000 00004000 00A2FABEF44A19B2E7F1792148994BA30 libstdc++.so
F/google-breakpad( 4778): M B6DE4000 00000000 00019000 AE3467401278371A956801500FC8187D0 libm.so
F/google-breakpad( 4778): M B6DFD000 00000000 00008000 B998FDEB56F7594D163EA469FE08B6D30 liblog.so
F/google-breakpad( 4778): M B6E05000 00000000 0000D000 1370FC0D6014E3F9B189E9E41C19D7390 libcutils.so
F/google-breakpad( 4778): M B6E12000 00000000 0006D000 C3D0BC032816EB6A288E7FB33509F2B90 libc.so
F/google-breakpad( 4778): M B6E88000 00000000 00030000 ACE63A0E3012450D39746D59E61167700 libbinder.so
F/google-breakpad( 4778): M B6EB8000 00000000 000E0000 8B5698C765DD031E2AF2F548778CBF140 libandroid_runtime.so
F/google-breakpad( 4778): M B6F98000 00000000 00005000 79930F04B4B541442F6C29EF85B0B6150 libNimsWrap.so
F/google-breakpad( 4778): M B6FA3000 00000000 0000D000 8FF02E921DD9BF0B16FED98A1BA4FAF70 linker
F/google-breakpad( 4778): -----END BREAKPAD MICRODUMP-----
F/libc    ( 4677): Fatal signal 6 (SIGABRT), code -6 in tid 4753 (pool-1-thread-2)
I/DEBUG   (  252): *** *** *** *** *** *** *** *** *** *** *** *** *** *** *** ***
I/DEBUG   (  252): Build fingerprint: 'motorola/ghost_retbr/ghost:5.1/LPA23.12-21.7/5:user/release-keys'
I/DEBUG   (  252): Revision: 'p300'
I/DEBUG   (  252): ABI: 'arm'
I/DEBUG   (  252): pid: 4677, tid: 4753, name: pool-1-thread-2  >>> br.com.procempa.mapaOffline <<<
I/DEBUG   (  252): signal 6 (SIGABRT), code -6 (SI_TKILL), fault addr --------
I/DEBUG   (  252): Abort message: 'art/runtime/check_jni.cc:65] JNI DETECTED ERROR IN APPLICATION: input is not valid Modified UTF-8: illegal start byte 0x89'
I/DEBUG   (  252):     r0 00000000  r1 00001291  r2 00000006  r3 00000000
I/DEBUG   (  252):     r4 a01ffdb8  r5 00000006  r6 0000000b  r7 0000010c
I/DEBUG   (  252):     r8 00000000  r9 b486f520  sl afda6c00  fp 00000001
I/DEBUG   (  252):     ip 00001291  sp a01ff530  lr b6e299c1  pc b6e4db4c  cpsr 60070010
I/DEBUG   (  252): 
I/DEBUG   (  252): backtrace:
I/DEBUG   (  252):     #00 pc 0003bb4c  /system/lib/libc.so (tgkill+12)
I/DEBUG   (  252):     #01 pc 000179bd  /system/lib/libc.so (pthread_kill+52)
I/DEBUG   (  252):     #02 pc 000185cf  /system/lib/libc.so (raise+10)
I/DEBUG   (  252):     #03 pc 00014d79  /system/lib/libc.so (__libc_android_abort+36)
I/DEBUG   (  252):     #04 pc 000131ec  /system/lib/libc.so (abort+4)
I/DEBUG   (  252):     #05 pc 002293ff  /system/lib/libart.so (art::Runtime::Abort()+170)
I/DEBUG   (  252):     #06 pc 000a73e1  /system/lib/libart.so (art::LogMessage::~LogMessage()+1360)
I/DEBUG   (  252):     #07 pc 000b1b87  /system/lib/libart.so (art::JniAbort(char const*, char const*)+1118)
I/DEBUG   (  252):     #08 pc 000b20c5  /system/lib/libart.so (art::JniAbortF(char const*, char const*, ...)+68)
I/DEBUG   (  252):     #09 pc 000b467f  /system/lib/libart.so (_ZN3art11ScopedCheck5CheckEbPKcz.constprop.129+922)
I/DEBUG   (  252):     #10 pc 000be1ad  /system/lib/libart.so (art::CheckJNI::NewStringUTF(_JNIEnv*, char const*)+44)
I/DEBUG   (  252):     #11 pc 0005510b  /data/app/br.com.procempa.mapaOffline-2/lib/arm/libsqlc-native-driver.so (Java_io_liteglue_SQLiteNative_sqlc_1st_1column_1text_1native__JI+26)
I/DEBUG   (  252):     #12 pc 000041f3  /data/dalvik-cache/arm/data@app@br.com.procempa.mapaOffline-2@base.apk@classes.dex
W/ResourcesManager(30722): Asset path '/system/framework/com.android.media.remotedisplay.jar' does not exist or contains no resources.
W/ResourcesManager(30722): Asset path '/system/framework/com.android.location.provider.jar' does not exist or contains no resources.
D/BackupManagerService(  908): Received broadcast Intent { act=android.intent.action.PACKAGE_CHANGED dat=package:com.google.android.gms flg=0x4000010 (has extras) }
I/BackupManagerService(  908): Unbinding ComponentInfo{com.google.android.gms/com.google.android.gms.backup.BackupTransportService}
I/BackupManagerService(  908): Binding to transport host ComponentInfo{com.google.android.gms/com.google.android.gms.backup.BackupTransportService}
V/BackupManagerService(  908): Connected to transport ComponentInfo{com.google.android.gms/com.google.android.gms.backup.BackupTransportService}
V/BackupManagerService(  908): Registering transport com.google.android.gms/.backup.BackupTransportService::com.google.android.gms/.backup.BackupTransportService = com.android.internal.backup.IBackupTransport$Stub$Proxy@87ac73c
W/ResourcesManager( 1498): Asset path '/system/framework/com.motorola.android.encryption.jar' does not exist or contains no resources.
W/ResourcesManager( 1498): Asset path '/system/framework/com.motorola.gallery' does not exist or contains no resources.
W/ResourcesManager( 1498): Asset path '/system/framework/com.google.android.media.effects.jar' does not exist or contains no resources.
W/ResourcesManager( 1498): Asset path '/system/framework/com.motorola.frameworks.core.addon.jar' does not exist or contains no resources.
D/WifiService(  908): acquireWifiLockLocked: WifiLock{NlpWifiLock type=2 binder=android.os.BinderProxy@9cfbc17}
W/ActivityManager(  908):   Force finishing activity 1 br.com.procempa.mapaOffline/.MainActivity
I/BootReceiver(  908): Copying /data/tombstones/tombstone_08 to DropBox (SYSTEM_TOMBSTONE)
W/ActivityManager(  908): Exception thrown during pause
W/ActivityManager(  908): android.os.TransactionTooLargeException
W/ActivityManager(  908): 	at android.os.BinderProxy.transactNative(Native Method)
W/ActivityManager(  908): 	at android.os.BinderProxy.transact(Binder.java:496)
W/ActivityManager(  908): 	at android.app.ApplicationThreadProxy.schedulePauseActivity(ApplicationThreadNative.java:711)
W/ActivityManager(  908): 	at com.android.server.am.ActivityStack.startPausingLocked(ActivityStack.java:829)
W/ActivityManager(  908): 	at com.android.server.am.ActivityStack.finishActivityLocked(ActivityStack.java:2749)
W/ActivityManager(  908): 	at com.android.server.am.ActivityStack.finishTopRunningActivityLocked(ActivityStack.java:2606)
W/ActivityManager(  908): 	at com.android.server.am.ActivityStackSupervisor.finishTopRunningActivityLocked(ActivityStackSupervisor.java:2544)
W/ActivityManager(  908): 	at com.android.server.am.ActivityManagerService.handleAppCrashLocked(ActivityManagerService.java:11721)
W/ActivityManager(  908): 	at com.android.server.am.ActivityManagerService.makeAppCrashingLocked(ActivityManagerService.java:11618)
W/ActivityManager(  908): 	at com.android.server.am.ActivityManagerService.crashApplication(ActivityManagerService.java:12330)
W/ActivityManager(  908): 	at com.android.server.am.ActivityManagerService.handleApplicationCrashInner(ActivityManagerService.java:11819)
W/ActivityManager(  908): 	at com.android.server.am.NativeCrashListener$NativeCrashReporter.run(NativeCrashListener.java:86)
W/ResourcesManager( 1498): Asset path '/system/framework/com.google.android.media.effects.jar' does not exist or contains no resources.
W/ResourcesManager( 1498): Asset path '/system/framework/com.google.android.maps.jar' does not exist or contains no resources.
I/SFPerfTracer(  226):      triggers: (rate: 2292:53524) (compose: 0:72) (post: 0:614) (render: 0:543) (0:901343 frames) (1:1267294)
D/SFPerfTracer(  226):        layers: (3:11) (FocusedStackFrame (0xb65a1000): 1:4775)* (DimLayer (0xb660c000): 0:280)* (DimLayer (0xb6614000): 0:12)* (DimLayer (0xb66a9000): 0:3346)* (DimLayer (0xb65ff000): 0:1298)* (StatusBar (0xb6616000): 0:177037) (com.android.systemui.ImageWallpaper (0xb6606000): 0:3819)* (NavigationBar (0xb660e000): 0:250) (Starting br.com.procempa.mapaOffline (0xb66a0000): 0:38)- (br.com.procempa.mapaOffline/br.com.procempa.mapaOffline.MainActivity (0xb6608000): 1:77) (Application Error: br.com.procempa.mapaOffline (0xb66a0000): 1:1)* 
I/WindowState(  908): WIN DEATH: Window{1e9b789a u0 br.com.procempa.mapaOffline/br.com.procempa.mapaOffline.MainActivity}
I/ActivityManager(  908): Process br.com.procempa.mapaOffline (pid 4677) has died
W/ResourcesManager( 1498): Asset path '/system/framework/com.google.android.maps.jar' does not exist or contains no resources.
W/ResourcesManager( 1498): Asset path '/system/framework/com.google.android.maps.jar' does not exist or contains no resources.
D/WifiService(  908): releaseWifiLockLocked: WifiLock{NlpWifiLock type=2 binder=android.os.BinderProxy@9cfbc17}
V/AlarmManager(  908): sending alarm {edd9f1b type 0 *walarm*:com.android.vending/com.google.android.finsky.services.ContentSyncService}
V/AlarmManager(  908): done {edd9f1b, *walarm*:com.android.vending/com.google.android.finsky.services.ContentSyncService} [6ms]
W/ProcessCpuTracker(  908): Skipping unknown process pid 4837
W/ProcessCpuTracker(  908): Skipping unknown process pid 4839
I/SFPerfTracer(  226):      triggers: (rate: 0:185) (93492 sw vsyncs) (0 skipped) (0:3537235 vsyncs) (1:4338989)
V/AlarmManager(  908): sending alarm {19e72efe type 3 *alarm*:android.intent.action.TIME_TICK}
V/AlarmManager(  908): done {19e72efe, *alarm*:android.intent.action.TIME_TICK} [75ms]
V/AlarmManager(  908): sending alarm {3bfef1f0 type 3 *alarm*:android.content.jobscheduler.JOB_DELAY_EXPIRED}
V/AlarmManager(  908): done {3bfef1f0, *alarm*:android.content.jobscheduler.JOB_DELAY_EXPIRED} [2ms]
V/AlarmManager(  908): sending alarm {122d4f2d type 3 *alarm*:com.google.android.gms/.lockbox.LockboxAlarmReceiver}
V/AlarmManager(  908): done {122d4f2d, *alarm*:com.google.android.gms/.lockbox.LockboxAlarmReceiver} [23ms]
V/AlarmManager(  908): sending alarm {3496d693 type 2 *walarm*:com.whatsapp.messaging.MessageService.LOGOUT_ACTION}
V/AlarmManager(  908): done {3496d693, *walarm*:com.whatsapp.messaging.MessageService.LOGOUT_ACTION} [14ms]
I/SFPerfTracer(  226):      triggers: (rate: 0:185) (93492 sw vsyncs) (0 skipped) (0:3537235 vsyncs) (1:4339090)
V/AlarmManager(  908): sending alarm {19e72efe type 3 *alarm*:android.intent.action.TIME_TICK}
V/AlarmManager(  908): done {19e72efe, *alarm*:android.intent.action.TIME_TICK} [56ms]
V/AlarmManager(  908): sending alarm {1d89ce3f type 2 *walarm*:android.content.syncmanager.SYNC_ALARM}
V/AlarmManager(  908): done {1d89ce3f, *walarm*:android.content.syncmanager.SYNC_ALARM} [4ms]
I/SFPerfTracer(  226):      triggers: (rate: 0:185) (93492 sw vsyncs) (0 skipped) (0:3537235 vsyncs) (1:4339191)
V/AlarmManager(  908): sending alarm {7b44a75 type 2 *walarm*:com.android.server.task.controllers.BatteryController.ACTION_CHARGING_STABLE}
