F/google-breakpad(15984): M B5D5D000 00000000 00071000 A12BAF7D82BE28EC681730452D351E880 libGLES_trace.so
F/google-breakpad(15984): M B5DCE000 00000000 0000A000 5A3201787CDD7A2DAD894090C92E2C0E0 libbacktrace.so
F/google-breakpad(15984): M B5DD8000 00000000 0001A000 03AD92B0BEDAA751C0016E97AE374CAE0 libz.so
F/google-breakpad(15984): M B5DF2000 00000000 00006000 64B8DC6F549681A57A8F2D2F22BBB0690 libusbhost.so
F/google-breakpad(15984): M B5DF9000 00000000 0000C000 4C6A0B2187C2251719402BE7365536730 libui.so
F/google-breakpad(15984): M B5E05000 00000000 0003B000 2FE003E5119C67BABE1A9FAB459A5A5D0 libstlport.so
F/google-breakpad(15984): M B5E40000 00000000 00041000 A87224550AFBAF5C1BC6A39F93D20C130 libssl.so
F/google-breakpad(15984): M B5E81000 00000000 000FF000 C8874FF4F4326BA7F3F4CA6B0B40E5190 libsqlite.so
F/google-breakpad(15984): M B5F80000 00000000 0000F000 F954BA248E12C9AF32F54434F977FEF80 libsoundtrigger.so
F/google-breakpad(15984): M B5F8F000 00000000 00052000 2577A241CD97AC4587741061E5E2BC950 libsonivox.so
F/google-breakpad(15984): M B5FE6000 00000000 00231000 636496D8A70CB3506BFAC66F555B0EC30 libskia.so
F/google-breakpad(15984): M B621C000 00000000 0000F000 11327F5AE73AEFA7E50E693F0548A3010 libselinux.so
F/google-breakpad(15984): M B622B000 00000000 00004000 4E6C8C876BA563C3C4B0B3BA562093920 libprocessgroup.so
F/google-breakpad(15984): M B622F000 00000000 0045B000 83C5B450634DDB5C4FC41CA61A35B3740 libpdfium.so
F/google-breakpad(15984): M B668F000 00000000 00007000 ADCE932B3390EC21752A7A6149AA6DA60 libnetutils.so
F/google-breakpad(15984): M B6696000 00000000 00004000 9DD43767890F53F4803405F1920CD2EF0 libnetd_client.so
F/google-breakpad(15984): M B669B000 00000000 00007000 75FE2C03B4B2120A8CFB0974E91F1E880 libnativehelper.so
F/google-breakpad(15984): M B66A2000 00000000 00004000 6AAFF7E8CE1BD875991E2F25761D14760 libnativebridge.so
F/google-breakpad(15984): M B66A7000 00000000 0000C000 1CA7BC0790E903E9229128A166929FEB0 libminikin.so
F/google-breakpad(15984): M B66B3000 00000000 00003000 CCA8BE0D07D24523C8D02FEE5F724EA70 libmemtrack.so
F/google-breakpad(15984): M B66B6000 00000000 0009D000 A59D88BBAF43DA7ED5D844FD5AF54D6C0 libmedia.so
F/google-breakpad(15984): M B6753000 00000000 00033000 EFC20D03341A8FDDD720FFD4FC9C44EA0 libjpeg.so
F/google-breakpad(15984): M B6786000 00000000 0003C000 C26E0CE9070BDBBD11575C281FBC08140 libinputflinger.so
F/google-breakpad(15984): M B67C2000 00000000 0001B000 74F168449838583071D83A6436D107740 libinput.so
F/google-breakpad(15984): M B67DD000 00000000 0000F000 40DF8D62DE420FD303DF8B12AFD7D5000 libimg_utils.so
F/google-breakpad(15984): M B67EC000 00000000 00110000 1BE5D66B75FDE88B86D7E83065EE37160 libicuuc.so
F/google-breakpad(15984): M B6900000 00000000 00167000 237F53C12084A7F42405B410FDE8B4020 libicui18n.so
F/google-breakpad(15984): M B6A67000 00000000 0004D000 89EEAC86DE35AA19D88F9129189700650 libhwui.so
F/google-breakpad(15984): M B6AB5000 00000000 00048000 AC5AE16EC01F4362C8E63DF66565090D0 libharfbuzz_ng.so
F/google-breakpad(15984): M B6AFD000 00000000 00008000 DB0063C00AA09F3A1A774F42D78689CF0 libhardware_legacy.so
F/google-breakpad(15984): M B6B06000 00000000 00003000 914425D16565257955F7E1574360B71F0 libhardware.so
F/google-breakpad(15984): M B6B09000 00000000 0004F000 37CDD5F6AE8DEE3414D8C916B78C88690 libgui.so
F/google-breakpad(15984): M B6B58000 00000000 00017000 B98E65710C415C83E972EBDC1EB52AC00 libexpat.so
F/google-breakpad(15984): M B6B6F000 00000000 0015F000 3E90D4999361F43D859D8C3CCC5140330 libcrypto.so
F/google-breakpad(15984): M B6CD1000 00000000 00008000 FD57BD3754F1C9D63F3F9E1E550B9E950 libcamera_metadata.so
F/google-breakpad(15984): M B6CD9000 00000000 0003B000 66F06EF97E0823332BAB91EDAF35A1B30 libcamera_client.so
F/google-breakpad(15984): M B6D14000 00000000 00006000 C7B066E606462D658A4D7A9F2EAA61D80 libaudioutils.so
F/google-breakpad(15984): M B6D1A000 00000000 00026000 42872CCFC8178A26833DFC1C5068DA740 libandroidfw.so
F/google-breakpad(15984): M B6D40000 00000000 0000B000 E2F67EE50006FD0ED1482E1463C5CCFF0 libGLESv2.so
F/google-breakpad(15984): M B6D4B000 00000000 00007000 EFE6AB19F4060BCECF8CF0E68958C2F60 libGLESv1_CM.so
F/google-breakpad(15984): M B6D53000 00000000 00004000 C91EAF69D18F0D499BD58532BBA173690 libETC1.so
F/google-breakpad(15984): M B6D57000 00000000 00068000 92714C4D425611328101DB55FDE48EFD0 libEGL.so
F/google-breakpad(15984): M B6DC2000 00000000 00005000 34F3B6B289EE32A2E139717CDF8295E00 libcnefeatureconfig.so
F/google-breakpad(15984): M B6DC8000 00000000 00018000 4929CACB90B1756D54AABC210956A8720 libutils.so
F/google-breakpad(15984): M B6DE0000 00000000 00004000 00A2FABEF44A19B2E7F1792148994BA30 libstdc++.so
F/google-breakpad(15984): M B6DE4000 00000000 00019000 AE3467401278371A956801500FC8187D0 libm.so
F/google-breakpad(15984): M B6DFD000 00000000 00008000 B998FDEB56F7594D163EA469FE08B6D30 liblog.so
F/google-breakpad(15984): M B6E05000 00000000 0000D000 1370FC0D6014E3F9B189E9E41C19D7390 libcutils.so
F/google-breakpad(15984): M B6E12000 00000000 0006D000 C3D0BC032816EB6A288E7FB33509F2B90 libc.so
F/google-breakpad(15984): M B6E88000 00000000 00030000 ACE63A0E3012450D39746D59E61167700 libbinder.so
F/google-breakpad(15984): M B6EB8000 00000000 000E0000 8B5698C765DD031E2AF2F548778CBF140 libandroid_runtime.so
F/google-breakpad(15984): M B6F98000 00000000 00005000 79930F04B4B541442F6C29EF85B0B6150 libNimsWrap.so
F/google-breakpad(15984): M B6FA3000 00000000 0000D000 8FF02E921DD9BF0B16FED98A1BA4FAF70 linker
F/google-breakpad(15984): -----END BREAKPAD MICRODUMP-----
F/libc    (15865): Fatal signal 6 (SIGABRT), code -6 in tid 15934 (pool-1-thread-2)
I/DEBUG   (  252): *** *** *** *** *** *** *** *** *** *** *** *** *** *** *** ***
I/DEBUG   (  252): Build fingerprint: 'motorola/ghost_retbr/ghost:5.1/LPA23.12-21.7/5:user/release-keys'
I/DEBUG   (  252): Revision: 'p300'
I/DEBUG   (  252): ABI: 'arm'
I/DEBUG   (  252): pid: 15865, tid: 15934, name: pool-1-thread-2  >>> br.com.procempa.mapaOffline <<<
I/DEBUG   (  252): signal 6 (SIGABRT), code -6 (SI_TKILL), fault addr --------
I/DEBUG   (  252): Abort message: 'art/runtime/check_jni.cc:65] JNI DETECTED ERROR IN APPLICATION: input is not valid Modified UTF-8: illegal start byte 0x89'
I/DEBUG   (  252):     r0 00000000  r1 00003e3e  r2 00000006  r3 00000000
I/DEBUG   (  252):     r4 a13fbdb8  r5 00000006  r6 0000000b  r7 0000010c
I/DEBUG   (  252):     r8 00000000  r9 b486f520  sl afc3d800  fp 00000001
I/DEBUG   (  252):     ip 00003e3e  sp a13fb530  lr b6e299c1  pc b6e4db4c  cpsr 60070010
I/DEBUG   (  252): 
I/DEBUG   (  252): backtrace:
I/DEBUG   (  252):     #00 pc 0003bb4c  /system/lib/libc.so (tgkill+12)
I/DEBUG   (  252):     #01 pc 000179bd  /system/lib/libc.so (pthread_kill+52)
I/DEBUG   (  252):     #02 pc 000185cf  /system/lib/libc.so (raise+10)
I/DEBUG   (  252):     #03 pc 00014d79  /system/lib/libc.so (__libc_android_abort+36)
I/DEBUG   (  252):     #04 pc 000131ec  /system/lib/libc.so (abort+4)
I/DEBUG   (  252):     #05 pc 002293ff  /system/lib/libart.so (art::Runtime::Abort()+170)
I/DEBUG   (  252):     #06 pc 000a73e1  /system/lib/libart.so (art::LogMessage::~LogMessage()+1360)
I/DEBUG   (  252):     #07 pc 000b1b87  /system/lib/libart.so (art::JniAbort(char const*, char const*)+1118)
I/DEBUG   (  252):     #08 pc 000b20c5  /system/lib/libart.so (art::JniAbortF(char const*, char const*, ...)+68)
I/DEBUG   (  252):     #09 pc 000b467f  /system/lib/libart.so (_ZN3art11ScopedCheck5CheckEbPKcz.constprop.129+922)
I/DEBUG   (  252):     #10 pc 000be1ad  /system/lib/libart.so (art::CheckJNI::NewStringUTF(_JNIEnv*, char const*)+44)
I/DEBUG   (  252):     #11 pc 0005510b  /data/app/br.com.procempa.mapaOffline-1/lib/arm/libsqlc-native-driver.so (Java_io_liteglue_SQLiteNative_sqlc_1st_1column_1text_1native__JI+26)
I/DEBUG   (  252):     #12 pc 000041f3  /data/dalvik-cache/arm/data@app@br.com.procempa.mapaOffline-1@base.apk@classes.dex
D/WifiService(  908): releaseWifiLockLocked: WifiLock{NlpWifiLock type=2 binder=android.os.BinderProxy@8ae35ef}
W/ActivityManager(  908):   Force finishing activity 1 br.com.procempa.mapaOffline/.MainActivity
I/BootReceiver(  908): Copying /data/tombstones/tombstone_00 to DropBox (SYSTEM_TOMBSTONE)
I/WindowState(  908): WIN DEATH: Window{35addc9b u0 br.com.procempa.mapaOffline/br.com.procempa.mapaOffline.MainActivity}
W/ActivityManager(  908): Exception thrown during pause
W/ActivityManager(  908): android.os.DeadObjectException
W/ActivityManager(  908): 	at android.os.BinderProxy.transactNative(Native Method)
W/ActivityManager(  908): 	at android.os.BinderProxy.transact(Binder.java:496)
W/ActivityManager(  908): 	at android.app.ApplicationThreadProxy.schedulePauseActivity(ApplicationThreadNative.java:711)
W/ActivityManager(  908): 	at com.android.server.am.ActivityStack.startPausingLocked(ActivityStack.java:829)
W/ActivityManager(  908): 	at com.android.server.am.ActivityStack.finishActivityLocked(ActivityStack.java:2749)
W/ActivityManager(  908): 	at com.android.server.am.ActivityStack.finishTopRunningActivityLocked(ActivityStack.java:2606)
W/ActivityManager(  908): 	at com.android.server.am.ActivityStackSupervisor.finishTopRunningActivityLocked(ActivityStackSupervisor.java:2544)
W/ActivityManager(  908): 	at com.android.server.am.ActivityManagerService.handleAppCrashLocked(ActivityManagerService.java:11721)
W/ActivityManager(  908): 	at com.android.server.am.ActivityManagerService.makeAppCrashingLocked(ActivityManagerService.java:11618)
W/ActivityManager(  908): 	at com.android.server.am.ActivityManagerService.crashApplication(ActivityManagerService.java:12330)
W/ActivityManager(  908): 	at com.android.server.am.ActivityManagerService.handleApplicationCrashInner(ActivityManagerService.java:11819)
W/ActivityManager(  908): 	at com.android.server.am.NativeCrashListener$NativeCrashReporter.run(NativeCrashListener.java:86)
I/ActivityManager(  908): Process br.com.procempa.mapaOffline (pid 15865) has died
W/ProcessCpuTracker(  908): Skipping unknown process pid 16005
V/AlarmManager(  908): sending alarm {3e78b773 type 0 *walarm*:com.android.vending/com.google.android.finsky.services.ContentSyncService}
V/AlarmManager(  908): done {3e78b773, *walarm*:com.android.vending/com.google.android.finsky.services.ContentSyncService} [11ms]
I/SFPerfTracer(  226):      triggers: (rate: 2293:53539) (compose: 0:73) (post: 0:614) (render: 0:543) (16:902217 frames) (17:1268559)
D/SFPerfTracer(  226):        layers: (6:11) (FocusedStackFrame (0xb65a1000): 0:4796)* (DimLayer (0xb660c000): 0:335) (DimLayer (0xb6614000): 0:12)* (DimLayer (0xb66a9000): 0:3346)* (DimLayer (0xb65ff000): 0:1303)* (StatusBar (0xb6616000): 0:177462) (com.android.systemui.ImageWallpaper (0xb6606000): 0:3833) (NavigationBar (0xb660e000): 0:378) (br.com.procempa.mapaOffline/br.com.procempa.mapaOffline.MainActivity (0xb6604000): 0:87)- (Application Error: br.com.procempa.mapaOffline (0xb66a0000): 17:39) (com.android.launcher/com.android.launcher2.Launcher (0xb6604000): 0:5) 
W/InputMethodManagerService(  908): Got RemoteException sending setActive(false) notification to pid 15865 uid 10174
I/SFPerfTracer(  226):      triggers: (rate: 0:185) (93492 sw vsyncs) (0 skipped) (20:3538313 vsyncs) (22:4341711)
I/ActivityManager(  908): START u0 {act=android.intent.action.MAIN cat=[android.intent.category.LAUNCHER] flg=0x10200000 cmp=br.com.procempa.mapaOffline/.MainActivity (has extras)} from uid 10050 on display 0
V/WindowManager(  908): addAppToken: AppWindowToken{1459a55c token=Token{161d57cf ActivityRecord{c3d502e u0 br.com.procempa.mapaOffline/.MainActivity t406}}} to stack=1 task=406 at 0
V/WindowManager(  908): Adding window Window{3652413a u0 Starting br.com.procempa.mapaOffline} at 2 of 10 (after Window{26afb197 u0 com.android.chrome/org.chromium.chrome.browser.document.CipherKeyActivity})
I/ActivityManager(  908): Start proc 16137:br.com.procempa.mapaOffline/u0a174 for activity br.com.procempa.mapaOffline/.MainActivity
D/ConnectivityService(  908): updateNetworkScore for NetworkAgentInfo [WIFI () - 212] to 56
D/ConnectivityService(  908): rematching NetworkAgentInfo [WIFI () - 212]
D/ConnectivityService(  908): Network NetworkAgentInfo [WIFI () - 212] was already satisfying request 1. No change.
D/ConnectivityService(  908): notifyType AVAILABLE for NetworkAgentInfo [WIFI () - 212]
I/SFPerfTracer(  226):      triggers: (rate: 2293:53540) (compose: 0:73) (post: 0:614) (render: 0:543) (12:902312 frames) (13:1268669)
D/SFPerfTracer(  226):        layers: (5:11) (FocusedStackFrame (0xb65a1000): 0:4798)* (DimLayer (0xb660c000): 0:348)* (DimLayer (0xb6614000): 0:12)* (DimLayer (0xb66a9000): 0:3346)* (DimLayer (0xb65ff000): 0:1303)* (StatusBar (0xb6616000): 0:177482) (com.android.systemui.ImageWallpaper (0xb6606000): 0:3836) (NavigationBar (0xb660e000): 0:391) (Application Error: br.com.procempa.mapaOffline (0xb66a0000): 0:55)- (com.android.launcher/com.android.launcher2.Launcher (0xb6604000): 0:79) (Starting br.com.procempa.mapaOffline (0xb66a0000): 13:16) 
V/WindowManager(  908): Adding window Window{281d6db6 u0 br.com.procempa.mapaOffline/br.com.procempa.mapaOffline.MainActivity} at 4 of 11 (before Window{3652413a u0 Starting br.com.procempa.mapaOffline})
I/LaunchCheckinHandler(  908): Displayed br.com.procempa.mapaOffline/.MainActivity,cp,ca,677
V/AlarmManager(  908): sending alarm {19e72efe type 3 *alarm*:android.intent.action.TIME_TICK}
I/SFPerfTracer(  226):      triggers: (rate: 0:185) (93492 sw vsyncs) (0 skipped) (84:3538485 vsyncs) (86:4341897)
V/AlarmManager(  908): done {19e72efe, *alarm*:android.intent.action.TIME_TICK} [225ms]
D/ConnectivityService(  908): updateNetworkScore for NetworkAgentInfo [WIFI () - 212] to 60
D/ConnectivityService(  908): rematching NetworkAgentInfo [WIFI () - 212]
D/ConnectivityService(  908): Network NetworkAgentInfo [WIFI () - 212] was already satisfying request 1. No change.
D/ConnectivityService(  908): notifyType AVAILABLE for NetworkAgentInfo [WIFI () - 212]
D/TaskPersister(  908): removeObsoleteFile: deleting file=405_task.xml
D/TaskPersister(  908): removeObsoleteFile: deleting file=405_task_thumbnail.png
I/SFPerfTracer(  226):      triggers: (rate: 0:185) (93492 sw vsyncs) (0 skipped) (51:3538602 vsyncs) (53:4342019)
I/SFPerfTracer(  226):      triggers: (rate: 2293:53544) (compose: 0:73) (post: 0:614) (render: 0:543) (18:902413 frames) (19:1268784)
D/SFPerfTracer(  226):        layers: (3:11) (FocusedStackFrame (0xb65a1000): 0:4800)* (DimLayer (0xb660c000): 0:348)* (DimLayer (0xb6614000): 0:12)* (DimLayer (0xb66a9000): 0:3346)* (DimLayer (0xb65ff000): 0:1303)* (StatusBar (0xb6616000): 0:177501) (com.android.systemui.ImageWallpaper (0xb6606000): 0:3837)* (NavigationBar (0xb660e000): 0:402) (com.android.launcher/com.android.launcher2.Launcher (0xb6604000): 0:79)- (Starting br.com.procempa.mapaOffline (0xb66a0000): 0:30)- (br.com.procempa.mapaOffline/br.com.procempa.mapaOffline.MainActivity (0xb6608000): 19:91) 
D/ConnectivityService(  908): updateNetworkScore for NetworkAgentInfo [WIFI () - 212] to 56
D/ConnectivityService(  908): rematching NetworkAgentInfo [WIFI () - 212]
D/ConnectivityService(  908): Network NetworkAgentInfo [WIFI () - 212] was already satisfying request 1. No change.
D/ConnectivityService(  908): notifyType AVAILABLE for NetworkAgentInfo [WIFI () - 212]
W/logd    (16236): Dropped 4
F/google-breakpad(16236): -----BEGIN BREAKPAD MICRODUMP-----
F/google-breakpad(16236): V WebView:47.0.2526.100
F/google-breakpad(16236): O A arm 02 armv7l motorola/ghost_retbr/ghost:5.1/LPA23.12-21.7/5:user/release-keys
F/google-breakpad(16236): G OpenGL ES 3.0 V@84.0 AU@05.00.02.006.020 (CL@)|Qualcomm|Adreno (TM) 320
F/google-breakpad(16236): S 0 9D963530 9D963000 00001000
F/google-breakpad(16236): S 9D963000 010000005030969D1030969D71C8E0B65530969D010000005630969D020000006030969D08000000EC5F09A3010000009430969D01000000F0D67BB404000000F430969D1D0000001435969D0000000020F586B400004C3F7A80B4569C70191C7A80B4569C70191C04FEE7B65010E1B61D0000000000000089C7E0B604FEE7B620F586B4001CDAAF01000000E9CAE0B60802FFFF07000000FF0300009430969D01000000F0D67BB404000000F430969D1D0000006430969D582F00A301000000582F00A3FFFFFFFF582F00A3FFFFFFFF682B00A30850F2CE04FEE7B6F430969DF0D67BB40700000000000000DBCCE0B61435969D6172742F72756E74696D652F72756E74696D652E63633A3331345D200020286E6F206D616E6167656420737461636B206672616D65732900646174612F6170702F636F6D2E676F6F676C652E616E64726F69642E776562766965772D312F6C69622F61726D2F6C6962776562766965776368726F6D69756D2E736F20283F3F3F2900785F742A2C2074696D65
F/google-breakpad(16236): S 9D963180 7370656320636F6E73742A2C20696E74292B323829003536290076655F73716C635F3173745F31636F6C756D6E5F31746578745F316E61746976655F5F4A492B31303229008B129FD8CB20A59F43FAB600D091A0F443BFB334D091A00800B5B5A88B129F0032969D000000A3C000C0B4F831969D311AE5B61832969D1D19E5B6F015009F010000004818009FFFFFFFFF4818009F010000004818009FBC7FE8B6AB020000B531E5B6010000000100000081000000C800C0B400B6E7B60100000001000000A07FE8B60200000000E02AA3000000A3B478E8B600E02AA3000000A3B478E8B6A004C0B4C000C0B44734E5B6C432969DD0D8B9B53C6FB5B500000000D0D8B9B560000000001000003F1200005000000000000000A833969DA004C0B400E02AA3000000A3C00000000000009F00CB009F586382B4010000008006C0B420000000000000A360AB21A3686282B404000000C002C0B4686282B40400000020000000000000A3A0A921A3686282B404000000C002C0B4686282B404000000
F/google-breakpad(16236): S 9D963300 C002C0B400B6E7B6E86682B46915E6B6C000000000020000486282B4000000000300000001000000006282B4B07FE8B6280000000000009F38300B9F806282B41834969D00000000806282B40400000004FEE7B60000000098D57BB4BCD57BB45CD57BB4C4DC7DB4A8DE7DB45CD57BB404000000010000002019B9B43CE17DB4E47FE8B6986B7FB42019B9B4747B59B4006282B4CC000000AA1D090003000000010000002019B9B400B08AB44062129F80717FB4447559B4806A7FB41034969D010000002019B9B478717FB4594FE2B6E0F42500607559B4F8837FB477BF72B400000000F0310B9FC8FB14B5A4B2089F0000000003000000000000000C0000000C000000FB0100000000009FC018009FC000C0B4010000000D0000005B2AE5B6000000000100000001000000000000002019B9B40000009FFB010000000000000C000000F801000000C00000BC7FE8B6C800C0B4AB2AE5B60C00000001000000B83D969D0200000081000000C800C0B4000000000000000001000000C800C0B4
F/google-breakpad(16236): S 9D963480 020000000000000000000000399EE2B6400DC0B4010000000200000000B01F9F000000007F3BE5B60000000000C00000FFFFFFFF0FCC0000106682B4001CDAAF0EBC000004FEE7B6D4DC7BB4AFD1E5B6ECD67BB46CAA7FB4E47FE8B6EDD67BB404FEE7B6ECD67BB4806A7FB468B0C4B5010700000850F2CE8435969D3A01000018C57EB42019B9B4DFFFFFFF000000000412000000000000B83D969D060000000B0000004C3F000000000000B999E2B6B03D969D06000000000000005835969DECCF7FB4D3A5E2B65435969D7D6DE2B600B01F9FDFFFFFFFFFFFFFFF8435969D64BB7FB464CE7DB48435969D64BB7FB464CE7DB4F051E2B61300000003D471B48836969D0000000051000000450A00008836969D6CAA7FB451000000E5B359B4AC35969D20000000F036969D68B0C4B501AA7FB404FEE7B6510A0000450A0000004485B40850F2CEA836969D8018B9B468E67BB4000000806436969D6436969DF036969D001CDAAF6CAA7FB48B5B5AB4FFFFFFFF800000000B000000DB13E6B6
F/google-breakpad(16236): S 9D963600 000000000000000080000000086C7FB4C036969D906B7FB4106B7FB48836969D04FEE7B668E67BB440BB7FB4BCDB7BB468E67BB480000000020000003E0000003F0000003837969D010000003E0000003F000000B936969D00004300810000000000430000005500001CDAAF00040DA300D289B4001CDAAF43000000430000000043BFB3D908E4008018B9B400000000F443BFB3F443BFB3E47FE8B6DC36969DB836969D001CDAAF510A0000440A0000004485B400000000146C7FB4986B7FB468B0C4B500000000000000000000000000F00F9F44FA0F9FFFFF0F9F01100000FF0F000000F00F9F44FA0F9F10000000286C7FB40210000006000000000000000000000000000000BC36969D68B0C4B50000000000000000000000000000000000000000000000000000000000000000000000000000000000000000200000008080059F0850F2CE001CDAAF0000000004FEE7B6F88C7EB400000000010000000100000090EE7BB409B0139FC9605AB430847FB4A037969D6100000051000000
F/google-breakpad(16236): S 9D963780 20E807A30850F2CE00000000A9F07BB44C38969D6CAA7FB483865AB4D4EE7BB45CEC7BB48900000008B0139FF9CC76B404FEE7B604FEE7B6001CDAAF7CEE7BB4D4EE7BB4F8E67BB49CEE7BB458EE7BB40000000004FEE7B64438969D68E67BB4D4DC7BB4ACDC7BB468E67BB4BCDB7BB4D0DB7BB40100000000DCCF12001CDAAF0000000068E67BB4001CDAAF0850F2CE010000004C38969D00040DA308B0139FA0E7EE1200000000001CDAAFC0FBDF7300000000B1215BB4A8F07BB400040DA308B0139F0000000002000000001CDAAF00040DA300D289B4001CDAAF4300000055000000008C93A0F88C7EB420000000011E109F798F93A000040DA36861129F000000000D2197A05B000000F5210EB00000000000000000A0E7EE120000000070DFDF73000000000100000000DCCF1200000000040000006861129F00000000000000006861129F00000000A0E7EE1200000000C0FBDF7300000000BB830FB0C0FBDF736861129F000000000000000000000000000000000000000000000000
F/google-breakpad(16236): S 9D963900 0000000000E8EE12A0E7EE1298F4DF7380E7EE1280E7EE1200000000EBA00FB098F4DF7338B5886FE003EC129B84E97138B5886F08408B6F28E4DF730000000080E7EE1208408B6FC0D6EB121500000008408B6FE003EC1228E4DF7340E8EE1280E7EE120000000040E8EE1297B40FB028E4DF73B0DFEA1203000000651A00000000000060FEEB1280DEEE12B0DFEA12C0DAEE12A003EC120100000080FFEB12D003EC125002EC1201000000E003EC12A0E9DF7348368B6F9003EC1280E7EE1200000000E003EC129003EC1200000000000000000000000060FEEB12D0E4DF7380DEEE12B0DFEA1200000000B7B90FB0D0E4DF7360FEEB1280DEEE12B0DFEA12C0DAEE120100000001000000000000000000000060FEEB12E0DFEA1270F0EE12F0DFEA12C0DAEE12010000009003EC12383C896F00000000000000004000EF126091EE12C0DD776F80DEEE120000000000000000010000006091EE12313CF071F87B896FD090EE12C081EE12CF6E59B42822A16F00000000C0DAEE129003EC12
F/google-breakpad(16236): S 9D963A80 0000000060FEEB1278E3DF73D093EE12E0DFEA12D090EE1270F0EE12AD290EB078E3DF7360FEEB12E0DFEA1270F0EE12F0DFEA12C0DAEE12D892896F0348D271785A0A700000000001000000F086067000000000F0DFEA12C0DAEE122B5BF171488C896FD892896F70C9EA1200000000D090EE12C044C9120000000039FBF071D892896FD090EE120100000004FEE7B6386282B404FEE7B6010000007CEE7BB400000000C0FAEA129CEE7BB458EE7BB40000002000000000010000000000000000B6E7B670C9EA12C044C912D886896FF03B969D00000000B83B969D8D5BF171D886896F00040DA3ECCF7FB40850F2CE1C3D969DADAA6BB4B20C0000ADAA6BB470C9EA12C0FAEA1288F8856F21FBD77188F8856F403D969D1C3D969D5FAB5AB4B03B969D503C969DD83B969D395B59B400000000C0FAEA1288F8856F841CDAAF001CDAAF88F8856F683C969D49D26DB4503C969D761233700400000076123370503C969D04FEE7B6430000000000000000000000000000000000000000000000
F/google-breakpad(16236): S 9D963C00 0000000001000000343C969D0850F2CE906F25A30000000000040DA3503C969D403C969D403D969D88F8856FC0FAEA1276123370B99971B4503C969D76123370746F7273683C969D010000000F0000000000000000000000761233700100000004000000683C969DC0FAEA120850F2CE0000000000040DA3000000000850F2CEE47FE8B60F2E17A304FEE7B6B83D969D103D969DECCF7FB4403D969D419474B432000000E0C7EB12000000006BDC78B440000000002E17A300000000001CDAAF88D17FB4103D969DECCF7FB4203D969D04FDFFFF4D0373B4000000000000000000000000000000000000000040BB7FB404FEE7B6388283B4183D969D68E67BB4D4DC7BB468E67BB4BCDB7BB4D0DB7BB400000000000055000000000000005500001CDAAF00040DA300D289B4001CDAAF4300000055000000000000000000000000004300780000000891C4AF5DC4E2B6FFFFFFFF000000000000000000000000110000000F000000002E17A30850F2CEFFFFFFFF0091C4AF4091C4AF0091C4AF
F/google-breakpad(16236): S 9D963D80 780000000891C4AF0891C4AF8D91E2B6B03D969DAD91E2B68D91E2B60891C4AF8D91E2B6D970E2B6B03D969D00000000B03D969D0091C4AF1600000000000000000000000850F2CE4491C4AF0000000000000000FFFFFFFF0000000000000000886F25A3C85B09A3005B09A3C05B09A3000000000000000000000000C0CF029F001CDAAF0000000000000000807FBBB4000000000000000000000000000000000000000000000000000000000000000000000000000000000000000000000000000000000000000000000000000000000000000000000000000000000000000000000000000000000000000000000000000000000000000000000000000000000000000000000000000000000000000000000000000000000000000000000000000000000000000000000000000000000000000000000000000000000000000000000000000000000000000000000000000000000000000000000000000000000000000000000000000000000000000000000000000000000000000000000000
F/google-breakpad(16236): S 9D963F00 00000000000000000000000000000000000000000000000000000000000000000000000000000000000000000000000000000000000000000000000000000000000000000000000000000000000000000000000000000000000000000000000000000000000000000000000000000000000000000000000000000000000000000000000000000000000000000000000000000000000000000000000000000000000000000000000000000000000000000000000000000000000000000000000000000000000000000000000000000000000000000000000000000000000000000000000000000000000000000000000000000000000000000000000000000000
F/google-breakpad(16236): C 06000040000000004C3F00000600000000000000B83D969D060000000B0000000C0100000000000020F586B4001CDAAF010000004C3F00003035969DC199E2B64CDBE4B6100007600000000000000000000000000000000000000000000000000000000000000000000000000000000000000000000000000000000000000000000000000000000000000000000000000000000000000000000000000000000000000000000000000000000000000000000000000000000000000000000000000000000000000000000000000000000000000000000000000000000000000000000000000000000000000000000000000000000000000000000000000000000000000000000000000000000000000000000000000000000000000000000000000000000000000000000000000000000000000000000000000000000000000000000000000000000000000000000000000000000000000000000000000000000000000000000000000000000000000000
F/google-breakpad(16236): M B6FB4000 00000000 00003000 377EC2392EEE3DFEC5C99742DF4AEA850 app_process32
F/google-breakpad(16236): M A091D000 00000000 00067000 01022CF54C7479A869F8BE664FC4EE230 libsqlc-native-driver.so
F/google-breakpad(16236): M A363F000 00000000 00005000 65709DDB7844CB23300C0EF48C8391510 libqdutils.so
F/google-breakpad(16236): M A3644000 00000000 00005000 717D2EB6B02E838A66CB2D3E923A0FE70 libmemalloc.so
F/google-breakpad(16236): M A3649000 00000000 00006000 C5AD083516AC2EE7287740722D13BFD00 gralloc.msm8960.so
F/google-breakpad(16236): M A4AA2000 00000000 0046B000 F6C80A8EB049C2AC7BCD6E22DE3D54360 libsc-a3xx.so
F/google-breakpad(16236): M A6743000 00000000 01BD4000 0E370D65AC05F48D3821C792FCDA43B50 libwebviewchromium.so
F/google-breakpad(16236): M ACB43000 00000000 00003000 92AEC9935A8E5A07D59E3868060A5F2E0 libwebviewchromium_loader.so
F/google-breakpad(16236): M ACB46000 00000000 00008000 F2B1298EE4C6EA0900CDACD17FB5C16B0 libcompiler_rt.so
F/google-breakpad(16236): M ACB4E000 00000000 00010000 62690FE7B4748EF8151B01903B27608D0 libandroid.so
F/google-breakpad(16236): M ACB5E000 00000000 0013B000 9C07AB9E6D41D8E1E824C6914C4DA80F0 libGLESv2_adreno.so
F/google-breakpad(16236): M ACC9A000 00000000 00034000 CF692CC2042CC03999A6210A4668E2EF0 libGLESv1_CM_adreno.so
F/google-breakpad(16236): M ACCCE000 00000000 00026000 E16AB8458B6B2A7B6C3478BAEB31C4CF0 libgsl.so
F/google-breakpad(16236): M ACCF5000 00000000 00004000 EB49C5D6528506CB9B372BB982BA92C20 libadreno_utils.so
F/google-breakpad(16236): M ACCFA000 00000000 00029000 C29A614A484EC8848AF5ACCAD72F030E0 libEGL_adreno.so
F/google-breakpad(16236): M AD32B000 00000000 00018000 51F65787C45EB52D7DF5EA320CB179AF0 libjavacrypto.so
F/google-breakpad(16236): M AD343000 00000000 00009000 8452CE587CC6C1496722726A3DA08AD80 librs_jni.so
F/google-breakpad(16236): M AD34C000 00000000 00006000 417FA8AD15AC242EB4DF5082BFE52CEE0 libaudioeffect_jni.so
F/google-breakpad(16236): M AD352000 00000000 00004000 CDA9BA072D4DECC71C5E63467275E7EE0 libsoundpool.so
F/google-breakpad(16236): M AD356000 00000000 0001B000 F59669C665FE4B073886A8DAAECEA86F0 libvorbisidec.so
F/google-breakpad(16236): M AD371000 00000000 00004000 9FC00D0B150FE9FC57763A76206D1D550 libstagefright_yuv.so
F/google-breakpad(16236): M AD375000 00000000 00022000 C2E86F2EB7B15B4230462BD600BB98850 libstagefright_omx.so
F/google-breakpad(16236): M AD397000 00000000 0003C000 F19A7DFF3B6F3AF94EAE23CA11905BAD0 libopus.so
F/google-breakpad(16236): M AD3D3000 00000000 0001B000 87AFCC5E47ED503148F1AA03777E88590 libdrmframework.so
F/google-breakpad(16236): M AD3EE000 00000000 0000E000 D02CB251CF8787A770DE2CFDC52A2B040 libstagefright_amrnb_common.so
F/google-breakpad(16236): M AD3FC000 00000000 00132000 E6069AC0EB07ACAEAE682B398D89D4D10 libstagefright.so
F/google-breakpad(16236): M AD52E000 00000000 00017000 459F7205A270FE376472C3CDBD1F29B20 libmtp.so
F/google-breakpad(16236): M AD545000 00000000 0002C000 512DAAC681257789E71C0FCD483BC6A10 libexif.so
F/google-breakpad(16236): M AD571000 00000000 0003E000 B46189AFDA2BF396FF01B4CE2008BF0F0 libmedia_jni.so
F/google-breakpad(16236): M AF9E8000 00000000 00003000 38BBCD36F7E30531E1B5E4A5EF6801780 memtrack.msm8960.so
F/google-breakpad(16236): M B0000000 00000000 00003000 8FF5949AE957364C270D0F448DAD4FE20 libjnigraphics.so
F/google-breakpad(16236): M B0003000 00000000 0000B000 D2AB743CCCD8D2EB9B66A47707CC1E530 libjhead.so
F/google-breakpad(16236): M B005A000 00000000 0000C000 06DBF98091A8123FC1BCCC75F49D6CFB0 eglsubAndroid.so
F/google-breakpad(16236): M B14FF000 00000000 00038000 FE4EB356A2DF9D6013F3C471876ED1C20 libjavacore.so
F/google-breakpad(16236): M B3C0A000 00000000 00004000 F007D0E8B4B1447628068777E701EBBC0 libwebviewchromium_plat_support.so
F/google-breakpad(16236): M B44F4000 00000000 00308000 A9C6AC7258E0C858A38D42A073C7A7520 libart.so
F/google-breakpad(16236): M B5000000 00000000 00003000 E11DA546CE9E08D1D647E8E1135DAD810 libstagefright_enc_common.so
F/google-breakpad(16236): M B5003000 00000000 00007000 741CC494F5299870A1C62FD71E37AE5F0 libstagefright_avc_common.so
F/google-breakpad(16236): M B5143000 00000000 00003000 133BEE27C6351072BEF5780E5368857F0 libsigchain.so
F/google-breakpad(16236): M B5148000 00000000 00009000 366EEBA5DDD843690FBD36EEF9604ACB0 libbacktrace_libc++.so
F/google-breakpad(16236): M B5172000 00000000 00005000 D3EA22EB9F383751AB500AE5951F0DB30 libpowermanager.so
F/google-breakpad(16236): M B5177000 00000000 0000F000 E43E7FA869E4BCDAA3CC9601DF5A6A520 libcommon_time_client.so
F/google-breakpad(16236): M B5186000 00000000 0003D000 4737D9B437500703277EA2FEC551A56A0 libbcinfo.so
F/google-breakpad(16236): M B51C3000 00000000 00024000 744D4EF3EA647DC8C22E5035844D41990 libbcc.so
F/google-breakpad(16236): M B5207000 00000000 00938000 15C2EA55ED53B1B50EB94E54A0BF2ECE0 libLLVM.so
F/google-breakpad(16236): M B5B46000 00000000 00004000 7AE0C00FAEDEA3E81109CC784D49A6960 libunwind-ptrace.so
F/google-breakpad(16236): M B5B4A000 00000000 0000E000 FEC52DCEA9703BC3D04786B7558687FF0 libunwind.so
F/google-breakpad(16236): M B5B9E000 00000000 00007000 3874D35A672DF92604963290963F44990 libgccdemangle.so
F/google-breakpad(16236): M B5BA5000 00000000 00012000 1ED721809D4ADEC8823197FA7B47EA470 libpcre.so
F/google-breakpad(16236): M B5BB7000 00000000 00094000 B169DDD386671F04347022ABD49F6F890 libc++.so
F/google-breakpad(16236): M B5C4C000 00000000 00028000 CE57DAFBAD37BA47A3BD195C934E83040 libpng.so
F/google-breakpad(16236): M B5C74000 00000000 0005B000 65A30D6CAD23E6191010184F02D9B3E10 libft2.so
F/google-breakpad(16236): M B5CD1000 00000000 00017000 6277772E2C87892DB67F815EBEBEBD810 libstagefright_foundation.so
F/google-breakpad(16236): M B5CE8000 00000000 0000A000 6B713D36804D7F05D55318F859E1E1400 libnbaio.so
F/google-breakpad(16236): M B5CF2000 00000000 00006000 F4F99E4A6E63BF8C8005D96B2BAC8CEB0 libgabi++.so
F/google-breakpad(16236): M B5CF8000 00000000 0001D000 E9848AA3BE862BD6B2674174F38D42020 libRScpp.so
F/google-breakpad(16236): M B5D15000 00000000 0003A000 C6E1A4292A80C08C45DACF37941651EE0 libRS.so
F/google-breakpad(16236): M B5D4F000 00000000 00005000 4E8926B7F3B40489DDA2954EC97B8D220 libwpa_client.so
F/google-breakpad(16236): M B5D54000 00000000 00003000 2D9083CB8C22C02E1412DA13B1CA43AE0 libsync.so
F/google-breakpad(16236): M B5D57000 00000000 00006000 AC1D054A26491BE96E8BCCB1E5F2926F0 libspeexresampler.so
F/google-breakpad(16236): M B5D5D000 00000000 00071000 A12BAF7D82BE28EC681730452D351E880 libGLES_trace.so
F/google-breakpad(16236): M B5DCE000 00000000 0000A000 5A3201787CDD7A2DAD894090C92E2C0E0 libbacktrace.so
F/google-breakpad(16236): M B5DD8000 00000000 0001A000 03AD92B0BEDAA751C0016E97AE374CAE0 libz.so
F/google-breakpad(16236): M B5DF2000 00000000 00006000 64B8DC6F549681A57A8F2D2F22BBB0690 libusbhost.so
F/google-breakpad(16236): M B5DF9000 00000000 0000C000 4C6A0B2187C2251719402BE7365536730 libui.so
F/google-breakpad(16236): M B5E05000 00000000 0003B000 2FE003E5119C67BABE1A9FAB459A5A5D0 libstlport.so
F/google-breakpad(16236): M B5E40000 00000000 00041000 A87224550AFBAF5C1BC6A39F93D20C130 libssl.so
F/google-breakpad(16236): M B5E81000 00000000 000FF000 C8874FF4F4326BA7F3F4CA6B0B40E5190 libsqlite.so
F/google-breakpad(16236): M B5F80000 00000000 0000F000 F954BA248E12C9AF32F54434F977FEF80 libsoundtrigger.so
F/google-breakpad(16236): M B5F8F000 00000000 00052000 2577A241CD97AC4587741061E5E2BC950 libsonivox.so
F/google-breakpad(16236): M B5FE6000 00000000 00231000 636496D8A70CB3506BFAC66F555B0EC30 libskia.so
F/google-breakpad(16236): M B621C000 00000000 0000F000 11327F5AE73AEFA7E50E693F0548A3010 libselinux.so
F/google-breakpad(16236): M B622B000 00000000 00004000 4E6C8C876BA563C3C4B0B3BA562093920 libprocessgroup.so
F/google-breakpad(16236): M B622F000 00000000 0045B000 83C5B450634DDB5C4FC41CA61A35B3740 libpdfium.so
F/google-breakpad(16236): M B668F000 00000000 00007000 ADCE932B3390EC21752A7A6149AA6DA60 libnetutils.so
F/google-breakpad(16236): M B6696000 00000000 00004000 9DD43767890F53F4803405F1920CD2EF0 libnetd_client.so
F/google-breakpad(16236): M B669B000 00000000 00007000 75FE2C03B4B2120A8CFB0974E91F1E880 libnativehelper.so
F/google-breakpad(16236): M B66A2000 00000000 00004000 6AAFF7E8CE1BD875991E2F25761D14760 libnativebridge.so
F/google-breakpad(16236): M B66A7000 00000000 0000C000 1CA7BC0790E903E9229128A166929FEB0 libminikin.so
F/google-breakpad(16236): M B66B3000 00000000 00003000 CCA8BE0D07D24523C8D02FEE5F724EA70 libmemtrack.so
F/google-breakpad(16236): M B66B6000 00000000 0009D000 A59D88BBAF43DA7ED5D844FD5AF54D6C0 libmedia.so
F/google-breakpad(16236): M B6753000 00000000 00033000 EFC20D03341A8FDDD720FFD4FC9C44EA0 libjpeg.so
F/google-breakpad(16236): M B6786000 00000000 0003C000 C26E0CE9070BDBBD11575C281FBC08140 libinputflinger.so
F/google-breakpad(16236): M B67C2000 00000000 0001B000 74F168449838583071D83A6436D107740 libinput.so
F/google-breakpad(16236): M B67DD000 00000000 0000F000 40DF8D62DE420FD303DF8B12AFD7D5000 libimg_utils.so
F/google-breakpad(16236): M B67EC000 00000000 00110000 1BE5D66B75FDE88B86D7E83065EE37160 libicuuc.so
F/google-breakpad(16236): M B6900000 00000000 00167000 237F53C12084A7F42405B410FDE8B4020 libicui18n.so
F/google-breakpad(16236): M B6A67000 00000000 0004D000 89EEAC86DE35AA19D88F9129189700650 libhwui.so
F/google-breakpad(16236): M B6AB5000 00000000 00048000 AC5AE16EC01F4362C8E63DF66565090D0 libharfbuzz_ng.so
F/google-breakpad(16236): M B6AFD000 00000000 00008000 DB0063C00AA09F3A1A774F42D78689CF0 libhardware_legacy.so
F/google-breakpad(16236): M B6B06000 00000000 00003000 914425D16565257955F7E1574360B71F0 libhardware.so
F/google-breakpad(16236): M B6B09000 00000000 0004F000 37CDD5F6AE8DEE3414D8C916B78C88690 libgui.so
F/google-breakpad(16236): M B6B58000 00000000 00017000 B98E65710C415C83E972EBDC1EB52AC00 libexpat.so
F/google-breakpad(16236): M B6B6F000 00000000 0015F000 3E90D4999361F43D859D8C3CCC5140330 libcrypto.so
F/google-breakpad(16236): M B6CD1000 00000000 00008000 FD57BD3754F1C9D63F3F9E1E550B9E950 libcamera_metadata.so
F/google-breakpad(16236): M B6CD9000 00000000 0003B000 66F06EF97E0823332BAB91EDAF35A1B30 libcamera_client.so
F/google-breakpad(16236): M B6D14000 00000000 00006000 C7B066E606462D658A4D7A9F2EAA61D80 libaudioutils.so
F/google-breakpad(16236): M B6D1A000 00000000 00026000 42872CCFC8178A26833DFC1C5068DA740 libandroidfw.so
F/google-breakpad(16236): M B6D40000 00000000 0000B000 E2F67EE50006FD0ED1482E1463C5CCFF0 libGLESv2.so
F/google-breakpad(16236): M B6D4B000 00000000 00007000 EFE6AB19F4060BCECF8CF0E68958C2F60 libGLESv1_CM.so
F/google-breakpad(16236): M B6D53000 00000000 00004000 C91EAF69D18F0D499BD58532BBA173690 libETC1.so
F/google-breakpad(16236): M B6D57000 00000000 00068000 92714C4D425611328101DB55FDE48EFD0 libEGL.so
F/google-breakpad(16236): M B6DC2000 00000000 00005000 34F3B6B289EE32A2E139717CDF8295E00 libcnefeatureconfig.so
F/google-breakpad(16236): M B6DC8000 00000000 00018000 4929CACB90B1756D54AABC210956A8720 libutils.so
F/google-breakpad(16236): M B6DE0000 00000000 00004000 00A2FABEF44A19B2E7F1792148994BA30 libstdc++.so
F/google-breakpad(16236): M B6DE4000 00000000 00019000 AE3467401278371A956801500FC8187D0 libm.so
F/google-breakpad(16236): M B6DFD000 00000000 00008000 B998FDEB56F7594D163EA469FE08B6D30 liblog.so
F/google-breakpad(16236): M B6E05000 00000000 0000D000 1370FC0D6014E3F9B189E9E41C19D7390 libcutils.so
F/google-breakpad(16236): M B6E12000 00000000 0006D000 C3D0BC032816EB6A288E7FB33509F2B90 libc.so
F/google-breakpad(16236): M B6E88000 00000000 00030000 ACE63A0E3012450D39746D59E61167700 libbinder.so
F/google-breakpad(16236): M B6EB8000 00000000 000E0000 8B5698C765DD031E2AF2F548778CBF140 libandroid_runtime.so
F/google-breakpad(16236): M B6F98000 00000000 00005000 79930F04B4B541442F6C29EF85B0B6150 libNimsWrap.so
F/google-breakpad(16236): M B6FA3000 00000000 0000D000 8FF02E921DD9BF0B16FED98A1BA4FAF70 linker
F/google-breakpad(16236): -----END BREAKPAD MICRODUMP-----
F/libc    (16137): Fatal signal 6 (SIGABRT), code -6 in tid 16204 (pool-1-thread-2)
I/DEBUG   (  252): *** *** *** *** *** *** *** *** *** *** *** *** *** *** *** ***
I/DEBUG   (  252): Build fingerprint: 'motorola/ghost_retbr/ghost:5.1/LPA23.12-21.7/5:user/release-keys'
I/DEBUG   (  252): Revision: 'p300'
I/DEBUG   (  252): ABI: 'arm'
I/DEBUG   (  252): pid: 16137, tid: 16204, name: pool-1-thread-2  >>> br.com.procempa.mapaOffline <<<
I/DEBUG   (  252): signal 6 (SIGABRT), code -6 (SI_TKILL), fault addr --------
I/DEBUG   (  252): Abort message: 'art/runtime/check_jni.cc:65] JNI DETECTED ERROR IN APPLICATION: input is not valid Modified UTF-8: illegal start byte 0x89'
I/DEBUG   (  252):     r0 00000000  r1 00003f4c  r2 00000006  r3 00000000
I/DEBUG   (  252):     r4 9d963db8  r5 00000006  r6 0000000b  r7 0000010c
I/DEBUG   (  252):     r8 00000000  r9 b486f520  sl afda1c00  fp 00000001
I/DEBUG   (  252):     ip 00003f4c  sp 9d963530  lr b6e299c1  pc b6e4db4c  cpsr 60070010
I/DEBUG   (  252): 
I/DEBUG   (  252): backtrace:
I/DEBUG   (  252):     #00 pc 0003bb4c  /system/lib/libc.so (tgkill+12)
I/DEBUG   (  252):     #01 pc 000179bd  /system/lib/libc.so (pthread_kill+52)
I/DEBUG   (  252):     #02 pc 000185cf  /system/lib/libc.so (raise+10)
I/DEBUG   (  252):     #03 pc 00014d79  /system/lib/libc.so (__libc_android_abort+36)
I/DEBUG   (  252):     #04 pc 000131ec  /system/lib/libc.so (abort+4)
I/DEBUG   (  252):     #05 pc 002293ff  /system/lib/libart.so (art::Runtime::Abort()+170)
I/DEBUG   (  252):     #06 pc 000a73e1  /system/lib/libart.so (art::LogMessage::~LogMessage()+1360)
I/DEBUG   (  252):     #07 pc 000b1b87  /system/lib/libart.so (art::JniAbort(char const*, char const*)+1118)
I/DEBUG   (  252):     #08 pc 000b20c5  /system/lib/libart.so (art::JniAbortF(char const*, char const*, ...)+68)
I/DEBUG   (  252):     #09 pc 000b467f  /system/lib/libart.so (_ZN3art11ScopedCheck5CheckEbPKcz.constprop.129+922)
I/DEBUG   (  252):     #10 pc 000be1ad  /system/lib/libart.so (art::CheckJNI::NewStringUTF(_JNIEnv*, char const*)+44)
I/DEBUG   (  252):     #11 pc 0005510b  /data/app/br.com.procempa.mapaOffline-1/lib/arm/libsqlc-native-driver.so (Java_io_liteglue_SQLiteNative_sqlc_1st_1column_1text_1native__JI+26)
I/DEBUG   (  252):     #12 pc 000041f3  /data/dalvik-cache/arm/data@app@br.com.procempa.mapaOffline-1@base.apk@classes.dex
W/ActivityManager(  908):   Force finishing activity 1 br.com.procempa.mapaOffline/.MainActivity
I/BootReceiver(  908): Copying /data/tombstones/tombstone_01 to DropBox (SYSTEM_TOMBSTONE)
I/WindowState(  908): WIN DEATH: Window{281d6db6 u0 br.com.procempa.mapaOffline/br.com.procempa.mapaOffline.MainActivity}
E/libprocessgroup(  908): failed to kill 1 processes for processgroup 16137
I/ActivityManager(  908): Process br.com.procempa.mapaOffline (pid 16137) has died
W/InputMethodManagerService(  908): Got RemoteException sending setActive(false) notification to pid 16137 uid 10174
I/SFPerfTracer(  226):      triggers: (rate: 0:185) (93492 sw vsyncs) (0 skipped) (20:3538691 vsyncs) (22:4342133)
I/SFPerfTracer(  226):      triggers: (rate: 2293:53548) (compose: 0:73) (post: 0:614) (render: 0:543) (0:902487 frames) (1:1268884)
D/SFPerfTracer(  226):        layers: (3:11) (FocusedStackFrame (0xb65a1000): 0:4802)* (DimLayer (0xb660c000): 0:371)* (DimLayer (0xb6614000): 0:12)* (DimLayer (0xb66a9000): 0:3346)* (DimLayer (0xb65ff000): 0:1303)* (StatusBar (0xb6616000): 0:177532) (com.android.systemui.ImageWallpaper (0xb6606000): 1:3841)* (NavigationBar (0xb660e000): 0:415) (br.com.procempa.mapaOffline/br.com.procempa.mapaOffline.MainActivity (0xb6608000): 0:93)- (Application Error: br.com.procempa.mapaOffline (0xb66a0000): 0:56)- (com.android.launcher/com.android.launcher2.Launcher (0xb6608000): 1:11) 
D/ConnectivityService(  908): updateNetworkScore for NetworkAgentInfo [WIFI () - 212] to 60
D/ConnectivityService(  908): rematching NetworkAgentInfo [WIFI () - 212]
D/ConnectivityService(  908): Network NetworkAgentInfo [WIFI () - 212] was already satisfying request 1. No change.
D/ConnectivityService(  908): notifyType AVAILABLE for NetworkAgentInfo [WIFI () - 212]
D/ConnectivityService(  908): updateNetworkScore for NetworkAgentInfo [WIFI () - 212] to 56
D/ConnectivityService(  908): rematching NetworkAgentInfo [WIFI () - 212]
D/ConnectivityService(  908): Network NetworkAgentInfo [WIFI () - 212] was already satisfying request 1. No change.
D/ConnectivityService(  908): notifyType AVAILABLE for NetworkAgentInfo [WIFI () - 212]
D/ConnectivityService(  908): updateNetworkScore for NetworkAgentInfo [WIFI () - 212] to 60
D/ConnectivityService(  908): rematching NetworkAgentInfo [WIFI () - 212]
D/ConnectivityService(  908): Network NetworkAgentInfo [WIFI () - 212] was already satisfying request 1. No change.
D/ConnectivityService(  908): notifyType AVAILABLE for NetworkAgentInfo [WIFI () - 212]
I/ProcessStatsService(  908): Prepared write state in 19ms
D/ConnectivityService(  908): updateNetworkScore for NetworkAgentInfo [WIFI () - 212] to 56
D/ConnectivityService(  908): rematching NetworkAgentInfo [WIFI () - 212]
D/ConnectivityService(  908): Network NetworkAgentInfo [WIFI () - 212] was already satisfying request 1. No change.
D/ConnectivityService(  908): notifyType AVAILABLE for NetworkAgentInfo [WIFI () - 212]
V/AlarmManager(  908): sending alarm {3b539465 type 2 *walarm*:com.whatsapp.messaging.MessageService.CLIENT_PINGER_ACTION}
V/AlarmManager(  908): sending alarm {122d4f2d type 3 *alarm*:com.google.android.gms/.lockbox.LockboxAlarmReceiver}
V/AlarmManager(  908): done {3b539465, *walarm*:com.whatsapp.messaging.MessageService.CLIENT_PINGER_ACTION} [4ms]
V/AlarmManager(  908): done {122d4f2d, *alarm*:com.google.android.gms/.lockbox.LockboxAlarmReceiver} [11ms]
V/AlarmManager(  908): sending alarm {19e72efe type 3 *alarm*:android.intent.action.TIME_TICK}
V/AlarmManager(  908): done {19e72efe, *alarm*:android.intent.action.TIME_TICK} [71ms]
V/AlarmManager(  908): sending alarm {3d93aa6d type 1 *alarm*:com.android.deskclock.ON_QUARTER_HOUR}
I/ActivityManager(  908): Start proc 16808:com.google.android.deskclock/u0a96 for broadcast com.google.android.deskclock/com.android.alarmclock.DigitalAppWidgetProvider
W/ActivityManager(  908): getRunningAppProcesses: caller 10096 does not hold REAL_GET_TASKS; limiting output
V/AlarmManager(  908): done {3d93aa6d, *alarm*:com.android.deskclock.ON_QUARTER_HOUR} [333ms]
V/AlarmManager(  908): sending alarm {34d8069 type 2 *walarm*:ALARM_WAKEUP34818352}
V/AlarmManager(  908): done {34d8069, *walarm*:ALARM_WAKEUP34818352} [9ms]
V/AlarmManager(  908): sending alarm {3f55daee type 2 *walarm*:com.whatsapp.messaging.MessageService.LOGOUT_ACTION}
V/AlarmManager(  908): done {3f55daee, *walarm*:com.whatsapp.messaging.MessageService.LOGOUT_ACTION} [17ms]
V/AlarmManager(  908): sending alarm {7b44a75 type 2 *walarm*:com.android.server.task.controllers.BatteryController.ACTION_CHARGING_STABLE}
V/AlarmManager(  908): done {7b44a75, *walarm*:com.android.server.task.controllers.BatteryController.ACTION_CHARGING_STABLE} [4ms]
V/AlarmManager(  908): sending alarm {135e779b type 2 *walarm*:ALARM_WAKEUP_ACTIVITY_DETECTION}
V/AlarmManager(  908): sending alarm {1dde041 type 2 *walarm*:android.net.ConnectivityService.action.PKT_CNT_SAMPLE_INTERVAL_ELAPSED}
V/AlarmManager(  908): done {135e779b, *walarm*:ALARM_WAKEUP_ACTIVITY_DETECTION} [12ms]
V/AlarmManager(  908): done {1dde041, *walarm*:android.net.ConnectivityService.action.PKT_CNT_SAMPLE_INTERVAL_ELAPSED} [16ms]
V/AlarmManager(  908): sending alarm {122d4f2d type 3 *alarm*:com.google.android.gms/.lockbox.LockboxAlarmReceiver}
V/AlarmManager(  908): done {122d4f2d, *alarm*:com.google.android.gms/.lockbox.LockboxAlarmReceiver} [16ms]
V/AlarmManager(  908): sending alarm {19e72efe type 3 *alarm*:android.intent.action.TIME_TICK}
V/AlarmManager(  908): done {19e72efe, *alarm*:android.intent.action.TIME_TICK} [49ms]
V/AlarmManager(  908): sending alarm {122d4f2d type 3 *alarm*:com.google.android.gms/.lockbox.LockboxAlarmReceiver}
V/AlarmManager(  908): done {122d4f2d, *alarm*:com.google.android.gms/.lockbox.LockboxAlarmReceiver} [18ms]
D/ConnectivityService(  908): updateNetworkScore for NetworkAgentInfo [WIFI () - 212] to 60
D/ConnectivityService(  908): rematching NetworkAgentInfo [WIFI () - 212]
D/ConnectivityService(  908): Network NetworkAgentInfo [WIFI () - 212] was already satisfying request 1. No change.
D/ConnectivityService(  908): notifyType AVAILABLE for NetworkAgentInfo [WIFI () - 212]
D/ConnectivityService(  908): updateNetworkScore for NetworkAgentInfo [WIFI () - 212] to 56
D/ConnectivityService(  908): rematching NetworkAgentInfo [WIFI () - 212]
D/ConnectivityService(  908): Network NetworkAgentInfo [WIFI () - 212] was already satisfying request 1. No change.
D/ConnectivityService(  908): notifyType AVAILABLE for NetworkAgentInfo [WIFI () - 212]
V/AlarmManager(  908): sending alarm {19e72efe type 3 *alarm*:android.intent.action.TIME_TICK}
V/AlarmManager(  908): done {19e72efe, *alarm*:android.intent.action.TIME_TICK} [79ms]
D/DefContainer(30222): Copying /data/local/tmp/android-debug.apk to base.apk
D/ConnectivityService(  908): updateNetworkScore for NetworkAgentInfo [WIFI () - 212] to 60
D/ConnectivityService(  908): rematching NetworkAgentInfo [WIFI () - 212]
D/ConnectivityService(  908): Network NetworkAgentInfo [WIFI () - 212] was already satisfying request 1. No change.
D/ConnectivityService(  908): notifyType AVAILABLE for NetworkAgentInfo [WIFI () - 212]
D/PackageManager(  908): Renaming /data/app/vmdl440657091.tmp to /data/app/br.com.procempa.mapaOffline-2
I/ActivityManager(  908): Force stopping br.com.procempa.mapaOffline appid=10174 user=-1: uninstall pkg
I/PackageManager(  908): Package br.com.procempa.mapaOffline codePath changed from /data/app/br.com.procempa.mapaOffline-1 to /data/app/br.com.procempa.mapaOffline-2; Retaining data and using new
I/ActivityManager(  908): Force stopping br.com.procempa.mapaOffline appid=10174 user=-1: update pkg
W/PackageManager(  908): Code path for pkg : br.com.procempa.mapaOffline changing from /data/app/br.com.procempa.mapaOffline-1 to /data/app/br.com.procempa.mapaOffline-2
W/PackageManager(  908): Resource path for pkg : br.com.procempa.mapaOffline changing from /data/app/br.com.procempa.mapaOffline-1 to /data/app/br.com.procempa.mapaOffline-2
I/ActivityManager(  908): Force stopping br.com.procempa.mapaOffline appid=10174 user=0: pkg removed
W/ContextImpl(30280): Calling a method in the system process without a qualified user: android.app.ContextImpl.startService:1831 android.content.ContextWrapper.startService:516 android.content.ContextWrapper.startService:516 com.android.keychain.KeyChainBroadcastReceiver.onReceive:12 android.app.ActivityThread.handleReceiver:2639 
D/JobSchedulerService(  908): Receieved: android.intent.action.PACKAGE_REMOVED
D/BackupManagerService(  908): Received broadcast Intent { act=android.intent.action.PACKAGE_REMOVED dat=package:br.com.procempa.mapaOffline flg=0x4000010 (has extras) }
D/BackupManagerService(  908): Received broadcast Intent { act=android.intent.action.PACKAGE_ADDED dat=package:br.com.procempa.mapaOffline flg=0x4000010 (has extras) }
W/BackupManagerService(  908): Removing schedule queue dupe of br.com.procempa.mapaOffline
W/ResourcesManager( 1498): Asset path '/system/framework/com.motorola.android.encryption.jar' does not exist or contains no resources.
W/ResourcesManager( 1498): Asset path '/system/framework/com.motorola.gallery' does not exist or contains no resources.
W/ResourcesManager( 1498): Asset path '/system/framework/com.google.android.media.effects.jar' does not exist or contains no resources.
W/ResourcesManager( 1498): Asset path '/system/framework/com.motorola.frameworks.core.addon.jar' does not exist or contains no resources.
W/ResourcesManager( 1498): Asset path '/system/framework/com.google.android.media.effects.jar' does not exist or contains no resources.
W/ResourcesManager( 1498): Asset path '/system/framework/com.google.android.maps.jar' does not exist or contains no resources.
W/ResourcesManager( 1498): Asset path '/system/framework/com.google.android.maps.jar' does not exist or contains no resources.
W/ResourcesManager( 1498): Asset path '/system/framework/com.google.android.maps.jar' does not exist or contains no resources.
V/WindowManager(  908): Adding window Window{3abc61bf u0 AtchDlg:com.android.launcher/com.android.launcher2.Launcher} at 4 of 10 (after Window{13441ca8 u0 com.android.launcher/com.android.launcher2.Launcher})
