D/TaskPersister(  908): removeObsoleteFile: deleting file=404_task.xml
D/TaskPersister(  908): removeObsoleteFile: deleting file=404_task_thumbnail.png
D/TaskPersister(  908): removeObsoleteFile: deleting file=397_task.xml
D/TaskPersister(  908): removeObsoleteFile: deleting file=397_task_thumbnail.png
I/SFPerfTracer(  226):      triggers: (rate: 0:185) (93492 sw vsyncs) (0 skipped) (24:3537877 vsyncs) (26:4341066)
I/ActivityManager(  908): Killing 4009:com.google.android.deskclock/u0a96 (adj 9): remove task
I/WindowState(  908): WIN DEATH: Window{16c91077 u0 com.google.android.deskclock/com.android.deskclock.DeskClock}
D/TaskPersister(  908): removeObsoleteFile: deleting file=366_task.xml
D/TaskPersister(  908): removeObsoleteFile: deleting file=366_task_thumbnail.png
D/TaskPersister(  908): removeObsoleteFile: deleting file=403_task.xml
D/TaskPersister(  908): removeObsoleteFile: deleting file=403_task_thumbnail.png
I/SFPerfTracer(  226):      triggers: (rate: 2293:53535) (compose: 0:72) (post: 0:614) (render: 0:543) (28:901960 frames) (29:1268099)
D/SFPerfTracer(  226):        layers: (4:11) (FocusedStackFrame (0xb65a1000): 0:4790)* (DimLayer (0xb660c000): 0:326)* (DimLayer (0xb6614000): 0:12)* (DimLayer (0xb66a9000): 0:3346)* (DimLayer (0xb65ff000): 0:1298)* (StatusBar (0xb6616000): 1:177236) (com.android.systemui.ImageWallpaper (0xb6606000): 0:3831) (NavigationBar (0xb660e000): 0:328) (com.taxis99/com.taxis99.v2.view.activity.UserMainActivity (0xb66a0000): 0:320)- (com.android.systemui/com.android.systemui.recents.RecentsActivity (0xb6608000): 28:87) (thumbnail anim (0xb6604000): 0:24)- 
D/TaskPersister(  908): removeObsoleteFile: deleting file=368_task.xml
D/TaskPersister(  908): removeObsoleteFile: deleting file=368_task_thumbnail.png
I/ActivityManager(  908): START u0 {act=android.intent.action.MAIN cat=[android.intent.category.HOME] flg=0x10200000 cmp=com.android.launcher/com.android.launcher2.Launcher} from uid 10014 on display 0
I/ActivityManager(  908): Killing 13346:com.whatsapp/u0a150 (adj 16): remove task
D/WifiService(  908): releaseWifiLockLocked: WifiLock{backup-lock type=1 binder=android.os.BinderProxy@c7f8f86}
D/WifiService(  908): Client connection lost with reason: 4
E/libprocessgroup(  908): failed to kill 1 processes for processgroup 13346
W/ActivityManager(  908): Scheduling restart of crashed service com.whatsapp/.gdrive.GoogleDriveService in 1000ms
W/ActivityManager(  908): Scheduling restart of crashed service com.whatsapp/.messaging.MessageService in 1000ms
I/LaunchCheckinHandler(  908): Displayed com.android.launcher/com.android.launcher2.Launcher,wp,wa,290
I/ActivityManager(  908): Start proc 11182:com.whatsapp/u0a150 for service com.whatsapp/.messaging.MessageService
W/ResourcesManager(11182): Asset path '/system/framework/com.google.android.maps.jar' does not exist or contains no resources.
W/ActivityManager(  908): getRunningAppProcesses: caller 10150 does not hold REAL_GET_TASKS; limiting output
D/WifiService(  908): New client listening to asynchronous messages
D/WifiService(  908): acquireWifiLockLocked: WifiLock{backup-lock type=1 binder=android.os.BinderProxy@2f278bec}
V/AlarmManager(  908): sending alarm {2cdb0dd6 type 2 *walarm*:com.motorola.slpc.ALARM_MODALITY}
V/AlarmManager(  908): sending alarm {12d231f7 type 3 *alarm*:com.whatsapp.action.HOURLY_CRON}
V/AlarmManager(  908): done {2cdb0dd6, *walarm*:com.motorola.slpc.ALARM_MODALITY} [2ms]
V/AlarmManager(  908): done {12d231f7, *alarm*:com.whatsapp.action.HOURLY_CRON} [8ms]
W/ActivityManager(  908): getRunningAppProcesses: caller 10150 does not hold REAL_GET_TASKS; limiting output
I/SFPerfTracer(  226):      triggers: (rate: 0:185) (93492 sw vsyncs) (0 skipped) (40:3537983 vsyncs) (42:4341185)
I/ActivityManager(  908): Waited long enough for: ServiceRecord{262c278e u0 com.whatsapp/.gdrive.GoogleDriveService}
V/AlarmManager(  908): sending alarm {19e72efe type 3 *alarm*:android.intent.action.TIME_TICK}
V/AlarmManager(  908): done {19e72efe, *alarm*:android.intent.action.TIME_TICK} [39ms]
I/SFPerfTracer(  226):      triggers: (rate: 2293:53535) (compose: 0:72) (post: 0:614) (render: 0:543) (0:902026 frames) (1:1268199)
D/SFPerfTracer(  226):        layers: (4:10) (FocusedStackFrame (0xb65a1000): 0:4790)* (DimLayer (0xb660c000): 0:326)* (DimLayer (0xb6614000): 0:12)* (DimLayer (0xb66a9000): 0:3346)* (DimLayer (0xb65ff000): 0:1298)* (StatusBar (0xb6616000): 1:177275) (com.android.systemui.ImageWallpaper (0xb6606000): 0:3831) (NavigationBar (0xb660e000): 0:341) (com.android.systemui/com.android.systemui.recents.RecentsActivity (0xb6608000): 0:106)- (com.android.launcher/com.android.launcher2.Launcher (0xb6604000): 0:59) 
D/ConnectivityService(  908): updateNetworkScore for NetworkAgentInfo [WIFI () - 212] to 56
D/ConnectivityService(  908): rematching NetworkAgentInfo [WIFI () - 212]
D/ConnectivityService(  908): Network NetworkAgentInfo [WIFI () - 212] was already satisfying request 1. No change.
D/ConnectivityService(  908): notifyType AVAILABLE for NetworkAgentInfo [WIFI () - 212]
V/AlarmManager(  908): sending alarm {1ac219f6 type 3 *alarm*:com.whatsapp.action.UPDATE_NTP}
V/AlarmManager(  908): sending alarm {3b539465 type 2 *walarm*:com.whatsapp.messaging.MessageService.CLIENT_PINGER_ACTION}
V/AlarmManager(  908): sending alarm {122d4f2d type 3 *alarm*:com.google.android.gms/.lockbox.LockboxAlarmReceiver}
V/AlarmManager(  908): sending alarm {12519ade type 2 *walarm*:ALARM_WAKEUP_CACHE_UPDATER}
V/AlarmManager(  908): done {1ac219f6, *alarm*:com.whatsapp.action.UPDATE_NTP} [8ms]
V/AlarmManager(  908): done {3b539465, *walarm*:com.whatsapp.messaging.MessageService.CLIENT_PINGER_ACTION} [30ms]
V/AlarmManager(  908): done {122d4f2d, *alarm*:com.google.android.gms/.lockbox.LockboxAlarmReceiver} [36ms]
V/AlarmManager(  908): sending alarm {1ac219f6 type 3 *alarm*:com.whatsapp.action.UPDATE_NTP}
D/WifiService(  908): acquireWifiLockLocked: WifiLock{NlpWifiLock type=2 binder=android.os.BinderProxy@2e1bc81c}
V/AlarmManager(  908): done {12519ade, *walarm*:ALARM_WAKEUP_CACHE_UPDATER} [329ms]
V/AlarmManager(  908): done {1ac219f6, *alarm*:com.whatsapp.action.UPDATE_NTP} [63ms]
W/ProcessCpuTracker(  908): Skipping unknown process pid 11707
D/ConnectivityService(  908): updateNetworkScore for NetworkAgentInfo [WIFI () - 212] to 60
D/ConnectivityService(  908): rematching NetworkAgentInfo [WIFI () - 212]
D/ConnectivityService(  908): Network NetworkAgentInfo [WIFI () - 212] was already satisfying request 1. No change.
D/ConnectivityService(  908): notifyType AVAILABLE for NetworkAgentInfo [WIFI () - 212]
D/WifiService(  908): releaseWifiLockLocked: WifiLock{NlpWifiLock type=2 binder=android.os.BinderProxy@2e1bc81c}
V/AlarmManager(  908): sending alarm {19e72efe type 3 *alarm*:android.intent.action.TIME_TICK}
V/AlarmManager(  908): done {19e72efe, *alarm*:android.intent.action.TIME_TICK} [31ms]
W/ProcessCpuTracker(  908): Skipping unknown process pid 12099
W/ProcessCpuTracker(  908): Skipping unknown process pid 12101
W/ProcessCpuTracker(  908): Skipping unknown process pid 12102
V/AlarmManager(  908): sending alarm {122d4f2d type 3 *alarm*:com.google.android.gms/.lockbox.LockboxAlarmReceiver}
V/AlarmManager(  908): done {122d4f2d, *alarm*:com.google.android.gms/.lockbox.LockboxAlarmReceiver} [22ms]
V/AlarmManager(  908): sending alarm {19e72efe type 3 *alarm*:android.intent.action.TIME_TICK}
V/AlarmManager(  908): done {19e72efe, *alarm*:android.intent.action.TIME_TICK} [66ms]
D/WifiService(  908): releaseWifiLockLocked: WifiLock{backup-lock type=1 binder=android.os.BinderProxy@2f278bec}
V/AlarmManager(  908): sending alarm {3348673e type 2 *walarm*:android.net.wifi.DHCP_RENEW}
V/AlarmManager(  908): done {3348673e, *walarm*:android.net.wifi.DHCP_RENEW} [16ms]
D/WifiP2pService(  908): InactiveState{ when=0 what=143375 arg1=1 arg2=196615 obj=DhcpStateMachine:
D/WifiP2pService(  908):  total records=402
D/WifiP2pService(  908):  rec[0]: time=02-04 19:16:37.056 processed=RunningState org=RunningState dest=WaitBeforeRenewalState what=196611(0x30003)
D/WifiP2pService(  908):  rec[1]: time=02-04 19:16:38.518 processed=WaitBeforeRenewalState org=WaitBeforeRenewalState dest=RunningState what=196615(0x30007)
D/WifiP2pService(  908):  rec[2]: time=02-04 19:32:38.066 processed=RunningState org=RunningState dest=StoppedState what=196610(0x30002)
D/WifiP2pService(  908):  rec[3]: time=02-04 19:32:38.066 processed=StoppedState org=StoppedState dest=<null> what=196610(0x30002)
D/WifiP2pService(  908):  rec[4]: time=02-04 19:32:39.614 processed=StoppedState org=StoppedState dest=WaitBeforeStartState what=196609(0x30001)
D/WifiP2pService(  908):  rec[5]: time=02-04 19:32:41.451 processed=WaitBeforeStartState org=WaitBeforeStartState dest=RunningState what=196615(0x30007)
D/WifiP2pService(  908):  rec[6]: time=02-05 07:36:52.901 processed=RunningState org=RunningState dest=StoppedState what=196610(0x30002)
D/WifiP2pService(  908):  rec[7]: time=02-05 07:46:27.329 processed=StoppedState org=StoppedState dest=WaitBeforeStartState what=196609(0x30001)
D/WifiP2pService(  908):  rec[8]: time=02-05 07:46:38.061 processed=WaitBeforeStartState org=WaitBeforeStartState dest=RunningState what=196615(0x30007)
D/WifiP2pService(  908):  rec[9]: time=02-05 07:55:28.734 processed=RunningState org=RunningState dest=StoppedState what=196610(0x30002)
D/WifiP2pService(  908):  rec[10]: time=02-05 08:04:39.568 processed=StoppedState org=StoppedState dest=WaitBeforeStartState what=196609(0x30001)
D/WifiP2pService(  908):  rec[11]: time=02-05 08:04:40.424 processed=WaitBeforeStartState org=WaitBeforeStartState dest=RunningState what=196615(0x30007)
D/WifiP2pService(  908):  rec[12]: time=02-05 08:10:07.504 processed=RunningState org=RunningState dest=StoppedState what=196610(0x30002)
D/WifiP2pService(  908):  rec[13]: time=02-05 08:10:18.145 processed=StoppedState org=StoppedState dest=WaitBeforeStartState what=196609(0x30001)
D/WifiP2pService(  908):  rec[14]: time=02-05 08:10:19.011 processed=WaitBeforeStartState org=WaitBeforeStartState dest=RunningState what=196615(0x30007)
D/WifiP2pService(  908):  rec[15]: time=02-05 08:24:43.031 processed=RunningState org=RunningState dest=WaitBeforeRenewalState what=196611(0x30003)
D/WifiP2pService(  908):  rec[16]: time=02-05 08:24:43.498 processed=WaitBeforeRenewalState org=WaitBeforeRenewalState dest=RunningState what=196615(0x30007)
D/WifiP2pService(  908):  rec[17]: time=02-05 08:39:07.501 processed=RunningState org=RunningState dest=WaitBeforeRenewalState what=196611(0x30003)
D/WifiP2pService(  908):  rec[18]: time=02-05 08:39:07.933 processed=WaitBeforeRenewalState org=WaitBeforeRenewalState dest=RunningState what=196615(0x30007)
D/WifiP2pService(  908):  rec[19]: time=02-05 08:53:31.943 processed=RunningState org=RunningState dest=WaitBeforeRenewalState what=196611(0x30003)
D/WifiP2pService(  908): curState=WaitBeforeRenewalState
D/WifiP2pService(  908):  target=com.android.internal.util.StateMachine$SmHandler }
D/WifiP2pService(  908): P2pEnabledState{ when=-5ms what=143375 arg1=1 arg2=196615 obj=DhcpStateMachine:
D/WifiP2pService(  908):  total records=402
D/WifiP2pService(  908):  rec[0]: time=02-04 19:16:37.056 processed=RunningState org=RunningState dest=WaitBeforeRenewalState what=196611(0x30003)
D/WifiP2pService(  908):  rec[1]: time=02-04 19:16:38.518 processed=WaitBeforeRenewalState org=WaitBeforeRenewalState dest=RunningState what=196615(0x30007)
D/WifiP2pService(  908):  rec[2]: time=02-04 19:32:38.066 processed=RunningState org=RunningState dest=StoppedState what=196610(0x30002)
D/WifiP2pService(  908):  rec[3]: time=02-04 19:32:38.066 processed=StoppedState org=StoppedState dest=<null> what=196610(0x30002)
D/WifiP2pService(  908):  rec[4]: time=02-04 19:32:39.614 processed=StoppedState org=StoppedState dest=WaitBeforeStartState what=196609(0x30001)
D/WifiP2pService(  908):  rec[5]: time=02-04 19:32:41.451 processed=WaitBeforeStartState org=WaitBeforeStartState dest=RunningState what=196615(0x30007)
D/WifiP2pService(  908):  rec[6]: time=02-05 07:36:52.901 processed=RunningState org=RunningState dest=StoppedState what=196610(0x30002)
D/WifiP2pService(  908):  rec[7]: time=02-05 07:46:27.329 processed=StoppedState org=StoppedState dest=WaitBeforeStartState what=196609(0x30001)
D/WifiP2pService(  908):  rec[8]: time=02-05 07:46:38.061 processed=WaitBeforeStartState org=WaitBeforeStartState dest=RunningState what=196615(0x30007)
D/WifiP2pService(  908):  rec[9]: time=02-05 07:55:28.734 processed=RunningState org=RunningState dest=StoppedState what=196610(0x30002)
D/WifiP2pService(  908):  rec[10]: time=02-05 08:04:39.568 processed=StoppedState org=StoppedState dest=WaitBeforeStartState what=196609(0x30001)
D/WifiP2pService(  908):  rec[11]: time=02-05 08:04:40.424 processed=WaitBeforeStartState org=WaitBeforeStartState dest=RunningState what=196615(0x30007)
D/WifiP2pService(  908):  rec[12]: time=02-05 08:10:07.504 processed=RunningState org=RunningState dest=StoppedState what=196610(0x30002)
D/WifiP2pService(  908):  rec[13]: time=02-05 08:10:18.145 processed=StoppedState org=StoppedState dest=WaitBeforeStartState what=196609(0x30001)
D/WifiP2pService(  908):  rec[14]: time=02-05 08:10:19.011 processed=WaitBeforeStartState org=WaitBeforeStartState dest=RunningState what=196615(0x30007)
D/WifiP2pService(  908):  rec[15]: time=02-05 08:24:43.031 processed=RunningState org=RunningState dest=WaitBeforeRenewalState what=196611(0x30003)
D/WifiP2pService(  908):  rec[16]: time=02-05 08:24:43.498 processed=WaitBeforeRenewalState org=WaitBeforeRenewalState dest=RunningState what=196615(0x30007)
D/WifiP2pService(  908):  rec[17]: time=02-05 08:39:07.501 processed=RunningState org=RunningState dest=WaitBeforeRenewalState what=196611(0x30003)
D/WifiP2pService(  908):  rec[18]: time=02-05 08:39:07.933 processed=WaitBeforeRenewalState org=WaitBeforeRenewalState dest=RunningState what=196615(0x30007)
D/WifiP2pService(  908):  rec[19]: time=02-05 08:53:31.943 processed=RunningState org=RunningState dest=WaitBeforeRenewalState what=196611(0x30003)
D/WifiP2pService(  908): curState=WaitBeforeRenewalState
D/WifiP2pService(  908):  target=com.android.internal.util.StateMachine$SmHandler }
D/ConnectivityService(  908): updateNetworkScore for NetworkAgentInfo [WIFI () - 212] to 56
D/ConnectivityService(  908): rematching NetworkAgentInfo [WIFI () - 212]
D/ConnectivityService(  908): Network NetworkAgentInfo [WIFI () - 212] was already satisfying request 1. No change.
D/ConnectivityService(  908): notifyType AVAILABLE for NetworkAgentInfo [WIFI () - 212]
D/WifiP2pService(  908): InactiveState{ when=0 what=143375 target=com.android.internal.util.StateMachine$SmHandler }
D/WifiP2pService(  908): P2pEnabledState{ when=0 what=143375 target=com.android.internal.util.StateMachine$SmHandler }
D/ConnectivityService(  908): UpdateTcpBufferSizes: same sizes as current, ignore operation
D/ConnectivityService(  908): NetworkAgentInfo [WIFI () - 212] EVENT_NETWORK_INFO_CHANGED, going from CONNECTED to CONNECTING
D/ConnectivityService(  908): NetworkAgentInfo [WIFI () - 212] EVENT_NETWORK_INFO_CHANGED, going from CONNECTING to CONNECTED
V/AlarmManager(  908): sending alarm {a8d134e type 2 *walarm*:com.facebook.rti.mqtt.keepalive.KeepaliveManager.ACTION_INEXACT_ALARM.MqttLite.com.facebook.katana}
V/AlarmManager(  908): done {a8d134e, *walarm*:com.facebook.rti.mqtt.keepalive.KeepaliveManager.ACTION_INEXACT_ALARM.MqttLite.com.facebook.katana} [7ms]
V/AlarmManager(  908): sending alarm {3bfef1f0 type 3 *alarm*:android.content.jobscheduler.JOB_DELAY_EXPIRED}
V/AlarmManager(  908): done {3bfef1f0, *alarm*:android.content.jobscheduler.JOB_DELAY_EXPIRED} [4ms]
V/AlarmManager(  908): sending alarm {122d4f2d type 3 *alarm*:com.google.android.gms/.lockbox.LockboxAlarmReceiver}
V/AlarmManager(  908): done {122d4f2d, *alarm*:com.google.android.gms/.lockbox.LockboxAlarmReceiver} [10ms]
D/ConnectivityService(  908): updateNetworkScore for NetworkAgentInfo [WIFI () - 212] to 60
D/ConnectivityService(  908): rematching NetworkAgentInfo [WIFI () - 212]
D/ConnectivityService(  908): Network NetworkAgentInfo [WIFI () - 212] was already satisfying request 1. No change.
D/ConnectivityService(  908): notifyType AVAILABLE for NetworkAgentInfo [WIFI () - 212]
V/AlarmManager(  908): sending alarm {23f6d3 type 2 *walarm*:com.facebook.rti.b.e.i.ACTION_INEXACT_ALARM.FBNS.com.instagram.android}
V/AlarmManager(  908): done {23f6d3, *walarm*:com.facebook.rti.b.e.i.ACTION_INEXACT_ALARM.FBNS.com.instagram.android} [16ms]
V/AlarmManager(  908): sending alarm {19e72efe type 3 *alarm*:android.intent.action.TIME_TICK}
V/AlarmManager(  908): done {19e72efe, *alarm*:android.intent.action.TIME_TICK} [31ms]
V/AlarmManager(  908): sending alarm {11348c0e type 2 *walarm*:com.google.android.gms.gcm.HEARTBEAT_ALARM}
V/AlarmManager(  908): done {11348c0e, *walarm*:com.google.android.gms.gcm.HEARTBEAT_ALARM} [15ms]
V/AlarmManager(  908): sending alarm {122d4f2d type 3 *alarm*:com.google.android.gms/.lockbox.LockboxAlarmReceiver}
V/AlarmManager(  908): done {122d4f2d, *alarm*:com.google.android.gms/.lockbox.LockboxAlarmReceiver} [17ms]
D/ConnectivityService(  908): updateNetworkScore for NetworkAgentInfo [WIFI () - 212] to 56
D/ConnectivityService(  908): rematching NetworkAgentInfo [WIFI () - 212]
D/ConnectivityService(  908): Network NetworkAgentInfo [WIFI () - 212] was already satisfying request 1. No change.
D/ConnectivityService(  908): notifyType AVAILABLE for NetworkAgentInfo [WIFI () - 212]
D/ConnectivityService(  908): updateNetworkScore for NetworkAgentInfo [WIFI () - 212] to 60
D/ConnectivityService(  908): rematching NetworkAgentInfo [WIFI () - 212]
D/ConnectivityService(  908): Network NetworkAgentInfo [WIFI () - 212] was already satisfying request 1. No change.
D/ConnectivityService(  908): notifyType AVAILABLE for NetworkAgentInfo [WIFI () - 212]
D/ConnectivityService(  908): updateNetworkScore for NetworkAgentInfo [WIFI () - 212] to 56
D/ConnectivityService(  908): rematching NetworkAgentInfo [WIFI () - 212]
D/ConnectivityService(  908): Network NetworkAgentInfo [WIFI () - 212] was already satisfying request 1. No change.
D/ConnectivityService(  908): notifyType AVAILABLE for NetworkAgentInfo [WIFI () - 212]
V/AlarmManager(  908): sending alarm {19e72efe type 3 *alarm*:android.intent.action.TIME_TICK}
V/AlarmManager(  908): done {19e72efe, *alarm*:android.intent.action.TIME_TICK} [61ms]
I/SFPerfTracer(  226):      triggers: (rate: 0:185) (93492 sw vsyncs) (0 skipped) (0:3537985 vsyncs) (1:4341286)
D/ConnectivityService(  908): updateNetworkScore for NetworkAgentInfo [WIFI () - 212] to 60
D/ConnectivityService(  908): rematching NetworkAgentInfo [WIFI () - 212]
D/ConnectivityService(  908): Network NetworkAgentInfo [WIFI () - 212] was already satisfying request 1. No change.
D/ConnectivityService(  908): notifyType AVAILABLE for NetworkAgentInfo [WIFI () - 212]
D/ConnectivityService(  908): updateNetworkScore for NetworkAgentInfo [WIFI () - 212] to 56
D/ConnectivityService(  908): rematching NetworkAgentInfo [WIFI () - 212]
D/ConnectivityService(  908): Network NetworkAgentInfo [WIFI () - 212] was already satisfying request 1. No change.
D/ConnectivityService(  908): notifyType AVAILABLE for NetworkAgentInfo [WIFI () - 212]
V/AlarmManager(  908): sending alarm {3b539465 type 2 *walarm*:com.whatsapp.messaging.MessageService.CLIENT_PINGER_ACTION}
V/AlarmManager(  908): sending alarm {1457984d type 2 *walarm*:ALARM_WAKEUP_LOCATOR}
V/AlarmManager(  908): sending alarm {135e779b type 2 *walarm*:ALARM_WAKEUP_ACTIVITY_DETECTION}
V/AlarmManager(  908): sending alarm {122d4f2d type 3 *alarm*:com.google.android.gms/.lockbox.LockboxAlarmReceiver}
V/AlarmManager(  908): done {3b539465, *walarm*:com.whatsapp.messaging.MessageService.CLIENT_PINGER_ACTION} [16ms]
D/WifiService(  908): acquireWifiLockLocked: WifiLock{NlpWifiLock type=2 binder=android.os.BinderProxy@3fd1e38b}
V/AlarmManager(  908): done {1457984d, *walarm*:ALARM_WAKEUP_LOCATOR} [41ms]
D/WifiService(  908): releaseWifiLockLocked: WifiLock{NlpWifiLock type=2 binder=android.os.BinderProxy@3fd1e38b}
V/AlarmManager(  908): done {135e779b, *walarm*:ALARM_WAKEUP_ACTIVITY_DETECTION} [228ms]
V/AlarmManager(  908): done {122d4f2d, *alarm*:com.google.android.gms/.lockbox.LockboxAlarmReceiver} [229ms]
V/AlarmManager(  908): sending alarm {19e72efe type 3 *alarm*:android.intent.action.TIME_TICK}
V/AlarmManager(  908): done {19e72efe, *alarm*:android.intent.action.TIME_TICK} [31ms]
D/ConnectivityService(  908): updateNetworkScore for NetworkAgentInfo [WIFI () - 212] to 60
D/ConnectivityService(  908): rematching NetworkAgentInfo [WIFI () - 212]
D/ConnectivityService(  908): Network NetworkAgentInfo [WIFI () - 212] was already satisfying request 1. No change.
D/ConnectivityService(  908): notifyType AVAILABLE for NetworkAgentInfo [WIFI () - 212]
D/ConnectivityService(  908): updateNetworkScore for NetworkAgentInfo [WIFI () - 212] to 56
D/ConnectivityService(  908): rematching NetworkAgentInfo [WIFI () - 212]
D/ConnectivityService(  908): Network NetworkAgentInfo [WIFI () - 212] was already satisfying request 1. No change.
D/ConnectivityService(  908): notifyType AVAILABLE for NetworkAgentInfo [WIFI () - 212]
V/AlarmManager(  908): sending alarm {122d4f2d type 3 *alarm*:com.google.android.gms/.lockbox.LockboxAlarmReceiver}
V/AlarmManager(  908): done {122d4f2d, *alarm*:com.google.android.gms/.lockbox.LockboxAlarmReceiver} [23ms]
W/ProcessCpuTracker(  908): Skipping unknown process pid 14783
V/AlarmManager(  908): sending alarm {19e72efe type 3 *alarm*:android.intent.action.TIME_TICK}
V/AlarmManager(  908): done {19e72efe, *alarm*:android.intent.action.TIME_TICK} [56ms]
I/SFPerfTracer(  226):      triggers: (rate: 2293:53535) (compose: 0:72) (post: 0:614) (render: 0:543) (0:902029 frames) (1:1268299)
D/SFPerfTracer(  226):        layers: (4:9) (FocusedStackFrame (0xb65a1000): 0:4790)* (DimLayer (0xb660c000): 0:326)* (DimLayer (0xb6614000): 0:12)* (DimLayer (0xb66a9000): 0:3346)* (DimLayer (0xb65ff000): 0:1298)* (StatusBar (0xb6616000): 1:177375) (com.android.systemui.ImageWallpaper (0xb6606000): 0:3831) (NavigationBar (0xb660e000): 0:341) (com.android.launcher/com.android.launcher2.Launcher (0xb6604000): 0:59) 
V/AlarmManager(  908): sending alarm {1d89ce3f type 2 *walarm*:android.content.syncmanager.SYNC_ALARM}
V/AlarmManager(  908): done {1d89ce3f, *walarm*:android.content.syncmanager.SYNC_ALARM} [9ms]
D/ConnectivityService(  908): updateNetworkScore for NetworkAgentInfo [WIFI () - 212] to 60
D/ConnectivityService(  908): rematching NetworkAgentInfo [WIFI () - 212]
D/ConnectivityService(  908): Network NetworkAgentInfo [WIFI () - 212] was already satisfying request 1. No change.
D/ConnectivityService(  908): notifyType AVAILABLE for NetworkAgentInfo [WIFI () - 212]
D/ConnectivityService(  908): updateNetworkScore for NetworkAgentInfo [WIFI () - 212] to 56
D/ConnectivityService(  908): rematching NetworkAgentInfo [WIFI () - 212]
D/ConnectivityService(  908): Network NetworkAgentInfo [WIFI () - 212] was already satisfying request 1. No change.
D/ConnectivityService(  908): notifyType AVAILABLE for NetworkAgentInfo [WIFI () - 212]
V/AlarmManager(  908): sending alarm {122d4f2d type 3 *alarm*:com.google.android.gms/.lockbox.LockboxAlarmReceiver}
V/AlarmManager(  908): done {122d4f2d, *alarm*:com.google.android.gms/.lockbox.LockboxAlarmReceiver} [21ms]
V/AlarmManager(  908): sending alarm {19e72efe type 3 *alarm*:android.intent.action.TIME_TICK}
V/AlarmManager(  908): done {19e72efe, *alarm*:android.intent.action.TIME_TICK} [58ms]
D/ConnectivityService(  908): updateNetworkScore for NetworkAgentInfo [WIFI () - 212] to 60
D/ConnectivityService(  908): rematching NetworkAgentInfo [WIFI () - 212]
D/ConnectivityService(  908): Network NetworkAgentInfo [WIFI () - 212] was already satisfying request 1. No change.
D/ConnectivityService(  908): notifyType AVAILABLE for NetworkAgentInfo [WIFI () - 212]
D/DefContainer(30222): Copying /data/local/tmp/android-debug.apk to base.apk
D/ConnectivityService(  908): updateNetworkScore for NetworkAgentInfo [WIFI () - 212] to 56
D/ConnectivityService(  908): rematching NetworkAgentInfo [WIFI () - 212]
D/ConnectivityService(  908): Network NetworkAgentInfo [WIFI () - 212] was already satisfying request 1. No change.
D/ConnectivityService(  908): notifyType AVAILABLE for NetworkAgentInfo [WIFI () - 212]
D/PackageManager(  908): Renaming /data/app/vmdl948589888.tmp to /data/app/br.com.procempa.mapaOffline-1
I/ActivityManager(  908): Force stopping br.com.procempa.mapaOffline appid=10174 user=-1: uninstall pkg
I/PackageManager(  908): Package br.com.procempa.mapaOffline codePath changed from /data/app/br.com.procempa.mapaOffline-2 to /data/app/br.com.procempa.mapaOffline-1; Retaining data and using new
I/ActivityManager(  908): Force stopping br.com.procempa.mapaOffline appid=10174 user=-1: update pkg
W/PackageManager(  908): Code path for pkg : br.com.procempa.mapaOffline changing from /data/app/br.com.procempa.mapaOffline-2 to /data/app/br.com.procempa.mapaOffline-1
W/PackageManager(  908): Resource path for pkg : br.com.procempa.mapaOffline changing from /data/app/br.com.procempa.mapaOffline-2 to /data/app/br.com.procempa.mapaOffline-1
I/ActivityManager(  908): Force stopping br.com.procempa.mapaOffline appid=10174 user=0: pkg removed
D/JobSchedulerService(  908): Receieved: android.intent.action.PACKAGE_REMOVED
D/BackupManagerService(  908): Received broadcast Intent { act=android.intent.action.PACKAGE_REMOVED dat=package:br.com.procempa.mapaOffline flg=0x4000010 (has extras) }
W/ResourcesManager( 1480): Asset path '/system/framework/com.google.android.media.effects.jar' does not exist or contains no resources.
W/ContextImpl(30280): Calling a method in the system process without a qualified user: android.app.ContextImpl.startService:1831 android.content.ContextWrapper.startService:516 android.content.ContextWrapper.startService:516 com.android.keychain.KeyChainBroadcastReceiver.onReceive:12 android.app.ActivityThread.handleReceiver:2639 
D/ConnectivityService(  908): updateNetworkScore for NetworkAgentInfo [WIFI () - 212] to 60
D/ConnectivityService(  908): rematching NetworkAgentInfo [WIFI () - 212]
D/ConnectivityService(  908): Network NetworkAgentInfo [WIFI () - 212] was already satisfying request 1. No change.
D/ConnectivityService(  908): notifyType AVAILABLE for NetworkAgentInfo [WIFI () - 212]
D/BackupManagerService(  908): Received broadcast Intent { act=android.intent.action.PACKAGE_ADDED dat=package:br.com.procempa.mapaOffline flg=0x4000010 (has extras) }
W/BackupManagerService(  908): Removing schedule queue dupe of br.com.procempa.mapaOffline
W/ResourcesManager( 1498): Asset path '/system/framework/com.motorola.android.encryption.jar' does not exist or contains no resources.
W/ResourcesManager( 1498): Asset path '/system/framework/com.motorola.gallery' does not exist or contains no resources.
W/ResourcesManager( 1498): Asset path '/system/framework/com.google.android.media.effects.jar' does not exist or contains no resources.
W/ResourcesManager( 1498): Asset path '/system/framework/com.motorola.frameworks.core.addon.jar' does not exist or contains no resources.
W/ResourcesManager( 1498): Asset path '/system/framework/com.google.android.media.effects.jar' does not exist or contains no resources.
W/ResourcesManager( 1498): Asset path '/system/framework/com.google.android.maps.jar' does not exist or contains no resources.
W/ResourcesManager( 1498): Asset path '/system/framework/com.google.android.maps.jar' does not exist or contains no resources.
W/ResourcesManager( 1498): Asset path '/system/framework/com.google.android.maps.jar' does not exist or contains no resources.
V/WindowManager(  908): Adding window Window{264526c0 u0 AtchDlg:com.android.launcher/com.android.launcher2.Launcher} at 4 of 10 (after Window{13441ca8 u0 com.android.launcher/com.android.launcher2.Launcher})
I/ActivityManager(  908): START u0 {act=android.intent.action.MAIN flg=0x10000000 cmp=br.com.procempa.mapaOffline/.MainActivity} from uid 2000 on display 0
V/WindowManager(  908): addAppToken: AppWindowToken{2f5764bb token=Token{88d0d4a ActivityRecord{3dcad2b5 u0 br.com.procempa.mapaOffline/.MainActivity t405}}} to stack=1 task=405 at 0
V/WindowManager(  908): Adding window Window{2c6d2f84 u0 Starting br.com.procempa.mapaOffline} at 2 of 11 (after Window{26afb197 u0 com.android.chrome/org.chromium.chrome.browser.document.CipherKeyActivity})
I/ActivityManager(  908): Start proc 15865:br.com.procempa.mapaOffline/u0a174 for activity br.com.procempa.mapaOffline/.MainActivity
V/WindowManager(  908): Adding window Window{35addc9b u0 br.com.procempa.mapaOffline/br.com.procempa.mapaOffline.MainActivity} at 5 of 12 (before Window{2c6d2f84 u0 Starting br.com.procempa.mapaOffline})
I/SFPerfTracer(  226):      triggers: (rate: 2293:53536) (compose: 0:72) (post: 0:614) (render: 0:543) (2:902085 frames) (3:1268401)
D/SFPerfTracer(  226):        layers: (4:12) (FocusedStackFrame (0xb65a1000): 0:4792)* (DimLayer (0xb660c000): 0:326)* (DimLayer (0xb6614000): 0:12)* (DimLayer (0xb66a9000): 0:3346)* (DimLayer (0xb65ff000): 1:1302) (StatusBar (0xb6616000): 0:177423) (com.android.systemui.ImageWallpaper (0xb6606000): 0:3832)* (NavigationBar (0xb660e000): 0:354) (com.android.launcher/com.android.launcher2.Launcher (0xb6604000): 0:64)- (AtchDlg:com.android.launcher/com.android.launcher2.Launcher (0xb6608000): 0:46)- (Starting br.com.procempa.mapaOffline (0xb66a0000): 3:22) (br.com.procempa.mapaOffline/br.com.procempa.mapaOffline.MainActivity (0xb6604000): 3:4)* 
I/LaunchCheckinHandler(  908): Displayed br.com.procempa.mapaOffline/.MainActivity,cp,ca,859
V/WindowStateAnimator(  908): windowAnimating in WindowStateAnimator{32814413 Starting br.com.procempa.mapaOffline}
V/AlarmManager(  908): sending alarm {a8d134e type 2 *walarm*:com.facebook.rti.mqtt.keepalive.KeepaliveManager.ACTION_INEXACT_ALARM.MqttLite.com.facebook.katana}
V/AlarmManager(  908): done {a8d134e, *walarm*:com.facebook.rti.mqtt.keepalive.KeepaliveManager.ACTION_INEXACT_ALARM.MqttLite.com.facebook.katana} [6ms]
I/SFPerfTracer(  226):      triggers: (rate: 0:185) (93492 sw vsyncs) (0 skipped) (223:3538238 vsyncs) (225:4341608)
I/SFPerfTracer(  226):      triggers: (rate: 2293:53537) (compose: 0:72) (post: 0:614) (render: 0:543) (24:902177 frames) (25:1268502)
D/SFPerfTracer(  226):        layers: (3:10) (FocusedStackFrame (0xb65a1000): 0:4794)* (DimLayer (0xb660c000): 0:326)* (DimLayer (0xb6614000): 0:12)* (DimLayer (0xb66a9000): 0:3346)* (DimLayer (0xb65ff000): 0:1303)* (StatusBar (0xb6616000): 0:177444) (com.android.systemui.ImageWallpaper (0xb6606000): 0:3832)* (NavigationBar (0xb660e000): 0:366) (Starting br.com.procempa.mapaOffline (0xb66a0000): 0:38)- (br.com.procempa.mapaOffline/br.com.procempa.mapaOffline.MainActivity (0xb6604000): 25:85) 
V/AlarmManager(  908): sending alarm {23f6d3 type 2 *walarm*:com.facebook.rti.b.e.i.ACTION_INEXACT_ALARM.FBNS.com.instagram.android}
V/AlarmManager(  908): done {23f6d3, *walarm*:com.facebook.rti.b.e.i.ACTION_INEXACT_ALARM.FBNS.com.instagram.android} [3ms]
V/AlarmManager(  908): sending alarm {122d4f2d type 3 *alarm*:com.google.android.gms/.lockbox.LockboxAlarmReceiver}
D/BackupManagerService(  908): Received broadcast Intent { act=android.intent.action.PACKAGE_CHANGED dat=package:com.google.android.gms flg=0x4000010 (has extras) }
I/BackupManagerService(  908): Unbinding ComponentInfo{com.google.android.gms/com.google.android.gms.backup.BackupTransportService}
I/BackupManagerService(  908): Binding to transport host ComponentInfo{com.google.android.gms/com.google.android.gms.backup.BackupTransportService}
V/AlarmManager(  908): done {122d4f2d, *alarm*:com.google.android.gms/.lockbox.LockboxAlarmReceiver} [278ms]
V/BackupManagerService(  908): Connected to transport ComponentInfo{com.google.android.gms/com.google.android.gms.backup.BackupTransportService}
V/BackupManagerService(  908): Registering transport com.google.android.gms/.backup.BackupTransportService::com.google.android.gms/.backup.BackupTransportService = com.android.internal.backup.IBackupTransport$Stub$Proxy@2ce1f393
D/WifiService(  908): acquireWifiLockLocked: WifiLock{NlpWifiLock type=2 binder=android.os.BinderProxy@8ae35ef}
W/ResourcesManager( 1498): Asset path '/system/framework/com.motorola.android.encryption.jar' does not exist or contains no resources.
W/ResourcesManager( 1498): Asset path '/system/framework/com.motorola.gallery' does not exist or contains no resources.
W/ResourcesManager( 1498): Asset path '/system/framework/com.google.android.media.effects.jar' does not exist or contains no resources.
W/ResourcesManager( 1498): Asset path '/system/framework/com.motorola.frameworks.core.addon.jar' does not exist or contains no resources.
W/ResourcesManager( 1498): Asset path '/system/framework/com.google.android.media.effects.jar' does not exist or contains no resources.
W/ResourcesManager( 1498): Asset path '/system/framework/com.google.android.maps.jar' does not exist or contains no resources.
W/ResourcesManager( 1498): Asset path '/system/framework/com.google.android.maps.jar' does not exist or contains no resources.
W/ResourcesManager( 1498): Asset path '/system/framework/com.google.android.maps.jar' does not exist or contains no resources.
F/google-breakpad(15984): -----BEGIN BREAKPAD MICRODUMP-----
F/google-breakpad(15984): V WebView:47.0.2526.100
F/google-breakpad(15984): O A arm 02 armv7l motorola/ghost_retbr/ghost:5.1/LPA23.12-21.7/5:user/release-keys
F/google-breakpad(15984): G OpenGL ES 3.0 V@84.0 AU@05.00.02.006.020 (CL@)|Qualcomm|Adreno (TM) 320
F/google-breakpad(15984): S 0 A13FB530 A13FB000 00001000
F/google-breakpad(15984): S A13FB000 0100000050B03FA10700000015C8E0B655B03FA10100000056B03FA10200000060B03FA1080000009436479F0100000094B03FA101000000F0D67BB404000000F4B03FA11D00000014B53FA10000000020F586B400003E3E6280B456A831312D6280B456A831312D04FEE7B65010E1B61D0000000000000089C7E0B604FEE7B620F586B400D8C3AF01000000E9CAE0B60802FFFF07000000FF03000094B03FA101000000F0D67BB404000000F4B03FA11D00000064B03FA140B13FA1490000002C951970B3D374B404FEE7B6B8B23FA128B13FA10850F2CE04FEE7B6F4B03FA1F0D67BB40700000000000000DBCCE0B614B53FA16172742F72756E74696D652F72756E74696D652E63633A3331345D2000206174206A6176612E6C616E672E5468726561642E72756E285468726561642E6A6176613A38313829007224576F726B65722E72756E28546872656164506F6F6C4578656375746F722E6A6176613A35383729002900613A353034290074696F6E2E6A6176613A323132290029004A
F/google-breakpad(15984): S A13FB180 6176615F696F5F6C697465676C75655F53514C6974654E61746976655F73716C635F3173745F31636F6C756D6E5F31746578745F316E61746976655F5F4A492B3130322900B23FA160F1499F080000000802FFFF90B23FA10B000000540000000CB23FA1FFFFFFFF803080B490B23FA1F8B13FA1311AE5B618B23FA11D19E5B65C19409F01000000C00F409F01000000D821409F01000000D821409F000000007BB23FA1A592C1B500000000000000000000000064B23FA164B23FA190B23FA1B87EBBB493B23FA1847EBBB420000000F0FCFFFFC98EC1B5B87EBBB42000000064B23FA168B0C4B57BB23FA178B23FA1256C640000007BB438313800A93D5FB4E8B23FA100000000946D1D700FF836703831380001000800807EBBB4ECD67BB4B87EBBB4986B7FB4807EBBB4747B59B4A0B1C4B5847EBBB4807EBBB425C559B401030000807EBBB4009388B4856B5FB4A93D5FB40850F2CE01F8856F88F8856FA0965F9F10B43FA108000000A4F8856F0000000000000000009388B463B072B4
F/google-breakpad(15984): S A13FB300 210000001400000060F1499F0850F2CE10B43FA188F8856FECCF7FB4000000006CAA7FB410B43FA188F8856FECCF7FB428000000CC77E8B608A3559F806282B418B43FA100000000806282B40400000004FEE7B60000000098D57BB4BCD57BB45CD57BB4C4DC7DB4A8DE7DB45CD57BB40400000001000000006282B4B07FE8B6E47FE8B660020000786282B4806282B4006282B4CC000000AA1D090003000000000000003E3E000000B08AB4A0965F9F80717FB4447559B4806A7FB410B43FA101000000807EBBB478717FB4594FE2B6E0F42500607559B4F8837FB477BF72B40000000070AE559F18FB14B50CCE689FA4B83FA103000000000000000C0000000C000000C70200000000409F4425409FC000C0B4010000004C0000005B2AE5B600000000010000000B00000000000000807EBBB40000409FC7020000000000000C000000C402000000C00000BC7FE8B6C800C0B4AB2AE5B60C0000000100000000C0000000C00000C000C0B400706C9F00B6E7B60000000000B6E7B600C00000
F/google-breakpad(15984): S A13FB480 C800C0B49F2CE5B60000000000C00000400DC0B4020000000300000000706C9F000000007F3BE5B60000000000C00000FFFFFFFFEFC40000106682B400D8C3AFE4B4000004FEE7B6D4DC7BB4AFD1E5B6ECD67BB46CAA7FB4E47FE8B6EDD67BB404FEE7B6ECD67BB4806A7FB468B0C4B5010700000850F2CE84B53FA13A01000018C57EB4807EBBB4DFFFFFFF000000000412000000000000B8BD3FA1060000000B0000003E3E000000000000B999E2B6B0BD3FA1060000000000000058B53FA1ECCF7FB4D3A5E2B654B53FA17D6DE2B600706C9FDFFFFFFFFFFFFFFF84B53FA164BB7FB464CE7DB484B53FA164BB7FB464CE7DB4F051E2B61300000003D471B488B63FA10000000051000000450A000088B63FA16CAA7FB451000000E5B359B4ACB53FA120000000F0B63FA168B0C4B501AA7FB404FEE7B6510A0000450A0000008C85B40850F2CEA8B63FA1E078BBB468E67BB40000008064B63FA164B63FA1F0B63FA100D8C3AF6CAA7FB48B5B5AB4FFFFFFFF800000000B000000DB13E6B6
F/google-breakpad(15984): S A13FB600 000000000000000080000000086C7FB4C0B63FA1906B7FB4106B7FB488B63FA104FEE7B668E67BB440BB7FB4BCDB7BB468E67BB480000000020000003E0000003F00000038B73FA1010000003E0000003F000000B9B63FA10000430081000000000043000000550000D8C3AF208526A300D289B400D8C3AF43000000430000000043BFB3D908E400E078BBB400000000F443BFB3F443BFB3E47FE8B6DCB63FA1B8B63FA100D8C3AF510A0000440A0000008C85B400000000146C7FB4986B7FB468B0C4B500000000000000000000000000D0559F44DA559FFFDF559F01100000FF0F000000D0559F44DA559F10000000286C7FB40210000006000000000000000000000000000000BCB63FA168B0C4B5000000000000000000000000000000000000000000000000000000000000000000000000000000000000000020000000805F499F0850F2CE00D8C3AF0000000004FEE7B6F88C7EB400000000010000000100000090EE7BB40930579FC9605AB430847FB4A0B73FA16100000051000000
F/google-breakpad(15984): S A13FB780 60E1539F0850F2CE00000000A9F07BB44CB83FA16CAA7FB483865AB4D4EE7BB45CEC7BB4890000000830579FF9CC76B404FEE7B604FEE7B600D8C3AF7CEE7BB4D4EE7BB4F8E67BB49CEE7BB458EE7BB40000000004FEE7B644B83FA168E67BB4D4DC7BB4ACDC7BB468E67BB4BCDB7BB4D0DB7BB401000000001CD01200D8C3AF0000000068E67BB400D8C3AF0850F2CE010000004CB83FA1208526A30830579FA027EE120000000000D8C3AFB0F7DF7300000000B1215BB4A8F07BB4208526A30830579F000000000200000000D8C3AF208526A300D289B400D8C3AF430000005500000000BC2AA1F88C7EB420000000010F5D9F79BF2AA1208526A3C8955F9F000000000D512EA10A000000F5210EB00000000000000000A027EE120000000060DBDF730000000001000000001CD0120000000004000000C8955F9F0000000000000000C8955F9F00000000A027EE1200000000B0F7DF7300000000BB830FB0B0F7DF73C8955F9F000000000000000000000000000000000000000000000000
F/google-breakpad(15984): S A13FB900 000000000028EE12A027EE1288F0DF738027EE128027EE1200000000EBA00FB088F0DF7338B5886FD093EB129B84E97138B5886F08408B6F18E0DF73000000008027EE1208408B6FC066EB121500000008408B6FD093EB1218E0DF734028EE128027EE12000000004028EE1297B40FB018E0DF73C0CFEA1203000000651A000000000000608EEB12601EEE12C0CFEA12A01AEE129093EB1201000000808FEB12C093EB125092EB1201000000D093EB1290E5DF7348368B6F8093EB128027EE1200000000D093EB128093EB12000000000000000000000000608EEB12C0E0DF73601EEE12C0CFEA1200000000B7B90FB0C0E0DF73608EEB12601EEE12C0CFEA12A01AEE1201000000010000000000000000000000608EEB12F0CFEA128030EE127030EE12A01AEE12010000008093EB12383C896F0000000000000000E01FEE12A0E0ED12C0DD776F601EEE12000000000000000001000000A0E0ED12313CF071F87B896FD0BFEA1280D1ED12CF6E59B42822A16F00000000A01AEE128093EB12
F/google-breakpad(15984): S A13FBA80 00000000608EEB1268DFDF7310E3ED12F0CFEA12D0BFEA128030EE12AD290EB068DFDF73608EEB12F0CFEA128030EE127030EE12A01AEE12D892896F0348D271785A0A700000000001000000F0860670000000007030EE12A01AEE122B5BF171488C896FD892896FE0B8EA1200000000D0BFEA12C084C9120000000039FBF071D892896FD0BFEA12D06B7FB404FEE7B6386282B404FEE7B6010000007CEE7BB400000000C0EAEA129CEE7BB458EE7BB40000002000000000010000000000000000B6E7B6E0B8EA12C084C912D886896FF0BB3FA100000000B8BB3FA18D5BF171D886896F208526A3ECCF7FB40850F2CE1CBD3FA1ADAA6BB4AE0C2000ADAA6BB4E0B8EA12C0EAEA1288F8856F21FBD77188F8856F40BD3FA11CBD3FA15FAB5AB4B0BB3FA150BC3FA1D8BB3FA1395B59B400000000C0EAEA1288F8856F84D8C3AF00D8C3AF88F8856F68BC3FA149D26DB450BC3FA176123370040000007612337050BC3FA104FEE7B6430000000000000000000000000000000000000000000000
F/google-breakpad(15984): S A13FBC00 000000000100000034BC3FA10850F2CE50ED729F00000000208526A350BC3FA140BC3FA140BD3FA188F8856FC0EAEA1276123370B99971B450BC3FA176123370746F727368BC3FA1010000000F000000000000000000000076123370010000000400000068BC3FA1C0EAEA120850F2CE00000000208526A3000000000850F2CEE47FE8B65F8432A304FEE7B6B8BD3FA110BD3FA1ECCF7FB440BD3FA1419474B4320000006057EB12000000006BDC78B440000000508432A30000000000D8C3AF88D17FB410BD3FA1ECCF7FB420BD3FA104FDFFFF4D0373B4000000000000000000000000000000000000000040BB7FB404FEE7B6388283B418BD3FA168E67BB4D4DC7BB468E67BB4BCDB7BB4D0DB7BB40000000000005500000000000000550000D8C3AF208526A300D289B400D8C3AF43000000550000000000000000000000000043007800000008A1C5AF5DC4E2B6FFFFFFFF000000000000000000000000110000000F000000508432A30850F2CEFFFFFFFF00A1C5AF40A1C5AF00A1C5AF
F/google-breakpad(15984): S A13FBD80 7800000008A1C5AF08A1C5AF8D91E2B6B0BD3FA1AD91E2B68D91E2B608A1C5AF8D91E2B6D970E2B6B0BD3FA100000000B0BD3FA100A1C5AF1600000000000000000000000850F2CE44A1C5AF0000000000000000FFFFFFFF000000000000000048ED729F909626A3689626A3709626A300000000000000000000000020AF729F00D8C3AF0000000000000000808208A3000000000000000000000000000000000000000000000000000000000000000000000000000000000000000000000000000000000000000000000000000000000000000000000000000000000000000000000000000000000000000000000000000000000000000000000000000000000000000000000000000000000000000000000000000000000000000000000000000000000000000000000000000000000000000000000000000000000000000000000000000000000000000000000000000000000000000000000000000000000000000000000000000000000000000000000000000000000000000000000000
F/google-breakpad(15984): S A13FBF00 00000000000000000000000000000000000000000000000000000000000000000000000000000000000000000000000000000000000000000000000000000000000000000000000000000000000000000000000000000000000000000000000000000000000000000000000000000000000000000000000000000000000000000000000000000000000000000000000000000000000000000000000000000000000000000000000000000000000000000000000000000000000000000000000000000000000000000000000000000000000000000000000000000000000000000000000000000000000000000000000000000000000000000000000000000000
F/google-breakpad(15984): C 06000040000000003E3E00000600000000000000B8BD3FA1060000000B0000000C0100000000000020F586B400D8C3AF010000003E3E000030B53FA1C199E2B64CDBE4B6100007600000000000000000000000000000000000000000000000000000000000000000000000000000000000000000000000000000000000000000000000000000000000000000000000000000000000000000000000000000000000000000000000000000000000000000000000000000000000000000000000000000000000000000000000000000000000000000000000000000000000000000000000000000000000000000000000000000000000000000000000000000000000000000000000000000000000000000000000000000000000000000000000000000000000000000000000000000000000000000000000000000000000000000000000000000000000000000000000000000000000000000000000000000000000000000000000000000000000000000
F/google-breakpad(15984): M B6FB4000 00000000 00003000 377EC2392EEE3DFEC5C99742DF4AEA850 app_process32
F/google-breakpad(15984): M A1290000 00000000 00067000 01022CF54C7479A869F8BE664FC4EE230 libsqlc-native-driver.so
F/google-breakpad(15984): M A3CA8000 00000000 00006000 C5AD083516AC2EE7287740722D13BFD00 gralloc.msm8960.so
F/google-breakpad(15984): M A4AE0000 00000000 0046B000 F6C80A8EB049C2AC7BCD6E22DE3D54360 libsc-a3xx.so
F/google-breakpad(15984): M A59DB000 00000000 00006000 65709DDB7844CB23300C0EF48C8391510 libqdutils.so
F/google-breakpad(15984): M A6743000 00000000 01BD4000 0E370D65AC05F48D3821C792FCDA43B50 libwebviewchromium.so
F/google-breakpad(15984): M ACB43000 00000000 00003000 92AEC9935A8E5A07D59E3868060A5F2E0 libwebviewchromium_loader.so
F/google-breakpad(15984): M ACB46000 00000000 00008000 F2B1298EE4C6EA0900CDACD17FB5C16B0 libcompiler_rt.so
F/google-breakpad(15984): M ACB4E000 00000000 00010000 62690FE7B4748EF8151B01903B27608D0 libandroid.so
F/google-breakpad(15984): M ACB5E000 00000000 0013B000 9C07AB9E6D41D8E1E824C6914C4DA80F0 libGLESv2_adreno.so
F/google-breakpad(15984): M ACC9A000 00000000 00034000 CF692CC2042CC03999A6210A4668E2EF0 libGLESv1_CM_adreno.so
F/google-breakpad(15984): M ACCCE000 00000000 00026000 E16AB8458B6B2A7B6C3478BAEB31C4CF0 libgsl.so
F/google-breakpad(15984): M ACCF5000 00000000 00004000 EB49C5D6528506CB9B372BB982BA92C20 libadreno_utils.so
F/google-breakpad(15984): M ACCFA000 00000000 00029000 C29A614A484EC8848AF5ACCAD72F030E0 libEGL_adreno.so
F/google-breakpad(15984): M AD32B000 00000000 00018000 51F65787C45EB52D7DF5EA320CB179AF0 libjavacrypto.so
F/google-breakpad(15984): M AD343000 00000000 00009000 8452CE587CC6C1496722726A3DA08AD80 librs_jni.so
F/google-breakpad(15984): M AD34C000 00000000 00006000 417FA8AD15AC242EB4DF5082BFE52CEE0 libaudioeffect_jni.so
F/google-breakpad(15984): M AD352000 00000000 00004000 CDA9BA072D4DECC71C5E63467275E7EE0 libsoundpool.so
F/google-breakpad(15984): M AD356000 00000000 0001B000 F59669C665FE4B073886A8DAAECEA86F0 libvorbisidec.so
F/google-breakpad(15984): M AD371000 00000000 00004000 9FC00D0B150FE9FC57763A76206D1D550 libstagefright_yuv.so
F/google-breakpad(15984): M AD375000 00000000 00022000 C2E86F2EB7B15B4230462BD600BB98850 libstagefright_omx.so
F/google-breakpad(15984): M AD397000 00000000 0003C000 F19A7DFF3B6F3AF94EAE23CA11905BAD0 libopus.so
F/google-breakpad(15984): M AD3D3000 00000000 0001B000 87AFCC5E47ED503148F1AA03777E88590 libdrmframework.so
F/google-breakpad(15984): M AD3EE000 00000000 0000E000 D02CB251CF8787A770DE2CFDC52A2B040 libstagefright_amrnb_common.so
F/google-breakpad(15984): M AD3FC000 00000000 00132000 E6069AC0EB07ACAEAE682B398D89D4D10 libstagefright.so
F/google-breakpad(15984): M AD52E000 00000000 00017000 459F7205A270FE376472C3CDBD1F29B20 libmtp.so
F/google-breakpad(15984): M AD545000 00000000 0002C000 512DAAC681257789E71C0FCD483BC6A10 libexif.so
F/google-breakpad(15984): M AD571000 00000000 0003E000 B46189AFDA2BF396FF01B4CE2008BF0F0 libmedia_jni.so
F/google-breakpad(15984): M AF9E8000 00000000 00003000 38BBCD36F7E30531E1B5E4A5EF6801780 memtrack.msm8960.so
F/google-breakpad(15984): M AF9EB000 00000000 00005000 717D2EB6B02E838A66CB2D3E923A0FE70 libmemalloc.so
F/google-breakpad(15984): M B0000000 00000000 00003000 8FF5949AE957364C270D0F448DAD4FE20 libjnigraphics.so
F/google-breakpad(15984): M B0003000 00000000 0000B000 D2AB743CCCD8D2EB9B66A47707CC1E530 libjhead.so
F/google-breakpad(15984): M B0016000 00000000 0000C000 06DBF98091A8123FC1BCCC75F49D6CFB0 eglsubAndroid.so
F/google-breakpad(15984): M B14FF000 00000000 00038000 FE4EB356A2DF9D6013F3C471876ED1C20 libjavacore.so
F/google-breakpad(15984): M B3BFB000 00000000 00004000 F007D0E8B4B1447628068777E701EBBC0 libwebviewchromium_plat_support.so
F/google-breakpad(15984): M B44F4000 00000000 00308000 A9C6AC7258E0C858A38D42A073C7A7520 libart.so
F/google-breakpad(15984): M B5000000 00000000 00003000 E11DA546CE9E08D1D647E8E1135DAD810 libstagefright_enc_common.so
F/google-breakpad(15984): M B5003000 00000000 00007000 741CC494F5299870A1C62FD71E37AE5F0 libstagefright_avc_common.so
F/google-breakpad(15984): M B5143000 00000000 00003000 133BEE27C6351072BEF5780E5368857F0 libsigchain.so
F/google-breakpad(15984): M B5148000 00000000 00009000 366EEBA5DDD843690FBD36EEF9604ACB0 libbacktrace_libc++.so
F/google-breakpad(15984): M B5172000 00000000 00005000 D3EA22EB9F383751AB500AE5951F0DB30 libpowermanager.so
F/google-breakpad(15984): M B5177000 00000000 0000F000 E43E7FA869E4BCDAA3CC9601DF5A6A520 libcommon_time_client.so
F/google-breakpad(15984): M B5186000 00000000 0003D000 4737D9B437500703277EA2FEC551A56A0 libbcinfo.so
F/google-breakpad(15984): M B51C3000 00000000 00024000 744D4EF3EA647DC8C22E5035844D41990 libbcc.so
F/google-breakpad(15984): M B5207000 00000000 00938000 15C2EA55ED53B1B50EB94E54A0BF2ECE0 libLLVM.so
F/google-breakpad(15984): M B5B46000 00000000 00004000 7AE0C00FAEDEA3E81109CC784D49A6960 libunwind-ptrace.so
F/google-breakpad(15984): M B5B4A000 00000000 0000E000 FEC52DCEA9703BC3D04786B7558687FF0 libunwind.so
F/google-breakpad(15984): M B5B9E000 00000000 00007000 3874D35A672DF92604963290963F44990 libgccdemangle.so
F/google-breakpad(15984): M B5BA5000 00000000 00012000 1ED721809D4ADEC8823197FA7B47EA470 libpcre.so
F/google-breakpad(15984): M B5BB7000 00000000 00094000 B169DDD386671F04347022ABD49F6F890 libc++.so
F/google-breakpad(15984): M B5C4C000 00000000 00028000 CE57DAFBAD37BA47A3BD195C934E83040 libpng.so
F/google-breakpad(15984): M B5C74000 00000000 0005B000 65A30D6CAD23E6191010184F02D9B3E10 libft2.so
F/google-breakpad(15984): M B5CD1000 00000000 00017000 6277772E2C87892DB67F815EBEBEBD810 libstagefright_foundation.so
F/google-breakpad(15984): M B5CE8000 00000000 0000A000 6B713D36804D7F05D55318F859E1E1400 libnbaio.so
F/google-breakpad(15984): M B5CF2000 00000000 00006000 F4F99E4A6E63BF8C8005D96B2BAC8CEB0 libgabi++.so
F/google-breakpad(15984): M B5CF8000 00000000 0001D000 E9848AA3BE862BD6B2674174F38D42020 libRScpp.so
F/google-breakpad(15984): M B5D15000 00000000 0003A000 C6E1A4292A80C08C45DACF37941651EE0 libRS.so
F/google-breakpad(15984): M B5D4F000 00000000 00005000 4E8926B7F3B40489DDA2954EC97B8D220 libwpa_client.so
F/google-breakpad(15984): M B5D54000 00000000 00003000 2D9083CB8C22C02E1412DA13B1CA43AE0 libsync.so
F/google-breakpad(15984): M B5D57000 00000000 00006000 AC1D054A26491BE96E8BCCB1E5F2926F0 libspeexresampler.so
