F/google-breakpad(31745): M ACCFA000 00000000 00029000 C29A614A484EC8848AF5ACCAD72F030E0 libEGL_adreno.so
F/google-breakpad(31745): M AD32B000 00000000 00018000 51F65787C45EB52D7DF5EA320CB179AF0 libjavacrypto.so
F/google-breakpad(31745): M AD343000 00000000 00009000 8452CE587CC6C1496722726A3DA08AD80 librs_jni.so
F/google-breakpad(31745): M AD34C000 00000000 00006000 417FA8AD15AC242EB4DF5082BFE52CEE0 libaudioeffect_jni.so
F/google-breakpad(31745): M AD352000 00000000 00004000 CDA9BA072D4DECC71C5E63467275E7EE0 libsoundpool.so
F/google-breakpad(31745): M AD356000 00000000 0001B000 F59669C665FE4B073886A8DAAECEA86F0 libvorbisidec.so
F/google-breakpad(31745): M AD371000 00000000 00004000 9FC00D0B150FE9FC57763A76206D1D550 libstagefright_yuv.so
F/google-breakpad(31745): M AD375000 00000000 00022000 C2E86F2EB7B15B4230462BD600BB98850 libstagefright_omx.so
F/google-breakpad(31745): M AD397000 00000000 0003C000 F19A7DFF3B6F3AF94EAE23CA11905BAD0 libopus.so
F/google-breakpad(31745): M AD3D3000 00000000 0001B000 87AFCC5E47ED503148F1AA03777E88590 libdrmframework.so
F/google-breakpad(31745): M AD3EE000 00000000 0000E000 D02CB251CF8787A770DE2CFDC52A2B040 libstagefright_amrnb_common.so
F/google-breakpad(31745): M AD3FC000 00000000 00132000 E6069AC0EB07ACAEAE682B398D89D4D10 libstagefright.so
F/google-breakpad(31745): M AD52E000 00000000 00017000 459F7205A270FE376472C3CDBD1F29B20 libmtp.so
F/google-breakpad(31745): M AD545000 00000000 0002C000 512DAAC681257789E71C0FCD483BC6A10 libexif.so
F/google-breakpad(31745): M AD571000 00000000 0003E000 B46189AFDA2BF396FF01B4CE2008BF0F0 libmedia_jni.so
F/google-breakpad(31745): M AF9E8000 00000000 00003000 38BBCD36F7E30531E1B5E4A5EF6801780 memtrack.msm8960.so
F/google-breakpad(31745): M B0000000 00000000 00003000 8FF5949AE957364C270D0F448DAD4FE20 libjnigraphics.so
F/google-breakpad(31745): M B0003000 00000000 0000B000 D2AB743CCCD8D2EB9B66A47707CC1E530 libjhead.so
F/google-breakpad(31745): M B0061000 00000000 0000C000 06DBF98091A8123FC1BCCC75F49D6CFB0 eglsubAndroid.so
F/google-breakpad(31745): M B14FF000 00000000 00038000 FE4EB356A2DF9D6013F3C471876ED1C20 libjavacore.so
F/google-breakpad(31745): M B3C10000 00000000 00004000 F007D0E8B4B1447628068777E701EBBC0 libwebviewchromium_plat_support.so
F/google-breakpad(31745): M B44F4000 00000000 00308000 A9C6AC7258E0C858A38D42A073C7A7520 libart.so
F/google-breakpad(31745): M B5000000 00000000 00003000 E11DA546CE9E08D1D647E8E1135DAD810 libstagefright_enc_common.so
F/google-breakpad(31745): M B5003000 00000000 00007000 741CC494F5299870A1C62FD71E37AE5F0 libstagefright_avc_common.so
F/google-breakpad(31745): M B5143000 00000000 00003000 133BEE27C6351072BEF5780E5368857F0 libsigchain.so
F/google-breakpad(31745): M B5148000 00000000 00009000 366EEBA5DDD843690FBD36EEF9604ACB0 libbacktrace_libc++.so
F/google-breakpad(31745): M B5172000 00000000 00005000 D3EA22EB9F383751AB500AE5951F0DB30 libpowermanager.so
F/google-breakpad(31745): M B5177000 00000000 0000F000 E43E7FA869E4BCDAA3CC9601DF5A6A520 libcommon_time_client.so
F/google-breakpad(31745): M B5186000 00000000 0003D000 4737D9B437500703277EA2FEC551A56A0 libbcinfo.so
F/google-breakpad(31745): M B51C3000 00000000 00024000 744D4EF3EA647DC8C22E5035844D41990 libbcc.so
F/google-breakpad(31745): M B5207000 00000000 00938000 15C2EA55ED53B1B50EB94E54A0BF2ECE0 libLLVM.so
F/google-breakpad(31745): M B5B46000 00000000 00004000 7AE0C00FAEDEA3E81109CC784D49A6960 libunwind-ptrace.so
F/google-breakpad(31745): M B5B4A000 00000000 0000E000 FEC52DCEA9703BC3D04786B7558687FF0 libunwind.so
F/google-breakpad(31745): M B5B9E000 00000000 00007000 3874D35A672DF92604963290963F44990 libgccdemangle.so
F/google-breakpad(31745): M B5BA5000 00000000 00012000 1ED721809D4ADEC8823197FA7B47EA470 libpcre.so
F/google-breakpad(31745): M B5BB7000 00000000 00094000 B169DDD386671F04347022ABD49F6F890 libc++.so
F/google-breakpad(31745): M B5C4C000 00000000 00028000 CE57DAFBAD37BA47A3BD195C934E83040 libpng.so
F/google-breakpad(31745): M B5C74000 00000000 0005B000 65A30D6CAD23E6191010184F02D9B3E10 libft2.so
F/google-breakpad(31745): M B5CD1000 00000000 00017000 6277772E2C87892DB67F815EBEBEBD810 libstagefright_foundation.so
F/google-breakpad(31745): M B5CE8000 00000000 0000A000 6B713D36804D7F05D55318F859E1E1400 libnbaio.so
F/google-breakpad(31745): M B5CF2000 00000000 00006000 F4F99E4A6E63BF8C8005D96B2BAC8CEB0 libgabi++.so
F/google-breakpad(31745): M B5CF8000 00000000 0001D000 E9848AA3BE862BD6B2674174F38D42020 libRScpp.so
F/google-breakpad(31745): M B5D15000 00000000 0003A000 C6E1A4292A80C08C45DACF37941651EE0 libRS.so
F/google-breakpad(31745): M B5D4F000 00000000 00005000 4E8926B7F3B40489DDA2954EC97B8D220 libwpa_client.so
F/google-breakpad(31745): M B5D54000 00000000 00003000 2D9083CB8C22C02E1412DA13B1CA43AE0 libsync.so
F/google-breakpad(31745): M B5D57000 00000000 00006000 AC1D054A26491BE96E8BCCB1E5F2926F0 libspeexresampler.so
F/google-breakpad(31745): M B5D5D000 00000000 00071000 A12BAF7D82BE28EC681730452D351E880 libGLES_trace.so
F/google-breakpad(31745): M B5DCE000 00000000 0000A000 5A3201787CDD7A2DAD894090C92E2C0E0 libbacktrace.so
F/google-breakpad(31745): M B5DD8000 00000000 0001A000 03AD92B0BEDAA751C0016E97AE374CAE0 libz.so
F/google-breakpad(31745): M B5DF2000 00000000 00006000 64B8DC6F549681A57A8F2D2F22BBB0690 libusbhost.so
F/google-breakpad(31745): M B5DF9000 00000000 0000C000 4C6A0B2187C2251719402BE7365536730 libui.so
F/google-breakpad(31745): M B5E05000 00000000 0003B000 2FE003E5119C67BABE1A9FAB459A5A5D0 libstlport.so
F/google-breakpad(31745): M B5E40000 00000000 00041000 A87224550AFBAF5C1BC6A39F93D20C130 libssl.so
F/google-breakpad(31745): M B5E81000 00000000 000FF000 C8874FF4F4326BA7F3F4CA6B0B40E5190 libsqlite.so
F/google-breakpad(31745): M B5F80000 00000000 0000F000 F954BA248E12C9AF32F54434F977FEF80 libsoundtrigger.so
F/google-breakpad(31745): M B5F8F000 00000000 00052000 2577A241CD97AC4587741061E5E2BC950 libsonivox.so
F/google-breakpad(31745): M B5FE6000 00000000 00231000 636496D8A70CB3506BFAC66F555B0EC30 libskia.so
F/google-breakpad(31745): M B621C000 00000000 0000F000 11327F5AE73AEFA7E50E693F0548A3010 libselinux.so
F/google-breakpad(31745): M B622B000 00000000 00004000 4E6C8C876BA563C3C4B0B3BA562093920 libprocessgroup.so
F/google-breakpad(31745): M B622F000 00000000 0045B000 83C5B450634DDB5C4FC41CA61A35B3740 libpdfium.so
F/google-breakpad(31745): M B668F000 00000000 00007000 ADCE932B3390EC21752A7A6149AA6DA60 libnetutils.so
F/google-breakpad(31745): M B6696000 00000000 00004000 9DD43767890F53F4803405F1920CD2EF0 libnetd_client.so
F/google-breakpad(31745): M B669B000 00000000 00007000 75FE2C03B4B2120A8CFB0974E91F1E880 libnativehelper.so
F/google-breakpad(31745): M B66A2000 00000000 00004000 6AAFF7E8CE1BD875991E2F25761D14760 libnativebridge.so
F/google-breakpad(31745): M B66A7000 00000000 0000C000 1CA7BC0790E903E9229128A166929FEB0 libminikin.so
F/google-breakpad(31745): M B66B3000 00000000 00003000 CCA8BE0D07D24523C8D02FEE5F724EA70 libmemtrack.so
F/google-breakpad(31745): M B66B6000 00000000 0009D000 A59D88BBAF43DA7ED5D844FD5AF54D6C0 libmedia.so
F/google-breakpad(31745): M B6753000 00000000 00033000 EFC20D03341A8FDDD720FFD4FC9C44EA0 libjpeg.so
F/google-breakpad(31745): M B6786000 00000000 0003C000 C26E0CE9070BDBBD11575C281FBC08140 libinputflinger.so
F/google-breakpad(31745): M B67C2000 00000000 0001B000 74F168449838583071D83A6436D107740 libinput.so
F/google-breakpad(31745): M B67DD000 00000000 0000F000 40DF8D62DE420FD303DF8B12AFD7D5000 libimg_utils.so
F/google-breakpad(31745): M B67EC000 00000000 00110000 1BE5D66B75FDE88B86D7E83065EE37160 libicuuc.so
F/google-breakpad(31745): M B6900000 00000000 00167000 237F53C12084A7F42405B410FDE8B4020 libicui18n.so
F/google-breakpad(31745): M B6A67000 00000000 0004D000 89EEAC86DE35AA19D88F9129189700650 libhwui.so
F/google-breakpad(31745): M B6AB5000 00000000 00048000 AC5AE16EC01F4362C8E63DF66565090D0 libharfbuzz_ng.so
F/google-breakpad(31745): M B6AFD000 00000000 00008000 DB0063C00AA09F3A1A774F42D78689CF0 libhardware_legacy.so
F/google-breakpad(31745): M B6B06000 00000000 00003000 914425D16565257955F7E1574360B71F0 libhardware.so
F/google-breakpad(31745): M B6B09000 00000000 0004F000 37CDD5F6AE8DEE3414D8C916B78C88690 libgui.so
F/google-breakpad(31745): M B6B58000 00000000 00017000 B98E65710C415C83E972EBDC1EB52AC00 libexpat.so
F/google-breakpad(31745): M B6B6F000 00000000 0015F000 3E90D4999361F43D859D8C3CCC5140330 libcrypto.so
F/google-breakpad(31745): M B6CD1000 00000000 00008000 FD57BD3754F1C9D63F3F9E1E550B9E950 libcamera_metadata.so
F/google-breakpad(31745): M B6CD9000 00000000 0003B000 66F06EF97E0823332BAB91EDAF35A1B30 libcamera_client.so
F/google-breakpad(31745): M B6D14000 00000000 00006000 C7B066E606462D658A4D7A9F2EAA61D80 libaudioutils.so
F/google-breakpad(31745): M B6D1A000 00000000 00026000 42872CCFC8178A26833DFC1C5068DA740 libandroidfw.so
F/google-breakpad(31745): M B6D40000 00000000 0000B000 E2F67EE50006FD0ED1482E1463C5CCFF0 libGLESv2.so
F/google-breakpad(31745): M B6D4B000 00000000 00007000 EFE6AB19F4060BCECF8CF0E68958C2F60 libGLESv1_CM.so
F/google-breakpad(31745): M B6D53000 00000000 00004000 C91EAF69D18F0D499BD58532BBA173690 libETC1.so
F/google-breakpad(31745): M B6D57000 00000000 00068000 92714C4D425611328101DB55FDE48EFD0 libEGL.so
F/google-breakpad(31745): M B6DC2000 00000000 00005000 34F3B6B289EE32A2E139717CDF8295E00 libcnefeatureconfig.so
F/google-breakpad(31745): M B6DC8000 00000000 00018000 4929CACB90B1756D54AABC210956A8720 libutils.so
F/google-breakpad(31745): M B6DE0000 00000000 00004000 00A2FABEF44A19B2E7F1792148994BA30 libstdc++.so
F/google-breakpad(31745): M B6DE4000 00000000 00019000 AE3467401278371A956801500FC8187D0 libm.so
F/google-breakpad(31745): M B6DFD000 00000000 00008000 B998FDEB56F7594D163EA469FE08B6D30 liblog.so
F/google-breakpad(31745): M B6E05000 00000000 0000D000 1370FC0D6014E3F9B189E9E41C19D7390 libcutils.so
F/google-breakpad(31745): M B6E12000 00000000 0006D000 C3D0BC032816EB6A288E7FB33509F2B90 libc.so
F/google-breakpad(31745): M B6E88000 00000000 00030000 ACE63A0E3012450D39746D59E61167700 libbinder.so
F/google-breakpad(31745): M B6EB8000 00000000 000E0000 8B5698C765DD031E2AF2F548778CBF140 libandroid_runtime.so
F/google-breakpad(31745): M B6F98000 00000000 00005000 79930F04B4B541442F6C29EF85B0B6150 libNimsWrap.so
F/google-breakpad(31745): M B6FA3000 00000000 0000D000 8FF02E921DD9BF0B16FED98A1BA4FAF70 linker
F/google-breakpad(31745): -----END BREAKPAD MICRODUMP-----
F/libc    (31646): Fatal signal 6 (SIGABRT), code -6 in tid 31712 (pool-1-thread-2)
I/DEBUG   (  252): *** *** *** *** *** *** *** *** *** *** *** *** *** *** *** ***
I/DEBUG   (  252): Build fingerprint: 'motorola/ghost_retbr/ghost:5.1/LPA23.12-21.7/5:user/release-keys'
I/DEBUG   (  252): Revision: 'p300'
I/DEBUG   (  252): ABI: 'arm'
I/DEBUG   (  252): pid: 31646, tid: 31712, name: pool-1-thread-2  >>> br.com.procempa.mapaOffline <<<
I/DEBUG   (  252): signal 6 (SIGABRT), code -6 (SI_TKILL), fault addr --------
I/DEBUG   (  252): Abort message: 'art/runtime/check_jni.cc:65] JNI DETECTED ERROR IN APPLICATION: input is not valid Modified UTF-8: illegal start byte 0x89'
I/DEBUG   (  252):     r0 00000000  r1 00007be0  r2 00000006  r3 00000000
I/DEBUG   (  252):     r4 a07d5db8  r5 00000006  r6 00000002  r7 0000010c
I/DEBUG   (  252):     r8 00000000  r9 b486f520  sl afdb0c00  fp 00000001
I/DEBUG   (  252):     ip 00007be0  sp a07d5530  lr b6e299c1  pc b6e4db4c  cpsr 60070010
I/DEBUG   (  252): 
I/DEBUG   (  252): backtrace:
I/DEBUG   (  252):     #00 pc 0003bb4c  /system/lib/libc.so (tgkill+12)
I/DEBUG   (  252):     #01 pc 000179bd  /system/lib/libc.so (pthread_kill+52)
I/DEBUG   (  252):     #02 pc 000185cf  /system/lib/libc.so (raise+10)
I/DEBUG   (  252):     #03 pc 00014d79  /system/lib/libc.so (__libc_android_abort+36)
I/DEBUG   (  252):     #04 pc 000131ec  /system/lib/libc.so (abort+4)
I/DEBUG   (  252):     #05 pc 002293ff  /system/lib/libart.so (art::Runtime::Abort()+170)
I/DEBUG   (  252):     #06 pc 000a73e1  /system/lib/libart.so (art::LogMessage::~LogMessage()+1360)
I/DEBUG   (  252):     #07 pc 000b1b87  /system/lib/libart.so (art::JniAbort(char const*, char const*)+1118)
I/DEBUG   (  252):     #08 pc 000b20c5  /system/lib/libart.so (art::JniAbortF(char const*, char const*, ...)+68)
I/DEBUG   (  252):     #09 pc 000b467f  /system/lib/libart.so (_ZN3art11ScopedCheck5CheckEbPKcz.constprop.129+922)
I/DEBUG   (  252):     #10 pc 000be1ad  /system/lib/libart.so (art::CheckJNI::NewStringUTF(_JNIEnv*, char const*)+44)
I/DEBUG   (  252):     #11 pc 0005510b  /data/app/br.com.procempa.mapaOffline-1/lib/arm/libsqlc-native-driver.so (Java_io_liteglue_SQLiteNative_sqlc_1st_1column_1text_1native__JI+26)
I/DEBUG   (  252):     #12 pc 000041f3  /data/dalvik-cache/arm/data@app@br.com.procempa.mapaOffline-1@base.apk@classes.dex
--------- beginning of system
V/AlarmManager(  908): sending alarm {a8d134e type 2 *walarm*:com.facebook.rti.mqtt.keepalive.KeepaliveManager.ACTION_INEXACT_ALARM.MqttLite.com.facebook.katana}
V/AlarmManager(  908): done {a8d134e, *walarm*:com.facebook.rti.mqtt.keepalive.KeepaliveManager.ACTION_INEXACT_ALARM.MqttLite.com.facebook.katana} [23ms]
V/AlarmManager(  908): sending alarm {23f6d3 type 2 *walarm*:com.facebook.rti.b.e.i.ACTION_INEXACT_ALARM.FBNS.com.instagram.android}
V/AlarmManager(  908): done {23f6d3, *walarm*:com.facebook.rti.b.e.i.ACTION_INEXACT_ALARM.FBNS.com.instagram.android} [48ms]
I/SFPerfTracer(  226):      triggers: (rate: 2292:53514) (compose: 0:72) (post: 0:614) (render: 0:543) (0:901009 frames) (1:1266782)
D/SFPerfTracer(  226):        layers: (3:10) (FocusedStackFrame (0xb65a1000): 0:4762)* (DimLayer (0xb660c000): 0:257)* (DimLayer (0xb6614000): 0:12)* (DimLayer (0xb66a9000): 0:3346)* (DimLayer (0xb65ff000): 0:1293)* (StatusBar (0xb6616000): 1:176859) (com.android.systemui.ImageWallpaper (0xb6606000): 0:3811)* (NavigationBar (0xb660e000): 0:217) (Application Error: br.com.procempa.mapaOffline (0xb66a0000): 0:56)- (com.android.launcher/com.android.launcher2.Launcher (0xb6604000): 0:11) 
I/SFPerfTracer(  226):      triggers: (rate: 0:185) (93492 sw vsyncs) (0 skipped) (0:3536630 vsyncs) (1:4337501)
V/AlarmManager(  908): sending alarm {122d4f2d type 3 *alarm*:com.google.android.gms/.lockbox.LockboxAlarmReceiver}
V/AlarmManager(  908): done {122d4f2d, *alarm*:com.google.android.gms/.lockbox.LockboxAlarmReceiver} [19ms]
V/AlarmManager(  908): sending alarm {19e72efe type 3 *alarm*:android.intent.action.TIME_TICK}
V/AlarmManager(  908): done {19e72efe, *alarm*:android.intent.action.TIME_TICK} [26ms]
I/SFPerfTracer(  226):      triggers: (rate: 0:185) (93492 sw vsyncs) (0 skipped) (0:3536630 vsyncs) (1:4337602)
V/AlarmManager(  908): sending alarm {19e72efe type 3 *alarm*:android.intent.action.TIME_TICK}
V/AlarmManager(  908): done {19e72efe, *alarm*:android.intent.action.TIME_TICK} [71ms]
V/AlarmManager(  908): sending alarm {3b539465 type 2 *walarm*:com.whatsapp.messaging.MessageService.CLIENT_PINGER_ACTION}
V/AlarmManager(  908): sending alarm {6dda335 type 2 *walarm*:action_batch_upload}
V/AlarmManager(  908): sending alarm {122d4f2d type 3 *alarm*:com.google.android.gms/.lockbox.LockboxAlarmReceiver}
V/AlarmManager(  908): sending alarm {1457984d type 2 *walarm*:ALARM_WAKEUP_LOCATOR}
V/AlarmManager(  908): done {3b539465, *walarm*:com.whatsapp.messaging.MessageService.CLIENT_PINGER_ACTION} [22ms]
V/AlarmManager(  908): done {6dda335, *walarm*:action_batch_upload} [50ms]
V/AlarmManager(  908): done {122d4f2d, *alarm*:com.google.android.gms/.lockbox.LockboxAlarmReceiver} [76ms]
D/WifiService(  908): acquireWifiLockLocked: WifiLock{NlpWifiLock type=2 binder=android.os.BinderProxy@1de4c204}
V/AlarmManager(  908): done {1457984d, *walarm*:ALARM_WAKEUP_LOCATOR} [137ms]
D/WifiService(  908): releaseWifiLockLocked: WifiLock{NlpWifiLock type=2 binder=android.os.BinderProxy@1de4c204}
I/SFPerfTracer(  226):      triggers: (rate: 0:185) (93492 sw vsyncs) (0 skipped) (0:3536631 vsyncs) (1:4337703)
V/AlarmManager(  908): sending alarm {2cdb0dd6 type 2 *walarm*:com.motorola.slpc.ALARM_MODALITY}
V/AlarmManager(  908): done {2cdb0dd6, *walarm*:com.motorola.slpc.ALARM_MODALITY} [14ms]
V/AlarmManager(  908): sending alarm {19e72efe type 3 *alarm*:android.intent.action.TIME_TICK}
V/AlarmManager(  908): done {19e72efe, *alarm*:android.intent.action.TIME_TICK} [72ms]
I/SFPerfTracer(  226):      triggers: (rate: 0:185) (93492 sw vsyncs) (0 skipped) (0:3536631 vsyncs) (1:4337804)
V/AlarmManager(  908): sending alarm {122d4f2d type 3 *alarm*:com.google.android.gms/.lockbox.LockboxAlarmReceiver}
V/AlarmManager(  908): done {122d4f2d, *alarm*:com.google.android.gms/.lockbox.LockboxAlarmReceiver} [6ms]
V/AlarmManager(  908): sending alarm {1dde041 type 2 *walarm*:android.net.ConnectivityService.action.PKT_CNT_SAMPLE_INTERVAL_ELAPSED}
V/AlarmManager(  908): done {1dde041, *walarm*:android.net.ConnectivityService.action.PKT_CNT_SAMPLE_INTERVAL_ELAPSED} [20ms]
I/SFPerfTracer(  226):      triggers: (rate: 0:185) (93492 sw vsyncs) (0 skipped) (0:3536631 vsyncs) (1:4337905)
V/AlarmManager(  908): sending alarm {19e72efe type 3 *alarm*:android.intent.action.TIME_TICK}
V/AlarmManager(  908): done {19e72efe, *alarm*:android.intent.action.TIME_TICK} [76ms]
D/ConnectivityService(  908): updateNetworkScore for NetworkAgentInfo [WIFI () - 212] to 56
D/ConnectivityService(  908): rematching NetworkAgentInfo [WIFI () - 212]
D/ConnectivityService(  908): Network NetworkAgentInfo [WIFI () - 212] was already satisfying request 1. No change.
D/ConnectivityService(  908): notifyType AVAILABLE for NetworkAgentInfo [WIFI () - 212]
I/ActivityManager(  908): START u0 {act=android.intent.action.MAIN cat=[android.intent.category.LAUNCHER] flg=0x10200000 cmp=br.com.procempa.mapaOffline/.MainActivity (has extras)} from uid 10050 on display 0
V/WindowManager(  908): addAppToken: AppWindowToken{33c6891 token=Token{161302b8 ActivityRecord{2c6ea11b u0 br.com.procempa.mapaOffline/.MainActivity t401}}} to stack=1 task=401 at 0
V/WindowManager(  908): Adding window Window{c4c33f7 u0 Starting br.com.procempa.mapaOffline} at 6 of 12 (after Window{5414079 u0 com.whatsapp/com.whatsapp.Conversation})
I/ActivityManager(  908): Start proc 2938:br.com.procempa.mapaOffline/u0a174 for activity br.com.procempa.mapaOffline/.MainActivity
D/ConnectivityService(  908): updateNetworkScore for NetworkAgentInfo [WIFI () - 212] to 60
D/ConnectivityService(  908): rematching NetworkAgentInfo [WIFI () - 212]
D/ConnectivityService(  908): Network NetworkAgentInfo [WIFI () - 212] was already satisfying request 1. No change.
D/ConnectivityService(  908): notifyType AVAILABLE for NetworkAgentInfo [WIFI () - 212]
V/WindowManager(  908): Adding window Window{3db64c83 u0 br.com.procempa.mapaOffline/br.com.procempa.mapaOffline.MainActivity} at 6 of 13 (before Window{c4c33f7 u0 Starting br.com.procempa.mapaOffline})
I/LaunchCheckinHandler(  908): Displayed br.com.procempa.mapaOffline/.MainActivity,cp,ca,647
I/SFPerfTracer(  226):      triggers: (rate: 2292:53515) (compose: 0:72) (post: 0:614) (render: 0:543) (8:901042 frames) (9:1266884)
D/SFPerfTracer(  226):        layers: (3:11) (FocusedStackFrame (0xb65a1000): 0:4766)* (DimLayer (0xb660c000): 0:257)* (DimLayer (0xb6614000): 0:12)* (DimLayer (0xb66a9000): 0:3346)* (DimLayer (0xb65ff000): 0:1293)* (StatusBar (0xb6616000): 9:176932) (com.android.systemui.ImageWallpaper (0xb6606000): 0:3813)* (NavigationBar (0xb660e000): 2:227) (com.android.launcher/com.android.launcher2.Launcher (0xb6604000): 0:14)- (Starting br.com.procempa.mapaOffline (0xb66a0000): 0:30)- (br.com.procempa.mapaOffline/br.com.procempa.mapaOffline.MainActivity (0xb6608000): 0:5) 
I/SFPerfTracer(  226):      triggers: (rate: 0:185) (93492 sw vsyncs) (0 skipped) (151:3536810 vsyncs) (153:4338137)
D/TaskPersister(  908): removeObsoleteFile: deleting file=400_task.xml
D/TaskPersister(  908): removeObsoleteFile: deleting file=400_task_thumbnail.png
F/google-breakpad( 3039): -----BEGIN BREAKPAD MICRODUMP-----
F/google-breakpad( 3039): V WebView:47.0.2526.100
F/google-breakpad( 3039): O A arm 02 armv7l motorola/ghost_retbr/ghost:5.1/LPA23.12-21.7/5:user/release-keys
F/google-breakpad( 3039): G OpenGL ES 3.0 V@84.0 AU@05.00.02.006.020 (CL@)|Qualcomm|Adreno (TM) 320
F/google-breakpad( 3039): S 0 A0473530 A0473000 00001000
F/google-breakpad( 3039): S A0473000 01000000503047A00700000015C8E0B6553047A001000000563047A002000000603047A0080000007418C5AF01000000943047A001000000F0D67BB404000000F43047A01D000000143547A00000000020F586B40000BB0B597BB456CD692B1E597BB456CD692B1E04FEE7B65010E1B61D0000000000000089C7E0B604FEE7B620F586B400400EA301000000E9CAE0B60802FFFF07000000FF030000943047A001000000F0D67BB404000000F43047A01D000000643047A04C8FC0B4FFFFFFFF6C0FC0AFFFFFFFFFAC05C0AF0850F2CE2C82E6AF0850F2CE04FEE7B6F43047A0F0D67BB40700000000000000DBCCE0B6143547A06172742F72756E74696D652F72756E74696D652E63633A3331345D200020286E6F206D616E6167656420737461636B206672616D65732900646174612F6170702F636F6D2E676F6F676C652E616E64726F69642E776562766965772D312F6C69622F61726D2F6C6962776562766965776368726F6D69756D2E736F20283F3F3F2900785F742A2C2074696D65
F/google-breakpad( 3039): S A0473180 7370656320636F6E73742A2C20696E74292B323829003536290076655F73716C635F3173745F31636F6C756D6E5F31746578745F316E61746976655F5F4A492B313032290031E5B6010000000100000000100000BC7FE8B600B6E7B60000000001000000A07FE8B600100000408DC0B4F83147A0311AE5B6103247A01D19E5B6E814C0AF01000000281AC0AF01000000F01EC0AF0010000001000000BC7FE8B601000000B4010000488DC0B400B6E7B6BC7FE8B6D08DC0B400000000B1FFFFFFA07FE8B6B476E8B6488DC0B40040DBAF0000C0AF7477E8B60040DBAF0000C0AF7477E8B6408FC0B4408DC0B44734E5B60000C0AFB477E8B600D0DBAF00000000B477E8B62000000000100000FF1F000020000000000000000090C0B4408FC0B40040DBAF0000C0AF20010000408DC0B4B476E8B60000000001000000253FE5B6200000000000C0AF8019DCAF6880C1AF04000000408FC0B46880C1AF04000000408FC0B400B6E7B6E884C1AF6915E6B604000000A08FC0B48080C1AF00000000
F/google-breakpad( 3039): S A0473300 03000000010000000080C1AFB07FE8B6C000000000020000846DCEAF6880C1AF0080C1AFE018DCAFD87FE8B603000000280000000000C0AFB837CFAF8080C1AF183447A0000000008080C1AF0400000004FEE7B60000000098D57BB4BCD57BB45CD57BB4C4DC7DB4A8DE7DB45CD57BB40400000001000000806DCEAF3CE17DB4E47FE8B6986B7FB4806DCEAF747B59B40080C1AFCC000000AA1D09000300000001000000806DCEAF00B08AB48077DBAF80717FB4447559B4806A7FB4103447A001000000806DCEAF78717FB4594FE2B6E0F42500607559B4F8837FB477BF72B400000000003BCFAFC8FB14B5A44ACAAF0000000003000000000000000D0000000D000000880200000000C0AFD02FC0AF408DC0B4010000006B0100005B2AE5B600000000010000000100000000000000806DCEAF0000C0AF88020000000000000D0000008502000000D00000BC7FE8B6488DC0B4AB2AE5B60D0000000100000000D0000000D00000408DC0B40080E8AF00B6E7B60000000000B6E7B600D00000
F/google-breakpad( 3039): S A0473480 488DC0B49F2CE5B60000000000D00000C099C0B400000000010000000080E8AF000000007F3BE5B60000000000D00000FFFFFFFF1FD100002884C1AF00400EA31BC1000004FEE7B6D4DC7BB4AFD1E5B6ECD67BB46CAA7FB4E47FE8B6EDD67BB404FEE7B6ECD67BB4806A7FB468B0C4B5010700000850F2CE843547A03A01000018C57EB4806DCEAFDFFFFFFF000000000412000000000000B83D47A0060000000B000000BB0B000000000000B999E2B6B03D47A00600000000000000583547A0ECCF7FB4D3A5E2B6543547A07D6DE2B60080E8AFDFFFFFFFFFFFFFFF843547A064BB7FB464CE7DB4843547A064BB7FB464CE7DB4F051E2B61300000003D471B4883647A00000000051000000430A0000883647A06CAA7FB451000000E5B359B4AC3547A020000000F03647A068B0C4B501AA7FB404FEE7B6510A0000430A0000009CE4AF0850F2CEA83647A0E06CCEAF68E67BB400000080643647A0643647A0F03647A000400EA36CAA7FB48B5B5AB4FFFFFFFF800000000B000000DB13E6B6
F/google-breakpad( 3039): S A0473600 000000000000000080000000086C7FB4C03647A0906B7FB4106B7FB4883647A004FEE7B668E67BB440BB7FB4BCDB7BB468E67BB480000000020000003E0000003F000000383747A0010000003E0000003F000000B93647A00000430081000000000043000000550000400EA30091CFAF00D289B400400EA34300000043000000003306B0D908E400E06CCEAF00000000F43306B0F43306B0E47FE8B6DC3647A0B83647A000400EA3510A0000420A0000009CE4AF00000000146C7FB4986B7FB468B0C4B50000000000000000000000000000D8AF420AD8AFFF0FD8AF01100000FF0F00000000D8AF420AD8AF10000000286C7FB40210000006000000000000000000000000000000BC3647A068B0C4B500000000000000000000000000000000000000000000000000000000000000000000000000000000000000002000000000BFD6AF0850F2CE00400EA30000000004FEE7B6F88C7EB400000000010000000100000090EE7BB40910C7AFC9605AB430847FB4A03747A06100000051000000
F/google-breakpad( 3039): S A0473780 C051DFAF0850F2CE00000000A9F07BB44C3847A06CAA7FB483865AB4D4EE7BB45CEC7BB4890000000810C7AFF9CC76B404FEE7B604FEE7B600400EA37CEE7BB4D4EE7BB4F8E67BB49CEE7BB458EE7BB40000000004FEE7B6443847A068E67BB4D4DC7BB4ACDC7BB468E67BB4BCDB7BB4D0DB7BB401000000000CD01200400EA30000000068E67BB400400EA30850F2CE010000004C3847A00091CFAF0810C7AF80F1EE120000000000400EA3C0FBDF7300000000B1215BB4A8F07BB40091CFAF0810C7AF000000000200000000400EA30091CFAF00D289B400400EA34300000055000000001C0CA5F88C7EB4200000000182C4AF791F0CA50091CFAFA876DBAF000000000DB10FA53C000000F5210EB0000000000000000080F1EE120000000070DFDF730000000001000000000CD0120000000004000000A876DBAF0000000000000000A876DBAF0000000080F1EE1200000000C0FBDF7300000000BB830FB0C0FBDF73A876DBAF000000000000000000000000000000000000000000000000
F/google-breakpad( 3039): S A0473900 00000000E0F1EE1280F1EE1298F4DF7300F1EE1200F1EE1200000000EBA00FB098F4DF7338B5886FE0B2EB129B84E97138B5886F08408B6F28E4DF730000000000F1EE1208408B6F4084EB121500000008408B6FE0B2EB1228E4DF7320F2EE1200F1EE120000000020F2EE1297B40FB028E4DF7310FEEA1203000000CB3400000000000060AEEB12C0E0EE1210FEEA12C08CEE1290B2EB120100000035000000D0B2EB1260AEEB1201000000E0B2EB1200400EA310FEEA120000000000F1EE1200000000E0B2EB1260AEEB1200000000000000000000000060AEEB12D0E4DF73C0E0EE1210FEEA1200000000B7B90FB0D0E4DF7360AEEB12C0E0EE1210FEEA12C08CEE120100000001000000000000000000000060AEEB1240FEEA1260FEEA1250FEEA12C08CEE120100000080B2EB12383C896F000000000000000040E3EE12A090EE12C0DD776FC0E0EE12000000000000000001000000A090EE12313CF071F87B896FD0EFEA128081EE12CF6E59B42822A16F0850F2CEC08CEE1280B2EB12
F/google-breakpad( 3039): S A0473A80 0000000060AEEB1278E3DF739091EE1240FEEA12D0EFEA1260FEEA12AD290EB078E3DF7360AEEB1240FEEA1260FEEA1250FEEA12C08CEE12D892896F0348D271785A0A700000000001000000F08606700000000050FEEA12C08CEE122B5BF171488C896FD892896FE0E8EA1200000000D0EFEA12C074C9120000000039FBF071D892896FD0EFEA12D06B7FB404FEE7B63880C1AF04FEE7B6010000007CEE7BB400000000C01AEB129CEE7BB458EE7BB40000002000000000010000000000000000B6E7B6E0E8EA12C074C912D886896FF03B47A000000000B83B47A08D5BF171D886896F0091CFAFECCF7FB40850F2CE1C3D47A0ADAA6BB4AE0C1000ADAA6BB4E0E8EA12C01AEB1288F8856F21FBD77188F8856F403D47A01C3D47A05FAB5AB4B03B47A0503C47A0D83B47A0395B59B400000000C01AEB1288F8856F84400EA300400EA388F8856F683C47A049D26DB4503C47A0761233700400000076123370503C47A004FEE7B6430000000000000000000000000000000000000000000000
F/google-breakpad( 3039): S A0473C00 0000000001000000343C47A00850F2CE08E13FA3000000000091CFAF503C47A0403C47A0403D47A088F8856FC01AEB1276123370B99971B4503C47A076123370746F7273683C47A0010000000F0000000000000000000000761233700100000004000000683C47A0C01AEB120850F2CE000000000091CFAF000000000850F2CEE47FE8B6FF05CFAF04FEE7B6B83D47A0103D47A0ECCF7FB4403D47A0419474B4320000006077EB12000000006BDC78B440000000F005CFAF0000000000400EA388D17FB4103D47A0ECCF7FB4203D47A004FDFFFF4D0373B4000000000000000000000000000000000000000040BB7FB404FEE7B6388283B4183D47A068E67BB4D4DC7BB468E67BB4BCDB7BB4D0DB7BB40100000000005500000000000000550000400EA30091CFAF00D289B400400EA343000000550000000000000000000000000043007800000088197E9E5DC4E2B6FFFFFFFF000000000000000000000000110000000F000000F005CFAF0850F2CEFFFFFFFF80197E9EC0197E9E80197E9E
F/google-breakpad( 3039): S A0473D80 7800000088197E9E88197E9E8D91E2B6B03D47A0AD91E2B68D91E2B688197E9E8D91E2B6D970E2B6B03D47A000000000B03D47A080197E9E1600000000000000000000000850F2CEC4197E9E0000000000000000FFFFFFFF000000000000000000E13FA3F06A08A3A86A08A3B06A08A3000000000000000000000000A052CEAF00400EA3000000000000000000000000C05EC4AF0000000000000000000000000000000000000000000000000000000000000000000000000000000000000000000000000000000000000000000000000000000000000000000000000000000000000000000000000000000000000000000000000000000000000000000000000000000000000000000000000000000000000000000000000000000000000000000000000000000000000000000000000000000000000000000000000000000000000000000000000000000000000000000000000000000000000000000000000000000000000000000000000000000000000000000000000000000000000000
F/google-breakpad( 3039): S A0473F00 00000000000000000000000000000000000000000000000000000000000000000000000000000000000000000000000000000000000000000000000000000000000000000000000000000000000000000000000000000000000000000000000000000000000000000000000000000000000000000000000000000000000000000000000000000000000000000000000000000000000000000000000000000000000000000000000000000000000000000000000000000000000000000000000000000000000000000000000000000000000000000000000000000000000000000000000000000000000000000000000000000000000000000000000000000000
F/google-breakpad( 3039): C 0600004000000000BB0B00000600000000000000B83D47A0060000000B0000000C0100000000000020F586B400400EA301000000BB0B0000303547A0C199E2B64CDBE4B6100007600000000000000000000000000000000000000000000000000000000000000000000000000000000000000000000000000000000000000000000000000000000000000000000000000000000000000000000000000000000000000000000000000000000000000000000000000000000000000000000000000000000000000000000000000000000000000000000000000000000000000000000000000000000000000000000000000000000000000000000000000000000000000000000000000000000000000000000000000000000000000000000000000000000000000000000000000000000000000000000000000000000000000000000000000000000000000000000000000000000000000000000000000000000000000000000000000000000000000000
F/google-breakpad( 3039): M B6FB4000 00000000 00003000 377EC2392EEE3DFEC5C99742DF4AEA850 app_process32
F/google-breakpad( 3039): M A3671000 00000000 00005000 65709DDB7844CB23300C0EF48C8391510 libqdutils.so
F/google-breakpad( 3039): M A3676000 00000000 00005000 717D2EB6B02E838A66CB2D3E923A0FE70 libmemalloc.so
F/google-breakpad( 3039): M A367B000 00000000 00006000 C5AD083516AC2EE7287740722D13BFD00 gralloc.msm8960.so
F/google-breakpad( 3039): M A49A4000 00000000 0046B000 F6C80A8EB049C2AC7BCD6E22DE3D54360 libsc-a3xx.so
F/google-breakpad( 3039): M A50A6000 00000000 00067000 01022CF54C7479A869F8BE664FC4EE230 libsqlc-native-driver.so
F/google-breakpad( 3039): M A6743000 00000000 01BD4000 0E370D65AC05F48D3821C792FCDA43B50 libwebviewchromium.so
F/google-breakpad( 3039): M ACB43000 00000000 00003000 92AEC9935A8E5A07D59E3868060A5F2E0 libwebviewchromium_loader.so
F/google-breakpad( 3039): M ACB46000 00000000 00008000 F2B1298EE4C6EA0900CDACD17FB5C16B0 libcompiler_rt.so
F/google-breakpad( 3039): M ACB4E000 00000000 00010000 62690FE7B4748EF8151B01903B27608D0 libandroid.so
F/google-breakpad( 3039): M ACB5E000 00000000 0013B000 9C07AB9E6D41D8E1E824C6914C4DA80F0 libGLESv2_adreno.so
F/google-breakpad( 3039): M ACC9A000 00000000 00034000 CF692CC2042CC03999A6210A4668E2EF0 libGLESv1_CM_adreno.so
F/google-breakpad( 3039): M ACCCE000 00000000 00026000 E16AB8458B6B2A7B6C3478BAEB31C4CF0 libgsl.so
F/google-breakpad( 3039): M ACCF5000 00000000 00004000 EB49C5D6528506CB9B372BB982BA92C20 libadreno_utils.so
F/google-breakpad( 3039): M ACCFA000 00000000 00029000 C29A614A484EC8848AF5ACCAD72F030E0 libEGL_adreno.so
F/google-breakpad( 3039): M AD32B000 00000000 00018000 51F65787C45EB52D7DF5EA320CB179AF0 libjavacrypto.so
F/google-breakpad( 3039): M AD343000 00000000 00009000 8452CE587CC6C1496722726A3DA08AD80 librs_jni.so
F/google-breakpad( 3039): M AD34C000 00000000 00006000 417FA8AD15AC242EB4DF5082BFE52CEE0 libaudioeffect_jni.so
F/google-breakpad( 3039): M AD352000 00000000 00004000 CDA9BA072D4DECC71C5E63467275E7EE0 libsoundpool.so
F/google-breakpad( 3039): M AD356000 00000000 0001B000 F59669C665FE4B073886A8DAAECEA86F0 libvorbisidec.so
F/google-breakpad( 3039): M AD371000 00000000 00004000 9FC00D0B150FE9FC57763A76206D1D550 libstagefright_yuv.so
F/google-breakpad( 3039): M AD375000 00000000 00022000 C2E86F2EB7B15B4230462BD600BB98850 libstagefright_omx.so
F/google-breakpad( 3039): M AD397000 00000000 0003C000 F19A7DFF3B6F3AF94EAE23CA11905BAD0 libopus.so
F/google-breakpad( 3039): M AD3D3000 00000000 0001B000 87AFCC5E47ED503148F1AA03777E88590 libdrmframework.so
F/google-breakpad( 3039): M AD3EE000 00000000 0000E000 D02CB251CF8787A770DE2CFDC52A2B040 libstagefright_amrnb_common.so
F/google-breakpad( 3039): M AD3FC000 00000000 00132000 E6069AC0EB07ACAEAE682B398D89D4D10 libstagefright.so
F/google-breakpad( 3039): M AD52E000 00000000 00017000 459F7205A270FE376472C3CDBD1F29B20 libmtp.so
F/google-breakpad( 3039): M AD545000 00000000 0002C000 512DAAC681257789E71C0FCD483BC6A10 libexif.so
F/google-breakpad( 3039): M AD571000 00000000 0003E000 B46189AFDA2BF396FF01B4CE2008BF0F0 libmedia_jni.so
F/google-breakpad( 3039): M AF9E8000 00000000 00003000 38BBCD36F7E30531E1B5E4A5EF6801780 memtrack.msm8960.so
F/google-breakpad( 3039): M B0000000 00000000 00003000 8FF5949AE957364C270D0F448DAD4FE20 libjnigraphics.so
F/google-breakpad( 3039): M B0003000 00000000 0000B000 D2AB743CCCD8D2EB9B66A47707CC1E530 libjhead.so
F/google-breakpad( 3039): M B0057000 00000000 0000C000 06DBF98091A8123FC1BCCC75F49D6CFB0 eglsubAndroid.so
F/google-breakpad( 3039): M B14FF000 00000000 00038000 FE4EB356A2DF9D6013F3C471876ED1C20 libjavacore.so
F/google-breakpad( 3039): M B3C06000 00000000 00004000 F007D0E8B4B1447628068777E701EBBC0 libwebviewchromium_plat_support.so
F/google-breakpad( 3039): M B44F4000 00000000 00308000 A9C6AC7258E0C858A38D42A073C7A7520 libart.so
F/google-breakpad( 3039): M B5000000 00000000 00003000 E11DA546CE9E08D1D647E8E1135DAD810 libstagefright_enc_common.so
F/google-breakpad( 3039): M B5003000 00000000 00007000 741CC494F5299870A1C62FD71E37AE5F0 libstagefright_avc_common.so
F/google-breakpad( 3039): M B5143000 00000000 00003000 133BEE27C6351072BEF5780E5368857F0 libsigchain.so
F/google-breakpad( 3039): M B5148000 00000000 00009000 366EEBA5DDD843690FBD36EEF9604ACB0 libbacktrace_libc++.so
F/google-breakpad( 3039): M B5172000 00000000 00005000 D3EA22EB9F383751AB500AE5951F0DB30 libpowermanager.so
F/google-breakpad( 3039): M B5177000 00000000 0000F000 E43E7FA869E4BCDAA3CC9601DF5A6A520 libcommon_time_client.so
F/google-breakpad( 3039): M B5186000 00000000 0003D000 4737D9B437500703277EA2FEC551A56A0 libbcinfo.so
F/google-breakpad( 3039): M B51C3000 00000000 00024000 744D4EF3EA647DC8C22E5035844D41990 libbcc.so
F/google-breakpad( 3039): M B5207000 00000000 00938000 15C2EA55ED53B1B50EB94E54A0BF2ECE0 libLLVM.so
F/google-breakpad( 3039): M B5B46000 00000000 00004000 7AE0C00FAEDEA3E81109CC784D49A6960 libunwind-ptrace.so
F/google-breakpad( 3039): M B5B4A000 00000000 0000E000 FEC52DCEA9703BC3D04786B7558687FF0 libunwind.so
F/google-breakpad( 3039): M B5B9E000 00000000 00007000 3874D35A672DF92604963290963F44990 libgccdemangle.so
F/google-breakpad( 3039): M B5BA5000 00000000 00012000 1ED721809D4ADEC8823197FA7B47EA470 libpcre.so
F/google-breakpad( 3039): M B5BB7000 00000000 00094000 B169DDD386671F04347022ABD49F6F890 libc++.so
F/google-breakpad( 3039): M B5C4C000 00000000 00028000 CE57DAFBAD37BA47A3BD195C934E83040 libpng.so
F/google-breakpad( 3039): M B5C74000 00000000 0005B000 65A30D6CAD23E6191010184F02D9B3E10 libft2.so
F/google-breakpad( 3039): M B5CD1000 00000000 00017000 6277772E2C87892DB67F815EBEBEBD810 libstagefright_foundation.so
F/google-breakpad( 3039): M B5CE8000 00000000 0000A000 6B713D36804D7F05D55318F859E1E1400 libnbaio.so
F/google-breakpad( 3039): M B5CF2000 00000000 00006000 F4F99E4A6E63BF8C8005D96B2BAC8CEB0 libgabi++.so
F/google-breakpad( 3039): M B5CF8000 00000000 0001D000 E9848AA3BE862BD6B2674174F38D42020 libRScpp.so
F/google-breakpad( 3039): M B5D15000 00000000 0003A000 C6E1A4292A80C08C45DACF37941651EE0 libRS.so
F/google-breakpad( 3039): M B5D4F000 00000000 00005000 4E8926B7F3B40489DDA2954EC97B8D220 libwpa_client.so
F/google-breakpad( 3039): M B5D54000 00000000 00003000 2D9083CB8C22C02E1412DA13B1CA43AE0 libsync.so
F/google-breakpad( 3039): M B5D57000 00000000 00006000 AC1D054A26491BE96E8BCCB1E5F2926F0 libspeexresampler.so
F/google-breakpad( 3039): M B5D5D000 00000000 00071000 A12BAF7D82BE28EC681730452D351E880 libGLES_trace.so
F/google-breakpad( 3039): M B5DCE000 00000000 0000A000 5A3201787CDD7A2DAD894090C92E2C0E0 libbacktrace.so
F/google-breakpad( 3039): M B5DD8000 00000000 0001A000 03AD92B0BEDAA751C0016E97AE374CAE0 libz.so
F/google-breakpad( 3039): M B5DF2000 00000000 00006000 64B8DC6F549681A57A8F2D2F22BBB0690 libusbhost.so
F/google-breakpad( 3039): M B5DF9000 00000000 0000C000 4C6A0B2187C2251719402BE7365536730 libui.so
F/google-breakpad( 3039): M B5E05000 00000000 0003B000 2FE003E5119C67BABE1A9FAB459A5A5D0 libstlport.so
F/google-breakpad( 3039): M B5E40000 00000000 00041000 A87224550AFBAF5C1BC6A39F93D20C130 libssl.so
F/google-breakpad( 3039): M B5E81000 00000000 000FF000 C8874FF4F4326BA7F3F4CA6B0B40E5190 libsqlite.so
F/google-breakpad( 3039): M B5F80000 00000000 0000F000 F954BA248E12C9AF32F54434F977FEF80 libsoundtrigger.so
F/google-breakpad( 3039): M B5F8F000 00000000 00052000 2577A241CD97AC4587741061E5E2BC950 libsonivox.so
F/google-breakpad( 3039): M B5FE6000 00000000 00231000 636496D8A70CB3506BFAC66F555B0EC30 libskia.so
F/google-breakpad( 3039): M B621C000 00000000 0000F000 11327F5AE73AEFA7E50E693F0548A3010 libselinux.so
F/google-breakpad( 3039): M B622B000 00000000 00004000 4E6C8C876BA563C3C4B0B3BA562093920 libprocessgroup.so
F/google-breakpad( 3039): M B622F000 00000000 0045B000 83C5B450634DDB5C4FC41CA61A35B3740 libpdfium.so
F/google-breakpad( 3039): M B668F000 00000000 00007000 ADCE932B3390EC21752A7A6149AA6DA60 libnetutils.so
F/google-breakpad( 3039): M B6696000 00000000 00004000 9DD43767890F53F4803405F1920CD2EF0 libnetd_client.so
F/google-breakpad( 3039): M B669B000 00000000 00007000 75FE2C03B4B2120A8CFB0974E91F1E880 libnativehelper.so
F/google-breakpad( 3039): M B66A2000 00000000 00004000 6AAFF7E8CE1BD875991E2F25761D14760 libnativebridge.so
F/google-breakpad( 3039): M B66A7000 00000000 0000C000 1CA7BC0790E903E9229128A166929FEB0 libminikin.so
F/google-breakpad( 3039): M B66B3000 00000000 00003000 CCA8BE0D07D24523C8D02FEE5F724EA70 libmemtrack.so
F/google-breakpad( 3039): M B66B6000 00000000 0009D000 A59D88BBAF43DA7ED5D844FD5AF54D6C0 libmedia.so
F/google-breakpad( 3039): M B6753000 00000000 00033000 EFC20D03341A8FDDD720FFD4FC9C44EA0 libjpeg.so
F/google-breakpad( 3039): M B6786000 00000000 0003C000 C26E0CE9070BDBBD11575C281FBC08140 libinputflinger.so
F/google-breakpad( 3039): M B67C2000 00000000 0001B000 74F168449838583071D83A6436D107740 libinput.so
F/google-breakpad( 3039): M B67DD000 00000000 0000F000 40DF8D62DE420FD303DF8B12AFD7D5000 libimg_utils.so
F/google-breakpad( 3039): M B67EC000 00000000 00110000 1BE5D66B75FDE88B86D7E83065EE37160 libicuuc.so
F/google-breakpad( 3039): M B6900000 00000000 00167000 237F53C12084A7F42405B410FDE8B4020 libicui18n.so
F/google-breakpad( 3039): M B6A67000 00000000 0004D000 89EEAC86DE35AA19D88F9129189700650 libhwui.so
F/google-breakpad( 3039): M B6AB5000 00000000 00048000 AC5AE16EC01F4362C8E63DF66565090D0 libharfbuzz_ng.so
F/google-breakpad( 3039): M B6AFD000 00000000 00008000 DB0063C00AA09F3A1A774F42D78689CF0 libhardware_legacy.so
F/google-breakpad( 3039): M B6B06000 00000000 00003000 914425D16565257955F7E1574360B71F0 libhardware.so
F/google-breakpad( 3039): M B6B09000 00000000 0004F000 37CDD5F6AE8DEE3414D8C916B78C88690 libgui.so
F/google-breakpad( 3039): M B6B58000 00000000 00017000 B98E65710C415C83E972EBDC1EB52AC00 libexpat.so
F/google-breakpad( 3039): M B6B6F000 00000000 0015F000 3E90D4999361F43D859D8C3CCC5140330 libcrypto.so
F/google-breakpad( 3039): M B6CD1000 00000000 00008000 FD57BD3754F1C9D63F3F9E1E550B9E950 libcamera_metadata.so
F/google-breakpad( 3039): M B6CD9000 00000000 0003B000 66F06EF97E0823332BAB91EDAF35A1B30 libcamera_client.so
F/google-breakpad( 3039): M B6D14000 00000000 00006000 C7B066E606462D658A4D7A9F2EAA61D80 libaudioutils.so
F/google-breakpad( 3039): M B6D1A000 00000000 00026000 42872CCFC8178A26833DFC1C5068DA740 libandroidfw.so
F/google-breakpad( 3039): M B6D40000 00000000 0000B000 E2F67EE50006FD0ED1482E1463C5CCFF0 libGLESv2.so
F/google-breakpad( 3039): M B6D4B000 00000000 00007000 EFE6AB19F4060BCECF8CF0E68958C2F60 libGLESv1_CM.so
F/google-breakpad( 3039): M B6D53000 00000000 00004000 C91EAF69D18F0D499BD58532BBA173690 libETC1.so
F/google-breakpad( 3039): M B6D57000 00000000 00068000 92714C4D425611328101DB55FDE48EFD0 libEGL.so
F/google-breakpad( 3039): M B6DC2000 00000000 00005000 34F3B6B289EE32A2E139717CDF8295E00 libcnefeatureconfig.so
F/google-breakpad( 3039): M B6DC8000 00000000 00018000 4929CACB90B1756D54AABC210956A8720 libutils.so
F/google-breakpad( 3039): M B6DE0000 00000000 00004000 00A2FABEF44A19B2E7F1792148994BA30 libstdc++.so
F/google-breakpad( 3039): M B6DE4000 00000000 00019000 AE3467401278371A956801500FC8187D0 libm.so
F/google-breakpad( 3039): M B6DFD000 00000000 00008000 B998FDEB56F7594D163EA469FE08B6D30 liblog.so
F/google-breakpad( 3039): M B6E05000 00000000 0000D000 1370FC0D6014E3F9B189E9E41C19D7390 libcutils.so
F/google-breakpad( 3039): M B6E12000 00000000 0006D000 C3D0BC032816EB6A288E7FB33509F2B90 libc.so
F/google-breakpad( 3039): M B6E88000 00000000 00030000 ACE63A0E3012450D39746D59E61167700 libbinder.so
F/google-breakpad( 3039): M B6EB8000 00000000 000E0000 8B5698C765DD031E2AF2F548778CBF140 libandroid_runtime.so
F/google-breakpad( 3039): M B6F98000 00000000 00005000 79930F04B4B541442F6C29EF85B0B6150 libNimsWrap.so
F/google-breakpad( 3039): M B6FA3000 00000000 0000D000 8FF02E921DD9BF0B16FED98A1BA4FAF70 linker
F/google-breakpad( 3039): -----END BREAKPAD MICRODUMP-----
F/libc    ( 2938): Fatal signal 6 (SIGABRT), code -6 in tid 3003 (pool-1-thread-2)
I/DEBUG   (  252): *** *** *** *** *** *** *** *** *** *** *** *** *** *** *** ***
I/DEBUG   (  252): Build fingerprint: 'motorola/ghost_retbr/ghost:5.1/LPA23.12-21.7/5:user/release-keys'
I/DEBUG   (  252): Revision: 'p300'
I/DEBUG   (  252): ABI: 'arm'
I/DEBUG   (  252): pid: 2938, tid: 3003, name: pool-1-thread-2  >>> br.com.procempa.mapaOffline <<<
I/DEBUG   (  252): signal 6 (SIGABRT), code -6 (SI_TKILL), fault addr --------
I/DEBUG   (  252): Abort message: 'art/runtime/check_jni.cc:65] JNI DETECTED ERROR IN APPLICATION: input is not valid Modified UTF-8: illegal start byte 0x89'
I/DEBUG   (  252):     r0 00000000  r1 00000bbb  r2 00000006  r3 00000000
I/DEBUG   (  252):     r4 a0473db8  r5 00000006  r6 0000000b  r7 0000010c
I/DEBUG   (  252):     r8 00000000  r9 b486f520  sl a30e4000  fp 00000001
I/DEBUG   (  252):     ip 00000bbb  sp a0473530  lr b6e299c1  pc b6e4db4c  cpsr 60070010
I/DEBUG   (  252): 
I/DEBUG   (  252): backtrace:
I/DEBUG   (  252):     #00 pc 0003bb4c  /system/lib/libc.so (tgkill+12)
I/DEBUG   (  252):     #01 pc 000179bd  /system/lib/libc.so (pthread_kill+52)
I/DEBUG   (  252):     #02 pc 000185cf  /system/lib/libc.so (raise+10)
I/DEBUG   (  252):     #03 pc 00014d79  /system/lib/libc.so (__libc_android_abort+36)
I/DEBUG   (  252):     #04 pc 000131ec  /system/lib/libc.so (abort+4)
I/DEBUG   (  252):     #05 pc 002293ff  /system/lib/libart.so (art::Runtime::Abort()+170)
I/DEBUG   (  252):     #06 pc 000a73e1  /system/lib/libart.so (art::LogMessage::~LogMessage()+1360)
I/DEBUG   (  252):     #07 pc 000b1b87  /system/lib/libart.so (art::JniAbort(char const*, char const*)+1118)
I/DEBUG   (  252):     #08 pc 000b20c5  /system/lib/libart.so (art::JniAbortF(char const*, char const*, ...)+68)
I/DEBUG   (  252):     #09 pc 000b467f  /system/lib/libart.so (_ZN3art11ScopedCheck5CheckEbPKcz.constprop.129+922)
I/DEBUG   (  252):     #10 pc 000be1ad  /system/lib/libart.so (art::CheckJNI::NewStringUTF(_JNIEnv*, char const*)+44)
I/DEBUG   (  252):     #11 pc 0005510b  /data/app/br.com.procempa.mapaOffline-1/lib/arm/libsqlc-native-driver.so (Java_io_liteglue_SQLiteNative_sqlc_1st_1column_1text_1native__JI+26)
I/DEBUG   (  252):     #12 pc 000041f3  /data/dalvik-cache/arm/data@app@br.com.procempa.mapaOffline-1@base.apk@classes.dex
W/ActivityManager(  908):   Force finishing activity 1 br.com.procempa.mapaOffline/.MainActivity
I/BootReceiver(  908): Copying /data/tombstones/tombstone_07 to DropBox (SYSTEM_TOMBSTONE)
I/WindowState(  908): WIN DEATH: Window{3db64c83 u0 br.com.procempa.mapaOffline/br.com.procempa.mapaOffline.MainActivity}
W/ActivityManager(  908): Exception thrown during pause
W/ActivityManager(  908): android.os.DeadObjectException
W/ActivityManager(  908): 	at android.os.BinderProxy.transactNative(Native Method)
W/ActivityManager(  908): 	at android.os.BinderProxy.transact(Binder.java:496)
W/ActivityManager(  908): 	at android.app.ApplicationThreadProxy.schedulePauseActivity(ApplicationThreadNative.java:711)
W/ActivityManager(  908): 	at com.android.server.am.ActivityStack.startPausingLocked(ActivityStack.java:829)
W/ActivityManager(  908): 	at com.android.server.am.ActivityStack.finishActivityLocked(ActivityStack.java:2749)
W/ActivityManager(  908): 	at com.android.server.am.ActivityStack.finishTopRunningActivityLocked(ActivityStack.java:2606)
W/ActivityManager(  908): 	at com.android.server.am.ActivityStackSupervisor.finishTopRunningActivityLocked(ActivityStackSupervisor.java:2544)
W/ActivityManager(  908): 	at com.android.server.am.ActivityManagerService.handleAppCrashLocked(ActivityManagerService.java:11721)
W/ActivityManager(  908): 	at com.android.server.am.ActivityManagerService.makeAppCrashingLocked(ActivityManagerService.java:11618)
W/ActivityManager(  908): 	at com.android.server.am.ActivityManagerService.crashApplication(ActivityManagerService.java:12330)
W/ActivityManager(  908): 	at com.android.server.am.ActivityManagerService.handleApplicationCrashInner(ActivityManagerService.java:11819)
W/ActivityManager(  908): 	at com.android.server.am.NativeCrashListener$NativeCrashReporter.run(NativeCrashListener.java:86)
I/ActivityManager(  908): Process br.com.procempa.mapaOffline (pid 2938) has died
V/AlarmManager(  908): sending alarm {122d4f2d type 3 *alarm*:com.google.android.gms/.lockbox.LockboxAlarmReceiver}
V/AlarmManager(  908): done {122d4f2d, *alarm*:com.google.android.gms/.lockbox.LockboxAlarmReceiver} [149ms]
W/InputMethodManagerService(  908): Got RemoteException sending setActive(false) notification to pid 2938 uid 10174
I/SFPerfTracer(  226):      triggers: (rate: 2292:53517) (compose: 0:72) (post: 0:614) (render: 0:543) (0:901127 frames) (1:1266984)
D/SFPerfTracer(  226):        layers: (4:11) (FocusedStackFrame (0xb65a1000): 0:4768)* (DimLayer (0xb660c000): 0:257)* (DimLayer (0xb6614000): 0:12)* (DimLayer (0xb66a9000): 0:3346)* (DimLayer (0xb65ff000): 0:1293)* (StatusBar (0xb6616000): 1:176945) (com.android.systemui.ImageWallpaper (0xb6606000): 0:3815) (NavigationBar (0xb660e000): 1:234) (br.com.procempa.mapaOffline/br.com.procempa.mapaOffline.MainActivity (0xb6608000): 0:88)- (com.android.launcher/com.android.launcher2.Launcher (0xb6608000): 1:6) (Application Error: br.com.procempa.mapaOffline (0xb6604000): 1:9)* 
D/ConnectivityService(  908): updateNetworkScore for NetworkAgentInfo [WIFI () - 212] to 56
D/ConnectivityService(  908): rematching NetworkAgentInfo [WIFI () - 212]
D/ConnectivityService(  908): Network NetworkAgentInfo [WIFI () - 212] was already satisfying request 1. No change.
D/ConnectivityService(  908): notifyType AVAILABLE for NetworkAgentInfo [WIFI () - 212]
I/SFPerfTracer(  226):      triggers: (rate: 0:185) (93492 sw vsyncs) (0 skipped) (16:3536880 vsyncs) (18:4338239)
D/ConnectivityService(  908): updateNetworkScore for NetworkAgentInfo [WIFI () - 212] to 60
D/ConnectivityService(  908): rematching NetworkAgentInfo [WIFI () - 212]
D/ConnectivityService(  908): Network NetworkAgentInfo [WIFI () - 212] was already satisfying request 1. No change.
D/ConnectivityService(  908): notifyType AVAILABLE for NetworkAgentInfo [WIFI () - 212]
V/AlarmManager(  908): sending alarm {19e72efe type 3 *alarm*:android.intent.action.TIME_TICK}
V/AlarmManager(  908): done {19e72efe, *alarm*:android.intent.action.TIME_TICK} [64ms]
I/SFPerfTracer(  226):      triggers: (rate: 0:185) (93492 sw vsyncs) (0 skipped) (0:3536880 vsyncs) (1:4338340)
W/InputMethodManagerService(  908): Window already focused, ignoring focus gain of: com.android.internal.view.IInputMethodClient$Stub$Proxy@3eb309de attribute=null, token = android.os.BinderProxy@20d2ccb
V/AlarmManager(  908): sending alarm {122d4f2d type 3 *alarm*:com.google.android.gms/.lockbox.LockboxAlarmReceiver}
V/AlarmManager(  908): done {122d4f2d, *alarm*:com.google.android.gms/.lockbox.LockboxAlarmReceiver} [7ms]
D/ConnectivityService(  908): updateNetworkScore for NetworkAgentInfo [WIFI () - 212] to 56
D/ConnectivityService(  908): rematching NetworkAgentInfo [WIFI () - 212]
D/ConnectivityService(  908): Network NetworkAgentInfo [WIFI () - 212] was already satisfying request 1. No change.
D/ConnectivityService(  908): notifyType AVAILABLE for NetworkAgentInfo [WIFI () - 212]
D/ConnectivityService(  908): updateNetworkScore for NetworkAgentInfo [WIFI () - 212] to 60
D/ConnectivityService(  908): rematching NetworkAgentInfo [WIFI () - 212]
D/ConnectivityService(  908): Network NetworkAgentInfo [WIFI () - 212] was already satisfying request 1. No change.
D/ConnectivityService(  908): notifyType AVAILABLE for NetworkAgentInfo [WIFI () - 212]
V/AlarmManager(  908): sending alarm {a8d134e type 2 *walarm*:com.facebook.rti.mqtt.keepalive.KeepaliveManager.ACTION_INEXACT_ALARM.MqttLite.com.facebook.katana}
V/AlarmManager(  908): done {a8d134e, *walarm*:com.facebook.rti.mqtt.keepalive.KeepaliveManager.ACTION_INEXACT_ALARM.MqttLite.com.facebook.katana} [23ms]
